=== limitup数据核对 20260909: 30/30 通过 ===
  ✓ ticker 涨停数=48
  ✓ ticker 温度=24.0
  ✓ hero区 涨停数=48
  ✓ hero区 炸板数=27
  ✓ hero区 跌停数=7
  ✓ hero区 温度=24.0
  ✓ ticker 最高板=5
  ✓ hero 最高板=5
  ✓ 手写区梯队提炼(含4档中的≥1档)
  ✓ 温度卡梯队 1板=33
  ✓ 温度卡梯队 2板=10
  ✓ 温度卡梯队 3板=4
  ✓ 温度卡梯队 5板=1
  ✓ ticker 高标股名(最高5连板=百大集团)
  ✓ hero 高标股名(最高5连板=百大集团)
  ✓ Top5 悦心健康 抓龙17.6%
  ✓ Top5 泸天化 抓龙17.3%
  ✓ Top5 中水渔业 抓龙16.4%
  ✓ Top5 招商轮船 抓龙16.3%
  ✓ Top5 安德利 抓龙16.0%
  ✓ 台账日块行数=48 vs 池=48
  ✓ 归位档 A48
  ✓ 归位档 B0
  ✓ 归位档 C0
  ✓ 归位映射=池数
  ✓ 归位线=bodies组
  ✓ HTML div平衡 开1037闭1037
  ✓ rowA 在 wrap 内
  ✓ ticker闭合数=4(应4)
  ✓ 一句话高标=映射最高板
PASS 全部一致
