  (WARN) 6有行业口径合计13 < 对链条48——口径注:未归位不计入偏保守, 合法
  ✓ 结构化产物 题材生命周期判断_20260909.json 键齐全  [OK]
  ✓ 结构化产物 题材生命周期判断_20260909.json 逐线判断≥3条  [实际47条]
  ✓ 结构化产物 题材龙头判断_20260909.json 键齐全  [OK]
  ✓ 机器锚 THEMEBATTLE 开闭成对  [开1/闭1]
  ✓ 机器锚 6YOU 开闭成对  [开1/闭1]
  ✓ 机器锚 FOURDIM 开闭成对  [开1/闭1]
  ✓ 机器锚 LIFECYCLE 开闭成对  [开1/闭1]
  ✓ h2 板块一 唯一  [出现1次]
  ✓ h2 板块二 唯一  [出现1次]
  ✓ h2 板块三 唯一  [出现1次]
  ✓ h2 板块四 唯一  [出现1次]
  ✓ h2 板块五 唯一  [出现1次]
  ✓ h2 五板块齐全(板块四龙头识别已并入矩阵)  [实际5个]
  ✓ PAPERTRADE 锚开闭配对  [开1/闭1]
  ✓ 题材归位(唯一真源)存在
  ✓ 涨停对链条存在
  ✓ 主流题材6有存在
  ✓ 四维含当日条目
  ✓ judgment存在
  ✓ zt_pool存在
  ✓ 对链条涨停总数==归位映射数+待归位数  [对链条48 vs 归位48+待归位0]
  ✓ 每线家数 归位==对链条  [一致]
  ✓ 归位大方向数==对链条题材线数  [归位47 vs 对链条47]
  ✓ 待归位仅ST股(非ST待归位=归位不完整)  [仅0只ST股(独立行情合法)]
  ✓ 归位覆盖==zt_pool非ST涨停(ST股独立行情不归题材)  [zt非ST48 vs 归位48; 差=0]
  ✓ 6有题材列表非空  [4条]
  ✓ 6有得分∈1-6
  ✓ 6有判定枚举合法  [{'分支'}]
  ✓ 四维每线字段完整(含环比/晋级率显式)  [完整]
  ✓ 四维线数==归位大方向数  [四维47 vs 归位47]
  ✓ 四维高度==对链条最高连板  [一致]
  ✓ bodies.theme 存在(题材命门判断产物)  [1KB]
  ✓ bodies h2板块一 存在
  ✓ bodies h2板块二 存在
  ✓ bodies h2板块三 存在
  ✓ bodies h2板块四 存在
  ✓ bodies h2板块五 存在
  ✓ judgment bodies 多路齐全  [8路]
  ✓ bodies.theme 内代码∈zt_pool  [全在池内]
  ✓ 战场全貌含 Top1 归位线  [商业零售]
  ✓ 6有卡含 Top1 题材  [农产品加]
  ✓ 四维卡含最宽线  [商业零售]
  ✓ fact归位ABC==归位文件实算  [fact A48/B0/C0 vs 实算 A48/BNone/CNone]
  ✓ fact题材线数==对链条  [fact47 vs 对链条47]
PASS 全部一致 (44项)
