  0%|          | 0/10 [00:00<?, ?it/s] 10%|█         | 1/10 [00:00<00:02,  4.30it/s] 20%|██        | 2/10 [00:00<00:01,  4.34it/s] 30%|███       | 3/10 [00:00<00:01,  4.44it/s] 40%|████      | 4/10 [00:00<00:01,  4.54it/s] 50%|█████     | 5/10 [00:01<00:01,  4.44it/s] 60%|██████    | 6/10 [00:01<00:00,  4.55it/s] 70%|███████   | 7/10 [00:01<00:00,  4.50it/s] 80%|████████  | 8/10 [00:01<00:00,  4.59it/s] 90%|█████████ | 9/10 [00:02<00:00,  4.49it/s]100%|██████████| 10/10 [00:02<00:00,  4.62it/s]                                               OK D:\股票数据\市场数据\_学习\中报预增雷达_20260907.json
{"预告池(净利润·预增扭亏)": 796, "剔ST退N/C": 19, "未发酵候选": 591, "其中概念叠加": 455, "已发酵(对照)": 55, "其中刚点火": 17, "预期已兑现(r250≥100%)": 98, "行情缺失": 33, "成色A共振": 115, "成色B概念蹭": 253, "成色C低质": 87}
活跃线: 零售消费,算力/液冷,机器人,AI/信创,航运,农业,化工,医药,传媒/出版,消费/黄酒,农业/养殖(猪周期),农业/渔业,传媒/影视,建材,消费/食品,大消费/食品,农业/种业,农业/养殖,商业百货/零售,光模块/通信,高端制造/设备,PCB/电子元件,地产链,大消费/家电,大消费/纺服,汽车零部件,农业/农化,AI算力,高端制造/自动化,商业航天,人形机器人,创新药
成色: A共振115 B蹭253 C低质87
 A 9 000990 诚志股份 化工类 自动初判 | 动因词:化工(题材业务=业绩来源)
 A 9 001298 好上好 机器人/人形类 自动初判 | 动因词:机器人(题材业务=业绩来源)
 A 9 000818 航锦科技 AI算力类 自动初判 | 动因词:化工,智算,算力(题材业务=业绩来源)
 A 8 002611 东方精工 机器人/人形类 自动初判 | 动因词:设备;含非经常增厚(出售),幅度打折
 A 8 301099 雅创电子 机器人/人形类 自动初判 | 动因词:AI算力,算力(题材业务=业绩来源)
 A 8 002174 游族网络 传媒类 自动初判 | 动因词:游戏(题材业务=业绩来源)
 A 8 001339 智微智能 机器人/人形类 自动初判 | 动因词:AI算力,智算,算力(题材业务=业绩来源)
 A 8 600596 新安股份 机器人/人形类 自动初判 | 动因词:化工(题材业务=业绩来源)
 A 8 002148 北纬科技 传媒类 自动初判 | 动因词:游戏;含非经常增厚(一次性,递延确认),幅度打折
 A 8 300184 力源信息 机器人/人形类 自动初判 | 动因词:GPU,光模块,服务器,算力(题材业务=业绩来源)
 A 8 002923 润都股份 医药类 自动初判 | 动因词:医药(题材业务=业绩来源)
 A 8 605136 丽人丽妆 商业百货/零售类 自动初判 | 动因词:零售(题材业务=业绩来源)
 A 8 002558 巨人网络 传媒类 自动初判 | 动因词:IP,游戏(题材业务=业绩来源)
 A 8 603669 灵康药业 传媒类 自动初判 | 动因词:医药(题材业务=业绩来源)
 A 8 600366 宁波韵升 机器人/人形类 自动初判 | 动因词:消费(题材业务=业绩来源)
 A 8 002298 中电鑫龙 机器人/人形类 自动初判 | 动因词:设备(题材业务=业绩来源)
 A 8 600446 金证股份 机器人/人形类 自动初判 | 动因词:信创(题材业务=业绩来源)
 A 8 688151 华强科技 机器人/人形类 自动初判 | 动因词:医药(题材业务=业绩来源)
 A 8 002180 奔图科技 机器人/人形类 自动初判 | 动因词:信创(题材业务=业绩来源)
 A 8 002197 证通电子 机器人/人形类 自动初判 | 动因词:IDC(题材业务=业绩来源)
 A 8 600460 士兰微 机器人/人形类 自动初判 | 动因词:算力(题材业务=业绩来源)
 A 8 002184 海得控制 机器人/人形类 自动初判 | 动因词:算力,自动化,设备(题材业务=业绩来源)
 A 8 300033 同花顺 机器人/人形类 自动初判 | 动因词:人工智能(题材业务=业绩来源)
 A 8 603985 恒润股份 AI算力类 自动初判 | 动因词:算力(题材业务=业绩来源)
 A 8 603327 福蓉科技 传媒类 自动初判 | 动因词:消费(题材业务=业绩来源)
 A 8 002517 恺英网络 传媒类 自动初判 | 动因词:IP,游戏(题材业务=业绩来源)
 A 7 300765 石药创新 医药类 自动初判 | 动因词:疫苗(题材业务=业绩来源)
 A 7 002458 益生股份 农业类 自动初判 | 动因词:养殖,肉鸡,鸡苗(题材业务=业绩来源)
 A 7 300613 富瀚微 机器人/人形类 自动初判 | 动因词:PCB,机器人(题材业务=业绩来源)
 A 7 688449 联芸科技 传媒类 自动初判 | 动因词:IP,数据中心(题材业务=业绩来源)
 A 7 688202 美迪西 医药类 自动初判 | 动因词:创新药(题材业务=业绩来源)
 A 7 300223 君正股份 机器人/人形类 自动初判 | 动因词:光模块,服务器(题材业务=业绩来源)
 A 7 002990 盛视科技 机器人/人形类 自动初判 | 动因词:算力(题材业务=业绩来源)
 A 7 003009 中天火箭 商业航天类 自动初判 | 动因词:火箭(题材业务=业绩来源)
 A 7 603038 华立股份 建材类 自动初判 | 动因词:建材(题材业务=业绩来源)
 A 7 002930 宏川智慧 化工类 自动初判 | 动因词:化工(题材业务=业绩来源)
 A 7 603068 博通集成 光模块/通信类 自动初判 | 动因词:人工智能(题材业务=业绩来源)
 A 7 300558 贝达药业 医药类 自动初判 | 动因词:创新药(题材业务=业绩来源)
 A 7 000829 天音控股 商业百货/零售类 自动初判 | 动因词:零售(题材业务=业绩来源)
 A 7 300531 优博讯 医药类 自动初判 | 动因词:IDC(题材业务=业绩来源)
 A 7 003010 若羽臣 商业百货/零售类 自动初判 | 动因词:消费(题材业务=业绩来源)
 A 7 688380 中微半导 机器人/人形类 自动初判 | 动因词:消费(题材业务=业绩来源)
 A 7 300502 新易盛 光模块/通信类 自动初判 | 动因词:人工智能,算力(题材业务=业绩来源)
 A 7 300964 本川智能 机器人/人形类 自动初判 | 动因词:PCB,覆铜板(题材业务=业绩来源)
 A 7 603893 瑞芯微 机器人/人形类 自动初判 | 动因词:PCB,人工智能,算力(题材业务=业绩来源)
 A 7 002741 光华科技 化工类 自动初判 | 动因词:PCB(题材业务=业绩来源)
 A 7 300073 当升科技 高端制造/设备类 自动初判 | 动因词:消费(题材业务=业绩来源)
 A 7 300199 翰宇药业 医药类 自动初判 | 动因词:创新药(题材业务=业绩来源)
 A 7 000725 京东方A 消费/黄酒类 自动初判 | 动因词:消费(题材业务=业绩来源)
 A 7 000623 吉林敖东 农业类 自动初判 | 动因词:医药(题材业务=业绩来源)
 A 7 603276 恒兴新材 农业类 自动初判 | 动因词:化工,设备,高端制造(题材业务=业绩来源)
 A 7 603101 汇嘉时代 商业百货/零售类 自动初判 | 动因词:零售(题材业务=业绩来源)
 A 7 688041 海光信息 AI算力类 自动初判 | 动因词:人工智能(题材业务=业绩来源)
 A 7 300748 金力永磁 机器人/人形类 自动初判 | 动因词:伺服,机器人(题材业务=业绩来源)
 A 6 300497 富祥股份 医药类 自动初判 | 动因词:医药,消费,食品(题材业务=业绩来源)
 A 6 603110 东方材料 AI算力类 自动初判 | 动因词:化工(题材业务=业绩来源)
 A 6 688110 东芯股份 AI算力类 自动初判 | 动因词:AI算力,算力(题材业务=业绩来源)
 A 6 301536 星宸科技 机器人/人形类 自动初判 | 动因词:机器人(题材业务=业绩来源)
 A 6 002653 海思科 医药类 自动初判 | 动因词:创新药(题材业务=业绩来源)
 A 6 301666 大普微 AI算力类 自动初判 | 动因词:人工智能,数据中心(题材业务=业绩来源)
 A 6 688796 百奥赛图 医药类 自动初判 | 动因词:医药,生物医药(题材业务=业绩来源)
 A 6 002799 环球印务 医药类 自动初判 | 动因词:医药(题材业务=业绩来源)
 A 6 300607 拓斯达 机器人/人形类 自动初判 | 动因词:机器人,自动化;含非经常增厚(减值损失同比),幅度打折
 A 6 600601 方正科技 AI算力类 自动初判 | 动因词:PCB(题材业务=业绩来源)
 A 6 300980 祥源新材 机器人/人形类 自动初判 | 动因词:消费;含非经常增厚(转让),幅度打折
 A 6 001287 中电港 机器人/人形类 自动初判 | 动因词:人工智能,数据中心(题材业务=业绩来源)
 A 6 002793 罗欣药业 医药类 自动初判 | 动因词:创新药(题材业务=业绩来源)
 A 6 603099 长白山 消费/食品类 自动初判 | 动因词:消费(题材业务=业绩来源)
 A 6 688337 普源精电 光模块/通信类 自动初判 | 动因词:通信(题材业务=业绩来源)
 A 6 002439 启明星辰 AI算力类 自动初判 | 动因词:算力(题材业务=业绩来源)
 A 6 688227 品高股份 AI算力类 自动初判 | 动因词:智算(题材业务=业绩来源)
 A 6 000790 华神科技 医药类 自动初判 | 动因词:医药(题材业务=业绩来源)
 A 6 000938 紫光股份 传媒类 自动初判 | 动因词:人工智能,智算,算力(题材业务=业绩来源)
 A 6 601138 工业富联 机器人/人形类 自动初判 | 动因词:AI算力,数据中心,服务器,算力(题材业务=业绩来源)
 A 6 600584 长电科技 AI算力类 自动初判 | 动因词:人工智能(题材业务=业绩来源)
 A 6 600833 第一医药 医药类 自动初判 | 动因词:医药(题材业务=业绩来源)
 A 6 603806 福斯特 高端制造/设备类 自动初判 | 动因词:PCB(题材业务=业绩来源)
 A 6 002602 世纪华通 传媒类 自动初判 | 动因词:IP,游戏(题材业务=业绩来源)
 A 6 301696 三瑞智能 机器人/人形类 自动初判 | 动因词:机器人(题材业务=业绩来源)
 A 6 688603 天承科技 PCB/电子元件类 自动初判 | 动因词:PCB(题材业务=业绩来源)
 A 6 000062 深圳华强 AI算力类 自动初判 | 动因词:数据中心,服务器(题材业务=业绩来源)
 A 6 002979 雷赛智能 机器人/人形类 自动初判 | 动因词:自动化,设备(题材业务=业绩来源)
 A 6 688117 圣诺生物 医药类 自动初判 | 动因词:医药(题材业务=业绩来源)
 A 6 601677 明泰铝业 机器人/人形类 自动初判 | 动因词:液冷,覆铜板(题材业务=业绩来源)
 A 6 301165 锐捷网络 光模块/通信类 自动初判 | 动因词:数据中心(题材业务=业绩来源)
 A 6 002376 新北洋 机器人/人形类 自动初判 | 动因词:设备;含非经常增厚(汇兑),幅度打折
 A 5 002386 天原股份 化工类 自动初判 | 动因词:化工(题材业务=业绩来源)
 A 5 000301 东方盛虹 化工类 自动初判 | 动因词:化工(题材业务=业绩来源)
 A 5 002493 荣盛石化 化工类 自动初判 | 动因词:化工(题材业务=业绩来源)
 A 5 000889 中嘉博创 光模块/通信类 自动初判 | 动因词:通信(题材业务=业绩来源)
 A 5 688293 奥浦迈 医药类 自动初判 | 动因词:医药,生物医药(题材业务=业绩来源)
 A 5 600118 中国卫星 商业航天类 自动初判 | 动因词:卫星(题材业务=业绩来源)
 A 5 601678 滨化股份 化工类 自动初判 | 动因词:化工(题材业务=业绩来源)
 A 5 002925 盈趣科技 机器人/人形类 自动初判 | 动因词:消费;含非经常增厚(公允价值变动,汇兑),幅度打折
 A 5 002685 华东重机 高端制造/设备类 自动初判 | 动因词:设备;含非经常增厚(汇兑),幅度打折
 A 5 600346 恒力石化 化工类 自动初判 | 动因词:化工(题材业务=业绩来源)
 A 5 002092 中泰化学 化工类 自动初判 | 动因词:化工;含非经常增厚(补助),幅度打折
 A 5 603139 康惠股份 农业类 自动初判 | 动因词:医药,生物医药(题材业务=业绩来源)
 A 5 000908 石药景峰 医药类 自动初判 | 动因词:医药;含非经常增厚(补助,重整),幅度打折
 A 5 300159 新研股份 高端制造/设备类 自动初判 | 动因词:航天;含非经常增厚(重整),幅度打折
 A 5 600267 海正药业 医药类 自动初判 | 动因词:创新药,医药;含非经常增厚(处置收益,转让),幅度打折
 A 5 600989 宝丰能源 化工类 自动初判 | 动因词:化工(题材业务=业绩来源)
 A 5 002145 钛能化学 化工类 自动初判 | 动因词:化工(题材业务=业绩来源)
 A 5 001232 嘉立创 机器人/人形类 自动初判 | 动因词:PCB(题材业务=业绩来源)
 A 4 688012 中微公司 高端制造/设备类 自动初判 | 动因词:设备(题材业务=业绩来源)
 A 4 688690 纳微科技 医药类 自动初判 | 动因词:疫苗(题材业务=业绩来源)
 A 4 600525 长园集团 传媒类 自动初判 | 动因词:设备;含非经常增厚(资产处置,转让),幅度打折
 A 4 688411 海博思创 高端制造/设备类 自动初判 | 动因词:设备(题材业务=业绩来源)
 A 4 300037 新宙邦 算力/液冷类 自动初判 | 动因词:算力;含非经常增厚(补助),幅度打折
 A 4 301369 联动科技 高端制造/设备类 自动初判 | 动因词:设备(题材业务=业绩来源)
 A 4 688758 赛分科技 医药类 自动初判 | 动因词:创新药,医药,生物医药(题材业务=业绩来源)
 A 4 600309 万华化学 化工类 自动初判 | 动因词:化工(题材业务=业绩来源)
 A 4 688046 药康生物 医药类 自动初判 | 动因词:医药,生物医药(题材业务=业绩来源)
 A 3 002452 长高电气 高端制造/设备类 自动初判 | 动因词:设备;含非经常增厚(公允价值变动,出售),幅度打折
 A 3 600428 中远海特 航运类 自动初判 | 动因词:航运(题材业务=业绩来源)
[机器人/人形类] 98只: 埃斯顿 拓斯达 祥源新材 金杨精密 宁波韵升 震裕科技 三瑞智能 雷赛智能 金力永磁 富瀚微 凯尔达 东方精工 星宸科技 雅创电子 盛视科技 好上好 银宝山新 全志科技 江苏北人 百达精工 音飞储存 亿纬锂能 睿能科技 永创智能 松霖科技 中重科技 宁波东力 亿道信息 富春染织 振江股份 赣锋锂业 星网宇达 凌云光 传智教育 君正股份 方正电机 永茂泰 视源股份 福日电子 智微智能 宁波华翔 新安股份 赛意信息 顺景科技 鹿山新材 力源信息 悦心健康 道恩股份 中电港 华锐精密 立昂微 探路者 东方嘉盛 盈趣科技 中电鑫龙 金证股份 德新科技 继峰股份 同兴达 华强科技 联诚精密 厦门钨业 九联科技 奔图科技 日发精机 银河电子 证通电子 北投科技 岱勒新材 东风科技 工业富联 士兰微 国恩股份 威海广泰 中微半导 海得控制 银禧科技 本川智能 苏州固锝 同花顺 朗迪集团 中伟新材 科达制造 泽宇智能 天娱数科 瑞芯微 金固股份 嘉立创 鸿路钢构 中润光学 涛涛车业 华勤技术 天和磁材 天桥起重 蔚蓝锂芯 明泰铝业 中原内配 新北洋
[化工类] 70只: 诚志股份 中矿资源 天原股份 东方盛虹 鼎际得 石大胜华 建新股份 荣盛石化 佛塑科技 澄星股份 新乡化纤 宇新股份 乐通股份 新疆天业 沧州大化 安纳达 闰土股份 宏川智慧 恒大高新 滨化股份 合盛硅业 甘肃能化 丽臣实业 美联新材 上海石化 西陇科学 世龙实业 神马股份 泰和科技 卫星化学 恒力石化 中泰化学 江苏索普 双星新材 三友化工 金煤科技 泰和新材 鲁北化工 新凤鸣 常青科技 华峰化学 山东赫达 永和股份 洛阳钼业 善水科技 包钢股份 宝丰能源 钛能化学 三祥新材 昊华能源 万华化学 光华科技 兄弟科技 联化科技 兰花科创 惠云钛业 东岳硅材 和邦生物 力量钻石 丰元股份 神火股份 盐湖股份 北化股份 德美化工 恒邦股份 优彩资源 东方铁塔 苏州龙杰 德冠新材 沧州明珠
[高端制造/设备类] 51只: 特发信息 天赐材料 风范股份 长高电气 淳中科技 华宏科技 金鹰股份 中微公司 中利集团 永和智控 大连电瓷 八方股份 炜冈科技 宏英智能 智光电气 壹石通 联泓新科 蓝科高新 华东重机 新联电子 福华尚纬 柘中股份 中材节能 新研股份 德赛电池 海博思创 联动科技 宝胜股份 德业股份 保变电气 福斯特 天顺风能 晋亿实业 当升科技 亚联机械 华丰股份 交大思诺 佳电股份 五矿新能 恩捷股份 信德新材 杉杉股份 国轩高科 容百科技 美畅股份 信隆健康 和展能源 海南矿业 湘潭电化 拓山重工 银龙股份
[医药类] 42只: 富祥股份 海思科 美迪西 百奥赛图 环球印务 南华生物 奥浦迈 润都股份 金城医药 罗欣药业 联环药业 辽宁成大 纳微科技 石药景峰 海正药业 赛分科技 华海药业 第一医药 生物股份 翰宇药业 药康生物 金石亚药 石药创新 中红医疗 荣昌生物 高德红外 金域医学 赛诺医疗 九安医疗 蓝帆医疗 双成药业 贝达药业 优博讯 华神科技 奥普光电 易明医药 基蛋生物 圣诺生物 昭衍新药 恒星科技 亚世光电 九芝堂
[传媒类] 36只: 巨人网络 丝路视觉 世纪华通 恺英网络 风语筑 游族网络 奥飞娱乐 吉比特 联芸科技 人民网 北纬科技 三六零 盈新发展 紫光股份 智度股份 宝通科技 中科创达 歌华有线 雅化集团 海南高速 创维数字 中国船舶 灵康药业 景兴纸业 聚辰股份 视觉中国 生意宝 浙富控股 轻纺城 浙江东方 长园集团 思美传媒 长源电力 福蓉科技 兴业证券 慈星股份
[AI算力类] 26只: 东方材料 中一科技 天津普林 大普微 浪潮信息 航锦科技 方正科技 移为通信 品高股份 中国长城 长电科技 恒润股份 科华数据 海光信息 南网数字 复旦微电 云汉芯城 拉卡拉 安凯微 翱捷科技 启明星辰 澜起科技 中熔电气 东芯股份 苏州高新 深圳华强
[农业类] 19只: 益生股份 众兴菌业 亚钾国际 吉林敖东 好想你 大湖股份 华孚时尚 永太科技 亚通股份 交投生态 粤桂股份 康惠股份 韶能股份 恒兴新材 红太阳 辉丰股份 安道麦A 藏格矿业 粤海饲料
[消费/黄酒类] 17只: 拉芳家化 富满微 华凯易佰 四川长虹 安洁科技 舒华体育 金发拉比 安孚科技 中信金属 京东方A 长鑫科技 大连圣亚 曲江文旅 实益达 五粮液 三利谱 京泉华
[消费/食品类] 17只: 永辉超市 百联股份 洽洽食品 豫园股份 良品铺子 香飘飘 西麦食品 中炬高新 莱茵生物 永安药业 三夫户外 惠发食品 天味食品 泉阳泉 天润乳业 长白山 五洲特纸
[商业百货/零售类] 16只: 跨境通 南极电商 欣贺股份 丽人丽妆 富森美 红蜻蜓 天音控股 南宁百货 若羽臣 美凯龙 诺斯贝尔 青木科技 汇嘉时代 厦门信达 广百股份 中成股份
[光模块/通信类] 13只: 日海智能 新易盛 大恒科技 三维通信 中嘉博创 博通集成 东方通信 普源精电 锐捷网络 嘉元科技 华天科技 气派科技 铜陵有色
[锂电/固态电池类] 12只: 西上海 青岛双星 常青股份 圣龙股份 保隆科技 远东传动 岱美股份 申达股份 众泰汽车 通用股份 天成自控 动力新科
[AI/信创类] 10只: 奥来德 南天信息 大为股份 金山办公 永冠新材 TCL科技 波长光电 苏大维格 吉宏股份 泛微网络
[PCB/电子元件类] 8只: 红板科技 诺德股份 天承科技 木林森 北方铜业 中金岭南 江西铜业 中国铝业
[商业航天类] 8只: 北斗星通 中国卫星 航天彩虹 中天火箭 中无人机 中兵红箭 航发动力 中船防务
[算力/液冷类] 5只: 新宙邦 宇顺电子 龙蟠科技 永兴材料 杭钢股份
[建材类] 3只: 华立股份 北京利尔 方大集团
[航运类] 3只: 中远海特 兴通股份 中远海能
[大消费/家电类] 1只: 海立股份
