REQUIRED FILES
True D:\股票数据\市场数据\_agent规格\12_涨停复盘agent.md
True D:\股票数据\市场数据\_学习\子agent增强\战绩画像_limitup_20260929.json
False D:\股票数据\市场数据\_学习\子agent增强\认知库_limitup_20260929.json
True D:\股票数据\市场数据\_学习\子agent增强\认知库_limitup_20260928.json
False D:\股票数据\市场数据\_学习\子agent增强\作战包_limitup_20260929.json
False D:\股票数据\市场数据\_学习\子agent增强\作战包_limitup_20260928.json
False D:\股票数据\市场数据\_学习\昨日复盘_limitup_20260929.json
False D:\股票数据\市场数据\_学习\昨日复盘_limitup_20260928.json
True D:\股票数据\市场数据\_学习\总审_20260928.json
True D:\股票数据\市场数据\_学习\_认知库_limitup.json
True D:\股票数据\市场数据\_学习\_涨停质量库.json
True D:\股票数据\市场数据\_学习\_情绪先行指标.json
True D:\股票数据\市场数据\_学习\涨停质量荐票_20260929.json
True D:\股票数据\市场数据\_学习\涨停质量荐票卡_20260929.html
True D:\股票数据\市场数据\_学习\市场温度卡_20260929.html
False D:\股票数据\市场数据\_学习\涨停质量训练_20260929.json
True D:\股票数据\市场数据\_学习\涨停对链条_20260929.json
True D:\股票数据\市场数据\_学习\题材归位_20260929.json
False D:\股票数据\市场数据\_学习\题材四维_20260929.json
True D:\股票数据\市场数据\_学习\开盘验证维_20260929.json
True D:\股票数据\市场数据\_学习\风险日历_20260929.json
False D:\股票数据\市场数据\_学习\日内曲线_20260929.json
True D:\股票数据\市场数据\_学习\_模拟盘\limitup\状态.json

### zt_pool D:\股票数据\市场数据\20260929\zt_pool.csv
rows 57 fields ['序号', '代码', '名称', '涨跌幅', '最新价', '成交额', '流通市值', '总市值', '换手率', '封板资金', '首次封板时间', '最后封板时间', '炸板次数', '涨停统计', '连板数', '所属行业']
{'序号': '1', '代码': '000011', '名称': '深物业A', '涨跌幅': '9.98023796081543', '最新价': '11.13', '成交额': '467722496', '流通市值': '5859672793.59', '总市值': '6633247249.440001', '换手率': '8.004624366760254', '封板资金': '57477468', '首次封板时间': '092500', '最后封板时间': '093942', '炸板次数': '1', '涨停统计': '2/2', '连板数': '2', '所属行业': '房地产开'}
{'序号': '2', '代码': '000678', '名称': '襄阳轴承', '涨跌幅': '10.046948432922363', '最新价': '11.72', '成交额': '110756403', '流通市值': '5386650260.84', '总市值': '5386650202.240001', '换手率': '2.0561275482177734', '封板资金': '149711221', '首次封板时间': '092500', '最后封板时间': '092500', '炸板次数': '0', '涨停统计': '3/3', '连板数': '3', '所属行业': '汽车零部'}
{'序号': '3', '代码': '600825', '名称': '新华传媒', '涨跌幅': '10.058479309082031', '最新价': '9.41', '成交额': '147280304', '流通市值': '9832394668.5', '总市值': '9832394724.960001', '换手率': '1.4979088306427002', '封板资金': '1852830251', '首次封板时间': '092500', '最后封板时间': '092500', '炸板次数': '0', '涨停统计': '6/6', '连板数': '6', '所属行业': '出版'}
{'序号': '4', '代码': '601238', '名称': '广汽集团', '涨跌幅': '10.019646644592285', '最新价': '5.6', '成交额': '45556174', '流通市值': '41348706532.0', '总市值': '57103569510.399994', '换手率': '0.11017557233572006', '封板资金': '352014706', '首次封板时间': '092501', '最后封板时间': '092501', '炸板次数': '0', '涨停统计': '1/1', '连板数': '1', '所属行业': '乘用车'}
{'序号': '5', '代码': '603949', '名称': '雪龙集团', '涨跌幅': '10.005379676818848', '最新价': '20.45', '成交额': '72002446', '流通市值': '4298697853.3', '总市值': '4309565637.7', '换手率': '1.6749826669692993', '封板资金': '146045679', '首次封板时间': '092501', '最后封板时间': '092501', '炸板次数': '0', '涨停统计': '4/4', '连板数': '4', '所属行业': '汽车零部'}
{'序号': '6', '代码': '600241', '名称': '时代万恒', '涨跌幅': '9.950248718261719', '最新价': '8.84', '成交额': '151676066', '流通市值': '2601630696.6', '总市值': '2601630670.08', '换手率': '5.830038070678711', '封板资金': '90643043', '首次封板时间': '092502', '最后封板时间': '092502', '炸板次数': '0', '涨停统计': '2/2', '连板数': '2', '所属行业': '电池'}
{'序号': '7', '代码': '605303', '名称': '园林股份', '涨跌幅': '10.008445739746094', '最新价': '26.05', '成交额': '6608885', '流通市值': '4200234478.4', '总市值': '4200234478.4', '换手率': '0.15734562277793884', '封板资金': '239977810', '首次封板时间': '092502', '最后封板时间': '092502', '炸板次数': '0', '涨停统计': '1/1', '连板数': '1', '所属行业': '基础建设'}
{'序号': '8', '代码': '600488', '名称': '津药药业', '涨跌幅': '10.047846794128418', '最新价': '6.9', '成交额': '955835536', '流通市值': '7534018092.0', '总市值': '7534018147.200001', '换手率': '12.868490219116211', '封板资金': '46222499', '首次封板时间': '093006', '最后封板时间': '093927', '炸板次数': '1', '涨停统计': '2/2', '连板数': '2', '所属行业': '化学制药'}
{'序号': '9', '代码': '002242', '名称': '九阳股份', '涨跌幅': '9.970958709716797', '最新价': '11.36', '成交额': '214461390', '流通市值': '8653657500.0', '总市值': '8667873210.88', '换手率': '2.5098135471343994', '封板资金': '184822871', '首次封板时间': '093030', '最后封板时间': '093030', '炸板次数': '0', '涨停统计': '2/2', '连板数': '2', '所属行业': '小家电'}
{'序号': '10', '代码': '603200', '名称': '上海洗霸', '涨跌幅': '10.0081148147583', '最新价': '40.67', '成交额': '150384757', '流通市值': '7136775789.01', '总市值': '7136775789.01', '换手率': '2.128685712814331', '封板资金': '106496469', '首次封板时间': '093046', '最后封板时间': '093046', '炸板次数': '0', '涨停统计': '1/1', '连板数': '1', '所属行业': '环境治理'}
{'序号': '11', '代码': '600657', '名称': '信达地产', '涨跌幅': '10.0977201461792', '最新价': '3.38', '成交额': '252867032', '流通市值': '9639349651.1', '总市值': '9639349640.96', '换手率': '2.668675661087036', '封板资金': '41770834', '首次封板时间': '093104', '最后封板时间': '094349', '炸板次数': '2', '涨停统计': '1/1', '连板数': '1', '所属行业': '房地产开'}
{'序号': '12', '代码': '600982', '名称': '宁波能源', '涨跌幅': '10.020039558410645', '最新价': '5.49', '成交额': '266085327', '流通市值': '6135774892.650001', '总市值': '6135774909.12', '换手率': '4.373025417327881', '封板资金': '58739782', '首次封板时间': '093109', '最后封板时间': '093109', '炸板次数': '0', '涨停统计': '1/1', '连板数': '1', '所属行业': '电力'}
{'序号': '13', '代码': '600032', '名称': '浙江新能', '涨跌幅': '9.959623336791992', '最新价': '8.17', '成交额': '454863360', '流通市值': '19646197397.079998', '总市值': '19646197429.76', '换手率': '2.3528339862823486', '封板资金': '79678121', '首次封板时间': '093138', '最后封板时间': '093208', '炸板次数': '1', '涨停统计': '2/2', '连板数': '2', '所属行业': '电力'}
{'序号': '14', '代码': '600189', '名称': '泉阳泉', '涨跌幅': '10.01220989227295', '最新价': '9.01', '成交额': '176318999', '流通市值': '6443932286.12', '总市值': '6443932250.08', '换手率': '2.8175504207611084', '封板资金': '66929352', '首次封板时间': '093228', '最后封板时间': '093228', '炸板次数': '0', '涨停统计': '3/2', '连板数': '1', '所属行业': '饮料乳品'}
{'序号': '15', '代码': '002912', '名称': '中新赛克', '涨跌幅': '10.011333465576172', '最新价': '29.12', '成交额': '789198016', '流通市值': '4723928984.32', '总市值': '4972298240.0', '换手率': '17.1046142578125', '封板资金': '65667696', '首次封板时间': '093330', '最后封板时间': '100830', '炸板次数': '3', '涨停统计': '13/7', '连板数': '2', '所属行业': '计算机设'}
{'序号': '16', '代码': '603328', '名称': '依顿电子', '涨跌幅': '9.977151870727539', '最新价': '14.44', '成交额': '405172096', '流通市值': '14417511302.84', '总市值': '14417511259.519999', '换手率': '2.8741703033447266', '封板资金': '93230416', '首次封板时间': '093451', '最后封板时间': '093451', '炸板次数': '0', '涨停统计': '4/2', '连板数': '1', '所属行业': '元件'}
{'序号': '17', '代码': '002205', '名称': '国统股份', '涨跌幅': '10.0', '最新价': '12.76', '成交额': '316349680', '流通市值': '2371359589.2799997', '总市值': '2371359589.2799997', '换手率': '13.773161888122559', '封板资金': '28014580', '首次封板时间': '093500', '最后封板时间': '145036', '炸板次数': '3', '涨停统计': '3/2', '连板数': '1', '所属行业': '水泥'}
{'序号': '18', '代码': '002866', '名称': '传艺科技', '涨跌幅': '10.028653144836426', '最新价': '15.36', '成交额': '189043147', '流通市值': '2822690211.8399997', '总市值': '4447061852.16', '换手率': '6.798028469085693', '封板资金': '92365056', '首次封板时间': '093542', '最后封板时间': '093606', '炸板次数': '1', '涨停统计': '1/1', '连板数': '1', '所属行业': '消费电子'}
{'序号': '19', '代码': '301513', '名称': '尚水智能', '涨跌幅': '20.0', '最新价': '51.42', '成交额': '143519666', '流通市值': '1036061014.38', '总市值': '5142000000.0', '换手率': '14.59182357788086', '封板资金': '54196422', '首次封板时间': '093745', '最后封板时间': '093745', '炸板次数': '0', '涨停统计': '1/1', '连板数': '1', '所属行业': '电池'}
{'序号': '20', '代码': '002074', '名称': '国轩高科', '涨跌幅': '10.011507987976074', '最新价': '28.68', '成交额': '1301852768', '流通市值': '49807342549.2', '总市值': '52046322865.92', '换手率': '2.6570565700531006', '封板资金': '625270719', '首次封板时间': '093754', '最后封板时间': '093754', '炸板次数': '0', '涨停统计': '1/1', '连板数': '1', '所属行业': '电池'}
{'序号': '21', '代码': '002058', '名称': '紫竹高科', '涨跌幅': '10.00599193572998', '最新价': '18.36', '成交额': '92043597', '流通市值': '2632196675.52', '总市值': '2633711375.52', '换手率': '3.568493127822876', '封板资金': '54986364', '首次封板时间': '093833', '最后封板时间': '094006', '炸板次数': '1', '涨停统计': '1/1', '连板数': '1', '所属行业': '电池'}
{'序号': '22', '代码': '002882', '名称': '金龙羽', '涨跌幅': '10.008976936340332', '最新价': '24.51', '成交额': '440898432', '流通市值': '6053725831.38', '总市值': '10610379000.0', '换手率': '7.475229263305664', '封板资金': '59086257', '首次封板时间': '093921', '最后封板时间': '093921', '炸板次数': '0', '涨停统计': '1/1', '连板数': '1', '所属行业': '电网设备'}
{'序号': '23', '代码': '002913', '名称': '奥士康', '涨跌幅': '10.0', '最新价': '91.08', '成交额': '806473200', '流通市值': '27819377197.92', '总市值': '28905195432.96', '换手率': '2.945107936859131', '封板资金': '165210012', '首次封板时间': '094027', '最后封板时间': '094342', '炸板次数': '2', '涨停统计': '1/1', '连板数': '1', '所属行业': '元件'}
{'序号': '24', '代码': '002846', '名称': '英联股份', '涨跌幅': '10.0', '最新价': '11.88', '成交额': '264519316', '流通市值': '3224134595.88', '总市值': '4989524348.160001', '换手率': '8.419611930847168', '封板资金': '52998450', '首次封板时间': '094039', '最后封板时间': '094224', '炸板次数': '1', '涨停统计': '1/1', '连板数': '1', '所属行业': '包装印刷'}
{'序号': '25', '代码': '000068', '名称': '华控赛格', '涨跌幅': '9.937888145446777', '最新价': '3.54', '成交额': '121898773', '流通市值': '3563616982.56', '总市值': '3563617010.88', '换手率': '3.466505527496338', '封板资金': '30684366', '首次封板时间': '094148', '最后封板时间': '100827', '炸板次数': '1', '涨停统计': '1/1', '连板数': '1', '所属行业': '环境治理'}
{'序号': '26', '代码': '000036', '名称': '华联控股', '涨跌幅': '9.921670913696289', '最新价': '4.21', '成交额': '202084725', '流通市值': '5906550982.51', '总市值': '5910076811.2', '换手率': '3.4907889366149902', '封板资金': '26357547', '首次封板时间': '094512', '最后封板时间': '094512', '炸板次数': '0', '涨停统计': '1/1', '连板数': '1', '所属行业': '房地产开'}
{'序号': '27', '代码': '301190', '名称': '善水科技', '涨跌幅': '20.0', '最新价': '29.94', '成交额': '592781776', '流通市值': '5444708760.0', '总市值': '6426216810.0', '换手率': '11.51016616821289', '封板资金': '47031129', '首次封板时间': '094633', '最后封板时间': '094833', '炸板次数': '2', '涨停统计': '2/2', '连板数': '2', '所属行业': '化学原料'}
{'序号': '28', '代码': '603188', '名称': '亚邦股份', '涨跌幅': '10.089685440063477', '最新价': '4.91', '成交额': '118209349', '流通市值': '2799534700.0', '总市值': '2799534700.0', '换手率': '4.344529151916504', '封板资金': '32755086', '首次封板时间': '095021', '最后封板时间': '095021', '炸板次数': '0', '涨停统计': '1/1', '连板数': '1', '所属行业': '化学制品'}
{'序号': '29', '代码': '603533', '名称': '掌阅科技', '涨跌幅': '10.0', '最新价': '23.65', '成交额': '590349312', '流通市值': '10379910147.75', '总市值': '10379910076.8', '换手率': '5.858237266540527', '封板资金': '85085605', '首次封板时间': '100610', '最后封板时间': '100652', '炸板次数': '1', '涨停统计': '1/1', '连板数': '1', '所属行业': '数字媒体'}
{'序号': '30', '代码': '002799', '名称': '环球印务', '涨跌幅': '10.058309555053711', '最新价': '7.55', '成交额': '123454340', '流通市值': '2416270290.0', '总市值': '2416302000.0', '换手率': '5.25099515914917', '封板资金': '29164744', '首次封板时间': '100703', '最后封板时间': '100703', '炸板次数': '0', '涨停统计': '1/1', '连板数': '1', '所属行业': '包装印刷'}
{'序号': '31', '代码': '000002', '名称': '万  科Ａ', '涨跌幅': '9.97304630279541', '最新价': '4.08', '成交额': '3176619104', '流通市值': '39637661668.32', '总市值': '48677294776.32', '换手率': '8.256316184997559', '封板资金': '220191467', '首次封板时间': '100827', '最后封板时间': '140724', '炸板次数': '2', '涨停统计': '1/1', '连板数': '1', '所属行业': '房地产开'}
{'序号': '32', '代码': '603636', '名称': '南威软件', '涨跌幅': '10.069930076599121', '最新价': '7.87', '成交额': '532650768', '流通市值': '4567437316.01', '总市值': '4567437355.36', '换手率': '12.097908020019531', '封板资金': '42116305', '首次封板时间': '101148', '最后封板时间': '101403', '炸板次数': '1', '涨停统计': '6/4', '连板数': '1', '所属行业': 'IT服务Ⅱ'}
{'序号': '33', '代码': '301560', '名称': '众捷股份', '涨跌幅': '20.014169692993164', '最新价': '33.88', '成交额': '456100832', '流通市值': '1979676160.0000002', '总市值': '4119808000.0000005', '换手率': '24.45902442932129', '封板资金': '16294755', '首次封板时间': '102239', '最后封板时间': '102239', '炸板次数': '0', '涨停统计': '1/1', '连板数': '1', '所属行业': '汽车零部'}
{'序号': '34', '代码': '002494', '名称': '华斯股份', '涨跌幅': '9.91735553741455', '最新价': '5.32', '成交额': '152720772', '流通市值': '1525618730.16', '总市值': '2007293030.4', '换手率': '10.230935096740723', '封板资金': '29995756', '首次封板时间': '102330', '最后封板时间': '102330', '炸板次数': '0', '涨停统计': '1/1', '连板数': '1', '所属行业': '服装家纺'}
{'序号': '35', '代码': '000823', '名称': '超声电子', '涨跌幅': '10.009016990661621', '最新价': '24.4', '成交额': '2748775888', '流通市值': '14516344874.8', '总市值': '14516899852.8', '换手率': '19.564220428466797', '封板资金': '116912990', '首次封板时间': '103121', '最后封板时间': '103242', '炸板次数': '1', '涨停统计': '1/1', '连板数': '1', '所属行业': '元件'}
{'序号': '36', '代码': '688685', '名称': '迈信林', '涨跌幅': '20.01209259033203', '最新价': '39.7', '成交额': '332588944', '流通市值': '5830011179.900001', '总市值': '5830011179.900001', '换手率': '6.041195869445801', '封板资金': '43297375', '首次封板时间': '103140', '最后封板时间': '104337', '炸板次数': '1', '涨停统计': '1/1', '连板数': '1', '所属行业': '航空装备'}
{'序号': '37', '代码': '601519', '名称': '大智慧', '涨跌幅': '10.01220989227295', '最新价': '9.01', '成交额': '446681168', '流通市值': '17922331600.0', '总市值': '17922331600.0', '换手率': '2.5685932636260986', '封板资金': '45874415', '首次封板时间': '103937', '最后封板时间': '103952', '炸板次数': '1', '涨停统计': '1/1', '连板数': '1', '所属行业': '软件开发'}
{'序号': '38', '代码': '688655', '名称': '迅捷兴', '涨跌幅': '20.00634002685547', '最新价': '75.7', '成交额': '953119824', '流通市值': '10097623000.0', '总市值': '10097623000.0', '换手率': '10.190980911254883', '封板资金': '72251335', '首次封板时间': '104433', '最后封板时间': '104433', '炸板次数': '0', '涨停统计': '1/1', '连板数': '1', '所属行业': '元件'}
{'序号': '39', '代码': '920779', '名称': '武汉蓝电', '涨跌幅': '29.977115631103516', '最新价': '28.4', '成交额': '162736665', '流通市值': '568568056.8', '总市值': '2273747168.0', '换手率': '30.191524505615234', '封板资金': '21259672', '首次封板时间': '104713', '最后封板时间': '104713', '炸板次数': '0', '涨停统计': '1/1', '连板数': '1', '所属行业': '电池'}
{'序号': '40', '代码': '600152', '名称': '维科技术', '涨跌幅': '10.052909851074219', '最新价': '8.32', '成交额': '288851152', '流通市值': '4401940400.0', '总市值': '4401940408.32', '换手率': '6.763253211975098', '封板资金': '64709632', '首次封板时间': '104958', '最后封板时间': '111155', '炸板次数': '1', '涨停统计': '1/1', '连板数': '1', '所属行业': '电池'}
{'序号': '41', '代码': '601811', '名称': '新华文轩', '涨跌幅': '9.989200592041016', '最新价': '20.37', '成交额': '992359264', '流通市值': '16131082443.0', '总市值': '25133341332.960003', '换手率': '6.3842244148254395', '封板资金': '75432147', '首次封板时间': '110930', '最后封板时间': '110930', '炸板次数': '0', '涨停统计': '7/6', '连板数': '1', '所属行业': '出版'}
{'序号': '42', '代码': '000607', '名称': '华媒控股', '涨跌幅': '10.133333206176758', '最新价': '4.13', '成交额': '384255200', '流通市值': '3655306753.8399997', '总市值': '4203094458.08', '换手率': '10.925878524780273', '封板资金': '71482952', '首次封板时间': '111045', '最后封板时间': '111045', '炸板次数': '0', '涨停统计': '6/3', '连板数': '1', '所属行业': '广告营销'}
{'序号': '43', '代码': '603598', '名称': '引力传媒', '涨跌幅': '10.00575065612793', '最新价': '19.13', '成交额': '548084560', '流通市值': '5162372062.0', '总市值': '5168111215.04', '换手率': '11.076748847961426', '封板资金': '73223384', '首次封板时间': '111348', '最后封板时间': '111948', '炸板次数': '1', '涨停统计': '1/1', '连板数': '1', '所属行业': '广告营销'}
{'序号': '44', '代码': '603322', '名称': '超讯科技', '涨跌幅': '10.018903732299805', '最新价': '29.1', '成交额': '204083982', '流通市值': '4585775763.6', '总市值': '4585775763.6', '换手率': '4.675931930541992', '封板资金': '66890685', '首次封板时间': '112047', '最后封板时间': '112047', '炸板次数': '0', '涨停统计': '1/1', '连板数': '1', '所属行业': '通信服务'}
{'序号': '45', '代码': '002244', '名称': '滨江集团', '涨跌幅': '10.0', '最新价': '9.46', '成交额': '768002080', '流通市值': '26086416756.4', '总市值': '29434259180.480003', '换手率': '3.018831968307495', '封板资金': '120629190', '首次封板时间': '112100', '最后封板时间': '112100', '炸板次数': '0', '涨停统计': '1/1', '连板数': '1', '所属行业': '房地产开'}
{'序号': '46', '代码': '002815', '名称': '崇达技术', '涨跌幅': '9.990999221801758', '最新价': '24.44', '成交额': '1935714624', '流通市值': '18993253673.16', '总市值': '30162658456.32', '换手率': '10.499626159667969', '封板资金': '156523389', '首次封板时间': '112745', '最后封板时间': '135424', '炸板次数': '1', '涨停统计': '1/1', '连板数': '1', '所属行业': '元件'}
{'序号': '47', '代码': '601949', '名称': '中国出版', '涨跌幅': '10.073260307312012', '最新价': '6.01', '成交额': '508795216', '流通市值': '11442848004.539999', '总市值': '11442847968.48', '换手率': '4.597362995147705', '封板资金': '62234980', '首次封板时间': '130208', '最后封板时间': '132347', '炸板次数': '1', '涨停统计': '1/1', '连板数': '1', '所属行业': '出版'}
{'序号': '48', '代码': '002813', '名称': '路畅科技', '涨跌幅': '10.008339881896973', '最新价': '26.38', '成交额': '231430418', '流通市值': '3162752437.2799997', '总市值': '3165600000.0', '换手率': '7.533329963684082', '封板资金': '27110726', '首次封板时间': '130530', '最后封板时间': '134318', '炸板次数': '2', '涨停统计': '1/1', '连板数': '1', '所属行业': '汽车零部'}
{'序号': '49', '代码': '603980', '名称': '吉华集团', '涨跌幅': '9.950248718261719', '最新价': '8.84', '成交额': '430466256', '流通市值': '5983206902.4', '总市值': '5983206902.4', '换手率': '7.481664180755615', '封板资金': '54111408', '首次封板时间': '132619', '最后封板时间': '132619', '炸板次数': '0', '涨停统计': '1/1', '连板数': '1', '所属行业': '化学制品'}
{'序号': '50', '代码': '603602', '名称': '纵横通信', '涨跌幅': '10.043290138244629', '最新价': '12.71', '成交额': '133441436', '流通市值': '2936740748.7400002', '总市值': '2936740748.7400002', '换手率': '4.678191661834717', '封板资金': '25778396', '首次封板时间': '134531', '最后封板时间': '134531', '炸板次数': '0', '涨停统计': '1/1', '连板数': '1', '所属行业': '广告营销'}
{'序号': '51', '代码': '605058', '名称': '澳弘电子', '涨跌幅': '10.003690719604492', '最新价': '59.6', '成交额': '1236139104', '流通市值': '8518337152.0', '总市值': '8518337152.0', '换手率': '15.397255897521973', '封板资金': '95765280', '首次封板时间': '140252', '最后封板时间': '140252', '炸板次数': '0', '涨停统计': '12/8', '连板数': '1', '所属行业': '元件'}
{'序号': '52', '代码': '605258', '名称': '协和电子', '涨跌幅': '9.9975004196167', '最新价': '44.01', '成交额': '391096704', '流通市值': '3872880000.0', '总市值': '3872880000.0', '换手率': '10.645567893981934', '封板资金': '31009446', '首次封板时间': '140721', '最后封板时间': '140903', '炸板次数': '2', '涨停统计': '1/1', '连板数': '1', '所属行业': '元件'}
{'序号': '53', '代码': '603630', '名称': '拉芳家化', '涨跌幅': '10.035335540771484', '最新价': '15.57', '成交额': '222882585', '流通市值': '3506435310.6', '总市值': '3506435310.6', '换手率': '6.585522651672363', '封板资金': '38503068', '首次封板时间': '141157', '最后封板时间': '141157', '炸板次数': '0', '涨停统计': '1/1', '连板数': '1', '所属行业': '化妆品'}
{'序号': '54', '代码': '002303', '名称': '美盈森', '涨跌幅': '10.016420364379883', '最新价': '6.7', '成交额': '953673792', '流通市值': '7151335617.5', '总市值': '10259868656.0', '换手率': '13.718721389770508', '封板资金': '75048710', '首次封板时间': '141439', '最后封板时间': '141527', '炸板次数': '1', '涨停统计': '6/3', '连板数': '1', '所属行业': '包装印刷'}
{'序号': '55', '代码': '600325', '名称': '华发股份', '涨跌幅': '10.074626922607422', '最新价': '2.95', '成交额': '495959456', '流通市值': '8118848742.200001', '总市值': '8118848730.400001', '换手率': '6.376001358032227', '封板资金': '37700861', '首次封板时间': '141509', '最后封板时间': '141509', '炸板次数': '0', '涨停统计': '1/1', '连板数': '1', '所属行业': '房地产开'}
{'序号': '56', '代码': '605198', '名称': '安德利', '涨跌幅': '9.99832534790039', '最新价': '65.68', '成交额': '387107264', '流通市值': '17768804480.0', '总市值': '21535683840.000004', '换手率': '2.320577621459961', '封板资金': '22589585', '首次封板时间': '142143', '最后封板时间': '142143', '炸板次数': '0', '涨停统计': '1/1', '连板数': '1', '所属行业': '农产品加'}
{'序号': '57', '代码': '605388', '名称': '均瑶健康', '涨跌幅': '9.983633041381836', '最新价': '6.72', '成交额': '129226921', '流通市值': '4035252480.0', '总市值': '4035252480.0', '换手率': '3.352509021759033', '封板资金': '38678304', '首次封板时间': '143159', '最后封板时间': '143159', '炸板次数': '0', '涨停统计': '1/1', '连板数': '1', '所属行业': '饮料乳品'}

### dt_pool.csv exists True
rows 10 fields ['序号', '代码', '名称', '涨跌幅', '最新价', '成交额', '流通市值', '总市值', '动态市盈率', '换手率', '封单资金', '最后封板时间', '板上成交额', '连续跌停', '开板次数', '所属行业']
sample [{'序号': '1', '代码': '002827', '名称': '高争民爆', '涨跌幅': '-9.995647430419922', '最新价': '62.04', '成交额': '1480701600', '流通市值': '17122970205.0', '总市值': '17187933840.0', '动态市盈率': '264.8342590332031', '换手率': '8.43191909790039', '封单资金': '11706948', '最后封板时间': '150000', '板上成交额': '495234300', '连续跌停': '2', '开板次数': '9', '所属行业': '化学制品'}, {'序号': '2', '代码': '603823', '名称': '百合花', '涨跌幅': '-9.993674278259277', '最新价': '42.69', '成交额': '1052101616', '流通市值': '17774737283.76', '总市值': '17774737625.28', '动态市盈率': '76.95173645019531', '换手率': '5.87620735168457', '封单资金': '14373723', '最后封板时间': '143541', '板上成交额': '336619188', '连续跌停': '1', '开板次数': '15', '所属行业': '化学制品'}, {'序号': '3', '代码': '001234', '名称': '泰慕士', '涨跌幅': '-10.012555122375488', '最新价': '28.67', '成交额': '586646112', '流通市值': '2624494805.0', '总市值': '3113263832.0', '动态市盈率': '66.85418701171875', '换手率': '21.914138793945312', '封单资金': '16737546', '最后封板时间': '143948', '板上成交额': '342579377', '连续跌停': '2', '开板次数': '5', '所属行业': '服装家纺'}, {'序号': '4', '代码': '603396', '名称': '金辰股份', '涨跌幅': '-10.0', '最新价': '35.28', '成交额': '531242448', '流通市值': '4887249423.84', '总市值': '4887249423.84', '动态市盈率': '72.84556579589844', '换手率': '10.679106712341309', '封单资金': '75464202', '最后封板时间': '095741', '板上成交额': '219625056', '连续跌停': '1', '开板次数': '3', '所属行业': '光伏设备'}, {'序号': '5', '代码': '600371', '名称': '万向德农', '涨跌幅': '-10.021023750305176', '最新价': '12.84', '成交额': '439783616', '流通市值': '3756701520.0', '总市值': '3756701520.0', '动态市盈率': '136.0965118408203', '换手率': '11.635512351989746', '封单资金': '77842885', '最后封板时间': '100429', '板上成交额': '1407441856', '连续跌停': '2', '开板次数': '10', '所属行业': '种植业'}]

### zb_pool.csv exists True
rows 8 fields ['序号', '代码', '名称', '涨跌幅', '最新价', '涨停价', '成交额', '流通市值', '总市值', '换手率', '涨速', '首次封板时间', '炸板次数', '涨停统计', '振幅', '所属行业']
sample [{'序号': '1', '代码': '000020', '名称': '深华发Ａ', '涨跌幅': '0.06830600649118423', '最新价': '14.65', '涨停价': '16.1', '成交额': '629226992', '流通市值': '2654072978.15', '总市值': '4148312048.8', '换手率': '22.64487075805664', '涨速': '0.0', '首次封板时间': '093224', '炸板次数': '1', '涨停统计': '2/1', '振幅': '10.177596092224121', '所属行业': '光学光电'}, {'序号': '2', '代码': '605069', '名称': '正和生态', '涨跌幅': '7.136715412139893', '最新价': '12.46', '涨停价': '12.79', '成交额': '259726261', '流通市值': '2637754313.88', '总市值': '2637754313.88', '换手率': '9.826338768005371', '涨速': '0.0', '首次封板时间': '093348', '炸板次数': '1', '涨停统计': '0/0', '振幅': '8.512468338012695', '所属行业': '环境治理'}, {'序号': '3', '代码': '600156', '名称': '华升股份', '涨跌幅': '-1.0895884037017822', '最新价': '8.17', '涨停价': '9.09', '成交额': '511969664', '流通市值': '3285244435.34', '总市值': '3285244451.68', '换手率': '14.873740196228027', '涨速': '0.0', '首次封板时间': '094056', '炸板次数': '1', '涨停统计': '0/0', '振幅': '11.985471725463867', '所属行业': '纺织制造'}, {'序号': '4', '代码': '002172', '名称': '澳洋健康', '涨跌幅': '8.28402328491211', '最新价': '5.49', '涨停价': '5.58', '成交额': '1214702656', '流通市值': '4200622607.7000003', '总市值': '4203870700.32', '换手率': '29.018634796142578', '涨速': '0.0', '首次封板时间': '094212', '炸板次数': '3', '涨停统计': '0/0', '振幅': '11.834320068359375', '所属行业': '医疗服务'}, {'序号': '5', '代码': '003001', '名称': '中岩大地', '涨跌幅': '2.975289821624756', '最新价': '20.42', '涨停价': '21.81', '成交额': '507133088', '流通市值': '2335047460.84', '总市值': '3564319045.4800005', '换手率': '21.254478454589844', '涨速': '0.0', '首次封板时间': '094312', '炸板次数': '1', '涨停统计': '0/0', '振幅': '9.934442520141602', '所属行业': '专业工程'}]

### summary D:\股票数据\市场数据\20260929\summary.json EXISTS True
keys= ['日期', '两市成交额_亿', '涨停家数', '跌停家数', '炸板家数', '炸板率', '最高连板', '连板梯队', '涨停行业扎堆Top12', '连板≥2行业Top8', '统计口径', '剔除涨停家数', '龙虎榜条数', '抓取时间']
日期: 20260929
两市成交额_亿: 14092.0
涨停家数: 57
跌停家数: 10
炸板家数: 8
炸板率: 0.123
最高连板: 6
连板梯队: dictkeys=['6', '4', '3', '2', '1']
涨停行业扎堆Top12: list[12] sample=[['元件', 7], ['房地产开', 6], ['电池', 6], ['汽车零部', 4], ['出版', 3], ['包装印刷', 3]]
连板≥2行业Top8: list[8] sample=[['汽车零部', 2], ['房地产开', 1], ['出版', 1], ['电池', 1], ['化学制药', 1], ['小家电', 1]]
统计口径: 剔ST/退/N/C(原始csv保留)
剔除涨停家数: 0
龙虎榜条数: 72
抓取时间: 2026-09-29 18:01:58

### temperature D:\股票数据\市场数据\_学习\_市场温度表.json EXISTS True
keys= ['20260615', '20260616', '20260617', '20260618', '20260622', '20260623', '20260624', '20260625', '20260626', '20260629', '20260630', '20260701', '20260702', '20260703', '20260706', '20260707', '20260708', '20260709', '20260710', '20250701', '20250702', '20250703', '20250704', '20250707', '20250708', '20250709', '20250710', '20250711', '20250714', '20250715', '20250716', '20250717', '20250718', '20250721', '20250722', '20250723', '20250724', '20250725', '20250728', '20250729', '20250730', '20250731', '20250801', '20250804', '20250805', '20250806', '20250807', '20250808', '20250811', '20250812', '20250813', '20250814', '20250815', '20250818', '20250819', '20250820', '20250821', '20250822', '20250825', '20250826', '20250827', '20250828', '20250829', '20250901', '20250902', '20250903', '20250904', '20250905', '20250908', '20250909', '20250910', '20250911', '20250912', '20250915', '20250916', '20250917', '20250918', '20250919', '20250922', '20250923']
20260615: dictkeys=['日', '来源', '涨停数', '炸板数', '跌停数', '炸板率', '成交额亿', '封板总额亿', '回封数', '最高板', '二板加', '梯队', '温度', '温度档']
20260616: dictkeys=['日', '来源', '涨停数', '炸板数', '跌停数', '炸板率', '成交额亿', '封板总额亿', '回封数', '最高板', '二板加', '梯队', '温度', '温度档']
20260617: dictkeys=['日', '来源', '涨停数', '炸板数', '跌停数', '炸板率', '成交额亿', '封板总额亿', '回封数', '最高板', '二板加', '梯队', '温度', '温度档']
20260618: dictkeys=['日', '来源', '涨停数', '炸板数', '跌停数', '炸板率', '成交额亿', '封板总额亿', '回封数', '最高板', '二板加', '梯队', '温度', '温度档']
20260622: dictkeys=['日', '来源', '涨停数', '炸板数', '跌停数', '炸板率', '成交额亿', '封板总额亿', '回封数', '最高板', '二板加', '梯队', '温度', '温度档']
20260623: dictkeys=['日', '来源', '涨停数', '炸板数', '跌停数', '炸板率', '成交额亿', '封板总额亿', '回封数', '最高板', '二板加', '梯队', '温度', '温度档']
20260624: dictkeys=['日', '来源', '涨停数', '炸板数', '跌停数', '炸板率', '成交额亿', '封板总额亿', '回封数', '最高板', '二板加', '梯队', '温度', '温度档']
20260625: dictkeys=['日', '来源', '涨停数', '炸板数', '跌停数', '炸板率', '成交额亿', '封板总额亿', '回封数', '最高板', '二板加', '梯队', '温度', '温度档']
20260626: dictkeys=['日', '来源', '涨停数', '炸板数', '跌停数', '炸板率', '成交额亿', '封板总额亿', '回封数', '最高板', '二板加', '梯队', '温度', '温度档']
20260629: dictkeys=['日', '来源', '涨停数', '炸板数', '跌停数', '炸板率', '成交额亿', '封板总额亿', '回封数', '最高板', '二板加', '梯队', '温度', '温度档']
20260630: dictkeys=['日', '来源', '涨停数', '炸板数', '跌停数', '炸板率', '成交额亿', '封板总额亿', '回封数', '最高板', '二板加', '梯队', '温度', '温度档']
20260701: dictkeys=['日', '来源', '涨停数', '炸板数', '跌停数', '炸板率', '成交额亿', '封板总额亿', '回封数', '最高板', '二板加', '梯队', '温度', '温度档']
20260702: dictkeys=['日', '来源', '涨停数', '炸板数', '跌停数', '炸板率', '成交额亿', '封板总额亿', '回封数', '最高板', '二板加', '梯队', '温度', '温度档']
20260703: dictkeys=['日', '来源', '涨停数', '炸板数', '跌停数', '炸板率', '成交额亿', '封板总额亿', '回封数', '最高板', '二板加', '梯队', '温度', '温度档']
20260706: dictkeys=['日', '来源', '涨停数', '炸板数', '跌停数', '炸板率', '成交额亿', '封板总额亿', '回封数', '最高板', '二板加', '梯队', '温度', '温度档']
20260707: dictkeys=['日', '来源', '涨停数', '炸板数', '跌停数', '炸板率', '成交额亿', '封板总额亿', '回封数', '最高板', '二板加', '梯队', '温度', '温度档']
20260708: dictkeys=['日', '来源', '涨停数', '炸板数', '跌停数', '炸板率', '成交额亿', '封板总额亿', '回封数', '最高板', '二板加', '梯队', '温度', '温度档']
20260709: dictkeys=['日', '来源', '涨停数', '炸板数', '跌停数', '炸板率', '成交额亿', '封板总额亿', '回封数', '最高板', '二板加', '梯队', '温度', '温度档']
20260710: dictkeys=['日', '来源', '涨停数', '炸板数', '跌停数', '炸板率', '成交额亿', '封板总额亿', '回封数', '最高板', '二板加', '梯队', '温度', '温度档']
20250701: dictkeys=['日', '来源', '涨停数', '炸板数', '跌停数', '炸板率', '成交额亿', '封板总额亿', '回封数', '最高板', '二板加', '梯队', '温度', '温度档']
20250702: dictkeys=['日', '来源', '涨停数', '炸板数', '跌停数', '炸板率', '成交额亿', '封板总额亿', '回封数', '最高板', '二板加', '梯队', '温度', '温度档']
20250703: dictkeys=['日', '来源', '涨停数', '炸板数', '跌停数', '炸板率', '成交额亿', '封板总额亿', '回封数', '最高板', '二板加', '梯队', '温度', '温度档']
20250704: dictkeys=['日', '来源', '涨停数', '炸板数', '跌停数', '炸板率', '成交额亿', '封板总额亿', '回封数', '最高板', '二板加', '梯队', '温度', '温度档']
20250707: dictkeys=['日', '来源', '涨停数', '炸板数', '跌停数', '炸板率', '成交额亿', '封板总额亿', '回封数', '最高板', '二板加', '梯队', '温度', '温度档']
20250708: dictkeys=['日', '来源', '涨停数', '炸板数', '跌停数', '炸板率', '成交额亿', '封板总额亿', '回封数', '最高板', '二板加', '梯队', '温度', '温度档']
20250709: dictkeys=['日', '来源', '涨停数', '炸板数', '跌停数', '炸板率', '成交额亿', '封板总额亿', '回封数', '最高板', '二板加', '梯队', '温度', '温度档']
20250710: dictkeys=['日', '来源', '涨停数', '炸板数', '跌停数', '炸板率', '成交额亿', '封板总额亿', '回封数', '最高板', '二板加', '梯队', '温度', '温度档']
20250711: dictkeys=['日', '来源', '涨停数', '炸板数', '跌停数', '炸板率', '成交额亿', '封板总额亿', '回封数', '最高板', '二板加', '梯队', '温度', '温度档']
20250714: dictkeys=['日', '来源', '涨停数', '炸板数', '跌停数', '炸板率', '成交额亿', '封板总额亿', '回封数', '最高板', '二板加', '梯队', '温度', '温度档']
20250715: dictkeys=['日', '来源', '涨停数', '炸板数', '跌停数', '炸板率', '成交额亿', '封板总额亿', '回封数', '最高板', '二板加', '梯队', '温度', '温度档']
20250716: dictkeys=['日', '来源', '涨停数', '炸板数', '跌停数', '炸板率', '成交额亿', '封板总额亿', '回封数', '最高板', '二板加', '梯队', '温度', '温度档']
20250717: dictkeys=['日', '来源', '涨停数', '炸板数', '跌停数', '炸板率', '成交额亿', '封板总额亿', '回封数', '最高板', '二板加', '梯队', '温度', '温度档']
20250718: dictkeys=['日', '来源', '涨停数', '炸板数', '跌停数', '炸板率', '成交额亿', '封板总额亿', '回封数', '最高板', '二板加', '梯队', '温度', '温度档']
20250721: dictkeys=['日', '来源', '涨停数', '炸板数', '跌停数', '炸板率', '成交额亿', '封板总额亿', '回封数', '最高板', '二板加', '梯队', '温度', '温度档']
20250722: dictkeys=['日', '来源', '涨停数', '炸板数', '跌停数', '炸板率', '成交额亿', '封板总额亿', '回封数', '最高板', '二板加', '梯队', '温度', '温度档']
20250723: dictkeys=['日', '来源', '涨停数', '炸板数', '跌停数', '炸板率', '成交额亿', '封板总额亿', '回封数', '最高板', '二板加', '梯队', '温度', '温度档']
20250724: dictkeys=['日', '来源', '涨停数', '炸板数', '跌停数', '炸板率', '成交额亿', '封板总额亿', '回封数', '最高板', '二板加', '梯队', '温度', '温度档']
20250725: dictkeys=['日', '来源', '涨停数', '炸板数', '跌停数', '炸板率', '成交额亿', '封板总额亿', '回封数', '最高板', '二板加', '梯队', '温度', '温度档']
20250728: dictkeys=['日', '来源', '涨停数', '炸板数', '跌停数', '炸板率', '成交额亿', '封板总额亿', '回封数', '最高板', '二板加', '梯队', '温度', '温度档']
20250729: dictkeys=['日', '来源', '涨停数', '炸板数', '跌停数', '炸板率', '成交额亿', '封板总额亿', '回封数', '最高板', '二板加', '梯队', '温度', '温度档']
20250730: dictkeys=['日', '来源', '涨停数', '炸板数', '跌停数', '炸板率', '成交额亿', '封板总额亿', '回封数', '最高板', '二板加', '梯队', '温度', '温度档']
20250731: dictkeys=['日', '来源', '涨停数', '炸板数', '跌停数', '炸板率', '成交额亿', '封板总额亿', '回封数', '最高板', '二板加', '梯队', '温度', '温度档']
20250801: dictkeys=['日', '来源', '涨停数', '炸板数', '跌停数', '炸板率', '成交额亿', '封板总额亿', '回封数', '最高板', '二板加', '梯队', '温度', '温度档']
20250804: dictkeys=['日', '来源', '涨停数', '炸板数', '跌停数', '炸板率', '成交额亿', '封板总额亿', '回封数', '最高板', '二板加', '梯队', '温度', '温度档']
20250805: dictkeys=['日', '来源', '涨停数', '炸板数', '跌停数', '炸板率', '成交额亿', '封板总额亿', '回封数', '最高板', '二板加', '梯队', '温度', '温度档']
20250806: dictkeys=['日', '来源', '涨停数', '炸板数', '跌停数', '炸板率', '成交额亿', '封板总额亿', '回封数', '最高板', '二板加', '梯队', '温度', '温度档']
20250807: dictkeys=['日', '来源', '涨停数', '炸板数', '跌停数', '炸板率', '成交额亿', '封板总额亿', '回封数', '最高板', '二板加', '梯队', '温度', '温度档']
20250808: dictkeys=['日', '来源', '涨停数', '炸板数', '跌停数', '炸板率', '成交额亿', '封板总额亿', '回封数', '最高板', '二板加', '梯队', '温度', '温度档']
20250811: dictkeys=['日', '来源', '涨停数', '炸板数', '跌停数', '炸板率', '成交额亿', '封板总额亿', '回封数', '最高板', '二板加', '梯队', '温度', '温度档']
20250812: dictkeys=['日', '来源', '涨停数', '炸板数', '跌停数', '炸板率', '成交额亿', '封板总额亿', '回封数', '最高板', '二板加', '梯队', '温度', '温度档']
20250813: dictkeys=['日', '来源', '涨停数', '炸板数', '跌停数', '炸板率', '成交额亿', '封板总额亿', '回封数', '最高板', '二板加', '梯队', '温度', '温度档']
20250814: dictkeys=['日', '来源', '涨停数', '炸板数', '跌停数', '炸板率', '成交额亿', '封板总额亿', '回封数', '最高板', '二板加', '梯队', '温度', '温度档']
20250815: dictkeys=['日', '来源', '涨停数', '炸板数', '跌停数', '炸板率', '成交额亿', '封板总额亿', '回封数', '最高板', '二板加', '梯队', '温度', '温度档']
20250818: dictkeys=['日', '来源', '涨停数', '炸板数', '跌停数', '炸板率', '成交额亿', '封板总额亿', '回封数', '最高板', '二板加', '梯队', '温度', '温度档']
20250819: dictkeys=['日', '来源', '涨停数', '炸板数', '跌停数', '炸板率', '成交额亿', '封板总额亿', '回封数', '最高板', '二板加', '梯队', '温度', '温度档']
20250820: dictkeys=['日', '来源', '涨停数', '炸板数', '跌停数', '炸板率', '成交额亿', '封板总额亿', '回封数', '最高板', '二板加', '梯队', '温度', '温度档']
20250821: dictkeys=['日', '来源', '涨停数', '炸板数', '跌停数', '炸板率', '成交额亿', '封板总额亿', '回封数', '最高板', '二板加', '梯队', '温度', '温度档']
20250822: dictkeys=['日', '来源', '涨停数', '炸板数', '跌停数', '炸板率', '成交额亿', '封板总额亿', '回封数', '最高板', '二板加', '梯队', '温度', '温度档']
20250825: dictkeys=['日', '来源', '涨停数', '炸板数', '跌停数', '炸板率', '成交额亿', '封板总额亿', '回封数', '最高板', '二板加', '梯队', '温度', '温度档']
20250826: dictkeys=['日', '来源', '涨停数', '炸板数', '跌停数', '炸板率', '成交额亿', '封板总额亿', '回封数', '最高板', '二板加', '梯队', '温度', '温度档']
20250827: dictkeys=['日', '来源', '涨停数', '炸板数', '跌停数', '炸板率', '成交额亿', '封板总额亿', '回封数', '最高板', '二板加', '梯队', '温度', '温度档']
20250828: dictkeys=['日', '来源', '涨停数', '炸板数', '跌停数', '炸板率', '成交额亿', '封板总额亿', '回封数', '最高板', '二板加', '梯队', '温度', '温度档']
20250829: dictkeys=['日', '来源', '涨停数', '炸板数', '跌停数', '炸板率', '成交额亿', '封板总额亿', '回封数', '最高板', '二板加', '梯队', '温度', '温度档']
20250901: dictkeys=['日', '来源', '涨停数', '炸板数', '跌停数', '炸板率', '成交额亿', '封板总额亿', '回封数', '最高板', '二板加', '梯队', '温度', '温度档']
20250902: dictkeys=['日', '来源', '涨停数', '炸板数', '跌停数', '炸板率', '成交额亿', '封板总额亿', '回封数', '最高板', '二板加', '梯队', '温度', '温度档']
20250903: dictkeys=['日', '来源', '涨停数', '炸板数', '跌停数', '炸板率', '成交额亿', '封板总额亿', '回封数', '最高板', '二板加', '梯队', '温度', '温度档']
20250904: dictkeys=['日', '来源', '涨停数', '炸板数', '跌停数', '炸板率', '成交额亿', '封板总额亿', '回封数', '最高板', '二板加', '梯队', '温度', '温度档']
20250905: dictkeys=['日', '来源', '涨停数', '炸板数', '跌停数', '炸板率', '成交额亿', '封板总额亿', '回封数', '最高板', '二板加', '梯队', '温度', '温度档']
20250908: dictkeys=['日', '来源', '涨停数', '炸板数', '跌停数', '炸板率', '成交额亿', '封板总额亿', '回封数', '最高板', '二板加', '梯队', '温度', '温度档']
20250909: dictkeys=['日', '来源', '涨停数', '炸板数', '跌停数', '炸板率', '成交额亿', '封板总额亿', '回封数', '最高板', '二板加', '梯队', '温度', '温度档']
20250910: dictkeys=['日', '来源', '涨停数', '炸板数', '跌停数', '炸板率', '成交额亿', '封板总额亿', '回封数', '最高板', '二板加', '梯队', '温度', '温度档']
20250911: dictkeys=['日', '来源', '涨停数', '炸板数', '跌停数', '炸板率', '成交额亿', '封板总额亿', '回封数', '最高板', '二板加', '梯队', '温度', '温度档']
20250912: dictkeys=['日', '来源', '涨停数', '炸板数', '跌停数', '炸板率', '成交额亿', '封板总额亿', '回封数', '最高板', '二板加', '梯队', '温度', '温度档']
20250915: dictkeys=['日', '来源', '涨停数', '炸板数', '跌停数', '炸板率', '成交额亿', '封板总额亿', '回封数', '最高板', '二板加', '梯队', '温度', '温度档']
20250916: dictkeys=['日', '来源', '涨停数', '炸板数', '跌停数', '炸板率', '成交额亿', '封板总额亿', '回封数', '最高板', '二板加', '梯队', '温度', '温度档']
20250917: dictkeys=['日', '来源', '涨停数', '炸板数', '跌停数', '炸板率', '成交额亿', '封板总额亿', '回封数', '最高板', '二板加', '梯队', '温度', '温度档']
20250918: dictkeys=['日', '来源', '涨停数', '炸板数', '跌停数', '炸板率', '成交额亿', '封板总额亿', '回封数', '最高板', '二板加', '梯队', '温度', '温度档']
20250919: dictkeys=['日', '来源', '涨停数', '炸板数', '跌停数', '炸板率', '成交额亿', '封板总额亿', '回封数', '最高板', '二板加', '梯队', '温度', '温度档']
20250922: dictkeys=['日', '来源', '涨停数', '炸板数', '跌停数', '炸板率', '成交额亿', '封板总额亿', '回封数', '最高板', '二板加', '梯队', '温度', '温度档']
20250923: dictkeys=['日', '来源', '涨停数', '炸板数', '跌停数', '炸板率', '成交额亿', '封板总额亿', '回封数', '最高板', '二板加', '梯队', '温度', '温度档']
20250924: dictkeys=['日', '来源', '涨停数', '炸板数', '跌停数', '炸板率', '成交额亿', '封板总额亿', '回封数', '最高板', '二板加', '梯队', '温度', '温度档']
20250925: dictkeys=['日', '来源', '涨停数', '炸板数', '跌停数', '炸板率', '成交额亿', '封板总额亿', '回封数', '最高板', '二板加', '梯队', '温度', '温度档']
20250926: dictkeys=['日', '来源', '涨停数', '炸板数', '跌停数', '炸板率', '成交额亿', '封板总额亿', '回封数', '最高板', '二板加', '梯队', '温度', '温度档']
20250929: dictkeys=['日', '来源', '涨停数', '炸板数', '跌停数', '炸板率', '成交额亿', '封板总额亿', '回封数', '最高板', '二板加', '梯队', '温度', '温度档']
20250930: dictkeys=['日', '来源', '涨停数', '炸板数', '跌停数', '炸板率', '成交额亿', '封板总额亿', '回封数', '最高板', '二板加', '梯队', '温度', '温度档']
20251009: dictkeys=['日', '来源', '涨停数', '炸板数', '跌停数', '炸板率', '成交额亿', '封板总额亿', '回封数', '最高板', '二板加', '梯队', '温度', '温度档']
20251010: dictkeys=['日', '来源', '涨停数', '炸板数', '跌停数', '炸板率', '成交额亿', '封板总额亿', '回封数', '最高板', '二板加', '梯队', '温度', '温度档']
20251013: dictkeys=['日', '来源', '涨停数', '炸板数', '跌停数', '炸板率', '成交额亿', '封板总额亿', '回封数', '最高板', '二板加', '梯队', '温度', '温度档']
20251014: dictkeys=['日', '来源', '涨停数', '炸板数', '跌停数', '炸板率', '成交额亿', '封板总额亿', '回封数', '最高板', '二板加', '梯队', '温度', '温度档']
20251015: dictkeys=['日', '来源', '涨停数', '炸板数', '跌停数', '炸板率', '成交额亿', '封板总额亿', '回封数', '最高板', '二板加', '梯队', '温度', '温度档']
20251016: dictkeys=['日', '来源', '涨停数', '炸板数', '跌停数', '炸板率', '成交额亿', '封板总额亿', '回封数', '最高板', '二板加', '梯队', '温度', '温度档']
20251017: dictkeys=['日', '来源', '涨停数', '炸板数', '跌停数', '炸板率', '成交额亿', '封板总额亿', '回封数', '最高板', '二板加', '梯队', '温度', '温度档']
20251020: dictkeys=['日', '来源', '涨停数', '炸板数', '跌停数', '炸板率', '成交额亿', '封板总额亿', '回封数', '最高板', '二板加', '梯队', '温度', '温度档']
20251021: dictkeys=['日', '来源', '涨停数', '炸板数', '跌停数', '炸板率', '成交额亿', '封板总额亿', '回封数', '最高板', '二板加', '梯队', '温度', '温度档']
20251022: dictkeys=['日', '来源', '涨停数', '炸板数', '跌停数', '炸板率', '成交额亿', '封板总额亿', '回封数', '最高板', '二板加', '梯队', '温度', '温度档']
20251023: dictkeys=['日', '来源', '涨停数', '炸板数', '跌停数', '炸板率', '成交额亿', '封板总额亿', '回封数', '最高板', '二板加', '梯队', '温度', '温度档']
20251024: dictkeys=['日', '来源', '涨停数', '炸板数', '跌停数', '炸板率', '成交额亿', '封板总额亿', '回封数', '最高板', '二板加', '梯队', '温度', '温度档']
20251027: dictkeys=['日', '来源', '涨停数', '炸板数', '跌停数', '炸板率', '成交额亿', '封板总额亿', '回封数', '最高板', '二板加', '梯队', '温度', '温度档']
20251028: dictkeys=['日', '来源', '涨停数', '炸板数', '跌停数', '炸板率', '成交额亿', '封板总额亿', '回封数', '最高板', '二板加', '梯队', '温度', '温度档']
20251029: dictkeys=['日', '来源', '涨停数', '炸板数', '跌停数', '炸板率', '成交额亿', '封板总额亿', '回封数', '最高板', '二板加', '梯队', '温度', '温度档']
20251030: dictkeys=['日', '来源', '涨停数', '炸板数', '跌停数', '炸板率', '成交额亿', '封板总额亿', '回封数', '最高板', '二板加', '梯队', '温度', '温度档']
20251031: dictkeys=['日', '来源', '涨停数', '炸板数', '跌停数', '炸板率', '成交额亿', '封板总额亿', '回封数', '最高板', '二板加', '梯队', '温度', '温度档']
20251103: dictkeys=['日', '来源', '涨停数', '炸板数', '跌停数', '炸板率', '成交额亿', '封板总额亿', '回封数', '最高板', '二板加', '梯队', '温度', '温度档']
20251104: dictkeys=['日', '来源', '涨停数', '炸板数', '跌停数', '炸板率', '成交额亿', '封板总额亿', '回封数', '最高板', '二板加', '梯队', '温度', '温度档']
20251105: dictkeys=['日', '来源', '涨停数', '炸板数', '跌停数', '炸板率', '成交额亿', '封板总额亿', '回封数', '最高板', '二板加', '梯队', '温度', '温度档']
20251106: dictkeys=['日', '来源', '涨停数', '炸板数', '跌停数', '炸板率', '成交额亿', '封板总额亿', '回封数', '最高板', '二板加', '梯队', '温度', '温度档']
20251107: dictkeys=['日', '来源', '涨停数', '炸板数', '跌停数', '炸板率', '成交额亿', '封板总额亿', '回封数', '最高板', '二板加', '梯队', '温度', '温度档']
20251110: dictkeys=['日', '来源', '涨停数', '炸板数', '跌停数', '炸板率', '成交额亿', '封板总额亿', '回封数', '最高板', '二板加', '梯队', '温度', '温度档']
20251111: dictkeys=['日', '来源', '涨停数', '炸板数', '跌停数', '炸板率', '成交额亿', '封板总额亿', '回封数', '最高板', '二板加', '梯队', '温度', '温度档']
20251112: dictkeys=['日', '来源', '涨停数', '炸板数', '跌停数', '炸板率', '成交额亿', '封板总额亿', '回封数', '最高板', '二板加', '梯队', '温度', '温度档']
20251113: dictkeys=['日', '来源', '涨停数', '炸板数', '跌停数', '炸板率', '成交额亿', '封板总额亿', '回封数', '最高板', '二板加', '梯队', '温度', '温度档']
20251114: dictkeys=['日', '来源', '涨停数', '炸板数', '跌停数', '炸板率', '成交额亿', '封板总额亿', '回封数', '最高板', '二板加', '梯队', '温度', '温度档']
20251117: dictkeys=['日', '来源', '涨停数', '炸板数', '跌停数', '炸板率', '成交额亿', '封板总额亿', '回封数', '最高板', '二板加', '梯队', '温度', '温度档']
20251118: dictkeys=['日', '来源', '涨停数', '炸板数', '跌停数', '炸板率', '成交额亿', '封板总额亿', '回封数', '最高板', '二板加', '梯队', '温度', '温度档']
20251119: dictkeys=['日', '来源', '涨停数', '炸板数', '跌停数', '炸板率', '成交额亿', '封板总额亿', '回封数', '最高板', '二板加', '梯队', '温度', '温度档']
20251120: dictkeys=['日', '来源', '涨停数', '炸板数', '跌停数', '炸板率', '成交额亿', '封板总额亿', '回封数', '最高板', '二板加', '梯队', '温度', '温度档']
20251121: dictkeys=['日', '来源', '涨停数', '炸板数', '跌停数', '炸板率', '成交额亿', '封板总额亿', '回封数', '最高板', '二板加', '梯队', '温度', '温度档']
20251124: dictkeys=['日', '来源', '涨停数', '炸板数', '跌停数', '炸板率', '成交额亿', '封板总额亿', '回封数', '最高板', '二板加', '梯队', '温度', '温度档']
20251125: dictkeys=['日', '来源', '涨停数', '炸板数', '跌停数', '炸板率', '成交额亿', '封板总额亿', '回封数', '最高板', '二板加', '梯队', '温度', '温度档']
20251126: dictkeys=['日', '来源', '涨停数', '炸板数', '跌停数', '炸板率', '成交额亿', '封板总额亿', '回封数', '最高板', '二板加', '梯队', '温度', '温度档']
20251127: dictkeys=['日', '来源', '涨停数', '炸板数', '跌停数', '炸板率', '成交额亿', '封板总额亿', '回封数', '最高板', '二板加', '梯队', '温度', '温度档']
20251128: dictkeys=['日', '来源', '涨停数', '炸板数', '跌停数', '炸板率', '成交额亿', '封板总额亿', '回封数', '最高板', '二板加', '梯队', '温度', '温度档']
20251201: dictkeys=['日', '来源', '涨停数', '炸板数', '跌停数', '炸板率', '成交额亿', '封板总额亿', '回封数', '最高板', '二板加', '梯队', '温度', '温度档']
20251202: dictkeys=['日', '来源', '涨停数', '炸板数', '跌停数', '炸板率', '成交额亿', '封板总额亿', '回封数', '最高板', '二板加', '梯队', '温度', '温度档']
20251203: dictkeys=['日', '来源', '涨停数', '炸板数', '跌停数', '炸板率', '成交额亿', '封板总额亿', '回封数', '最高板', '二板加', '梯队', '温度', '温度档']
20251204: dictkeys=['日', '来源', '涨停数', '炸板数', '跌停数', '炸板率', '成交额亿', '封板总额亿', '回封数', '最高板', '二板加', '梯队', '温度', '温度档']
20251205: dictkeys=['日', '来源', '涨停数', '炸板数', '跌停数', '炸板率', '成交额亿', '封板总额亿', '回封数', '最高板', '二板加', '梯队', '温度', '温度档']
20251208: dictkeys=['日', '来源', '涨停数', '炸板数', '跌停数', '炸板率', '成交额亿', '封板总额亿', '回封数', '最高板', '二板加', '梯队', '温度', '温度档']
20251209: dictkeys=['日', '来源', '涨停数', '炸板数', '跌停数', '炸板率', '成交额亿', '封板总额亿', '回封数', '最高板', '二板加', '梯队', '温度', '温度档']
20251210: dictkeys=['日', '来源', '涨停数', '炸板数', '跌停数', '炸板率', '成交额亿', '封板总额亿', '回封数', '最高板', '二板加', '梯队', '温度', '温度档']
20251211: dictkeys=['日', '来源', '涨停数', '炸板数', '跌停数', '炸板率', '成交额亿', '封板总额亿', '回封数', '最高板', '二板加', '梯队', '温度', '温度档']
20251212: dictkeys=['日', '来源', '涨停数', '炸板数', '跌停数', '炸板率', '成交额亿', '封板总额亿', '回封数', '最高板', '二板加', '梯队', '温度', '温度档']
20251215: dictkeys=['日', '来源', '涨停数', '炸板数', '跌停数', '炸板率', '成交额亿', '封板总额亿', '回封数', '最高板', '二板加', '梯队', '温度', '温度档']
20251216: dictkeys=['日', '来源', '涨停数', '炸板数', '跌停数', '炸板率', '成交额亿', '封板总额亿', '回封数', '最高板', '二板加', '梯队', '温度', '温度档']
20251217: dictkeys=['日', '来源', '涨停数', '炸板数', '跌停数', '炸板率', '成交额亿', '封板总额亿', '回封数', '最高板', '二板加', '梯队', '温度', '温度档']
20251218: dictkeys=['日', '来源', '涨停数', '炸板数', '跌停数', '炸板率', '成交额亿', '封板总额亿', '回封数', '最高板', '二板加', '梯队', '温度', '温度档']
20251219: dictkeys=['日', '来源', '涨停数', '炸板数', '跌停数', '炸板率', '成交额亿', '封板总额亿', '回封数', '最高板', '二板加', '梯队', '温度', '温度档']
20251222: dictkeys=['日', '来源', '涨停数', '炸板数', '跌停数', '炸板率', '成交额亿', '封板总额亿', '回封数', '最高板', '二板加', '梯队', '温度', '温度档']
20251223: dictkeys=['日', '来源', '涨停数', '炸板数', '跌停数', '炸板率', '成交额亿', '封板总额亿', '回封数', '最高板', '二板加', '梯队', '温度', '温度档']
20251224: dictkeys=['日', '来源', '涨停数', '炸板数', '跌停数', '炸板率', '成交额亿', '封板总额亿', '回封数', '最高板', '二板加', '梯队', '温度', '温度档']
20251225: dictkeys=['日', '来源', '涨停数', '炸板数', '跌停数', '炸板率', '成交额亿', '封板总额亿', '回封数', '最高板', '二板加', '梯队', '温度', '温度档']
20251226: dictkeys=['日', '来源', '涨停数', '炸板数', '跌停数', '炸板率', '成交额亿', '封板总额亿', '回封数', '最高板', '二板加', '梯队', '温度', '温度档']
20251229: dictkeys=['日', '来源', '涨停数', '炸板数', '跌停数', '炸板率', '成交额亿', '封板总额亿', '回封数', '最高板', '二板加', '梯队', '温度', '温度档']
20251230: dictkeys=['日', '来源', '涨停数', '炸板数', '跌停数', '炸板率', '成交额亿', '封板总额亿', '回封数', '最高板', '二板加', '梯队', '温度', '温度档']
20251231: dictkeys=['日', '来源', '涨停数', '炸板数', '跌停数', '炸板率', '成交额亿', '封板总额亿', '回封数', '最高板', '二板加', '梯队', '温度', '温度档']
20260105: dictkeys=['日', '来源', '涨停数', '炸板数', '跌停数', '炸板率', '成交额亿', '封板总额亿', '回封数', '最高板', '二板加', '梯队', '温度', '温度档']
20260106: dictkeys=['日', '来源', '涨停数', '炸板数', '跌停数', '炸板率', '成交额亿', '封板总额亿', '回封数', '最高板', '二板加', '梯队', '温度', '温度档']
20260107: dictkeys=['日', '来源', '涨停数', '炸板数', '跌停数', '炸板率', '成交额亿', '封板总额亿', '回封数', '最高板', '二板加', '梯队', '温度', '温度档']
20260108: dictkeys=['日', '来源', '涨停数', '炸板数', '跌停数', '炸板率', '成交额亿', '封板总额亿', '回封数', '最高板', '二板加', '梯队', '温度', '温度档']
20260109: dictkeys=['日', '来源', '涨停数', '炸板数', '跌停数', '炸板率', '成交额亿', '封板总额亿', '回封数', '最高板', '二板加', '梯队', '温度', '温度档']
20260112: dictkeys=['日', '来源', '涨停数', '炸板数', '跌停数', '炸板率', '成交额亿', '封板总额亿', '回封数', '最高板', '二板加', '梯队', '温度', '温度档']
20260113: dictkeys=['日', '来源', '涨停数', '炸板数', '跌停数', '炸板率', '成交额亿', '封板总额亿', '回封数', '最高板', '二板加', '梯队', '温度', '温度档']
20260114: dictkeys=['日', '来源', '涨停数', '炸板数', '跌停数', '炸板率', '成交额亿', '封板总额亿', '回封数', '最高板', '二板加', '梯队', '温度', '温度档']
20260115: dictkeys=['日', '来源', '涨停数', '炸板数', '跌停数', '炸板率', '成交额亿', '封板总额亿', '回封数', '最高板', '二板加', '梯队', '温度', '温度档']
20260116: dictkeys=['日', '来源', '涨停数', '炸板数', '跌停数', '炸板率', '成交额亿', '封板总额亿', '回封数', '最高板', '二板加', '梯队', '温度', '温度档']
20260119: dictkeys=['日', '来源', '涨停数', '炸板数', '跌停数', '炸板率', '成交额亿', '封板总额亿', '回封数', '最高板', '二板加', '梯队', '温度', '温度档']
20260120: dictkeys=['日', '来源', '涨停数', '炸板数', '跌停数', '炸板率', '成交额亿', '封板总额亿', '回封数', '最高板', '二板加', '梯队', '温度', '温度档']
20260121: dictkeys=['日', '来源', '涨停数', '炸板数', '跌停数', '炸板率', '成交额亿', '封板总额亿', '回封数', '最高板', '二板加', '梯队', '温度', '温度档']
20260122: dictkeys=['日', '来源', '涨停数', '炸板数', '跌停数', '炸板率', '成交额亿', '封板总额亿', '回封数', '最高板', '二板加', '梯队', '温度', '温度档']
20260123: dictkeys=['日', '来源', '涨停数', '炸板数', '跌停数', '炸板率', '成交额亿', '封板总额亿', '回封数', '最高板', '二板加', '梯队', '温度', '温度档']
20260126: dictkeys=['日', '来源', '涨停数', '炸板数', '跌停数', '炸板率', '成交额亿', '封板总额亿', '回封数', '最高板', '二板加', '梯队', '温度', '温度档']
20260127: dictkeys=['日', '来源', '涨停数', '炸板数', '跌停数', '炸板率', '成交额亿', '封板总额亿', '回封数', '最高板', '二板加', '梯队', '温度', '温度档']
20260128: dictkeys=['日', '来源', '涨停数', '炸板数', '跌停数', '炸板率', '成交额亿', '封板总额亿', '回封数', '最高板', '二板加', '梯队', '温度', '温度档']
20260129: dictkeys=['日', '来源', '涨停数', '炸板数', '跌停数', '炸板率', '成交额亿', '封板总额亿', '回封数', '最高板', '二板加', '梯队', '温度', '温度档']
20260130: dictkeys=['日', '来源', '涨停数', '炸板数', '跌停数', '炸板率', '成交额亿', '封板总额亿', '回封数', '最高板', '二板加', '梯队', '温度', '温度档']
20260202: dictkeys=['日', '来源', '涨停数', '炸板数', '跌停数', '炸板率', '成交额亿', '封板总额亿', '回封数', '最高板', '二板加', '梯队', '温度', '温度档']
20260203: dictkeys=['日', '来源', '涨停数', '炸板数', '跌停数', '炸板率', '成交额亿', '封板总额亿', '回封数', '最高板', '二板加', '梯队', '温度', '温度档']
20260204: dictkeys=['日', '来源', '涨停数', '炸板数', '跌停数', '炸板率', '成交额亿', '封板总额亿', '回封数', '最高板', '二板加', '梯队', '温度', '温度档']
20260205: dictkeys=['日', '来源', '涨停数', '炸板数', '跌停数', '炸板率', '成交额亿', '封板总额亿', '回封数', '最高板', '二板加', '梯队', '温度', '温度档']
20260206: dictkeys=['日', '来源', '涨停数', '炸板数', '跌停数', '炸板率', '成交额亿', '封板总额亿', '回封数', '最高板', '二板加', '梯队', '温度', '温度档']
20260209: dictkeys=['日', '来源', '涨停数', '炸板数', '跌停数', '炸板率', '成交额亿', '封板总额亿', '回封数', '最高板', '二板加', '梯队', '温度', '温度档']
20260210: dictkeys=['日', '来源', '涨停数', '炸板数', '跌停数', '炸板率', '成交额亿', '封板总额亿', '回封数', '最高板', '二板加', '梯队', '温度', '温度档']
20260211: dictkeys=['日', '来源', '涨停数', '炸板数', '跌停数', '炸板率', '成交额亿', '封板总额亿', '回封数', '最高板', '二板加', '梯队', '温度', '温度档']
20260212: dictkeys=['日', '来源', '涨停数', '炸板数', '跌停数', '炸板率', '成交额亿', '封板总额亿', '回封数', '最高板', '二板加', '梯队', '温度', '温度档']
20260213: dictkeys=['日', '来源', '涨停数', '炸板数', '跌停数', '炸板率', '成交额亿', '封板总额亿', '回封数', '最高板', '二板加', '梯队', '温度', '温度档']
20260224: dictkeys=['日', '来源', '涨停数', '炸板数', '跌停数', '炸板率', '成交额亿', '封板总额亿', '回封数', '最高板', '二板加', '梯队', '温度', '温度档']
20260225: dictkeys=['日', '来源', '涨停数', '炸板数', '跌停数', '炸板率', '成交额亿', '封板总额亿', '回封数', '最高板', '二板加', '梯队', '温度', '温度档']
20260226: dictkeys=['日', '来源', '涨停数', '炸板数', '跌停数', '炸板率', '成交额亿', '封板总额亿', '回封数', '最高板', '二板加', '梯队', '温度', '温度档']
20260227: dictkeys=['日', '来源', '涨停数', '炸板数', '跌停数', '炸板率', '成交额亿', '封板总额亿', '回封数', '最高板', '二板加', '梯队', '温度', '温度档']
20260302: dictkeys=['日', '来源', '涨停数', '炸板数', '跌停数', '炸板率', '成交额亿', '封板总额亿', '回封数', '最高板', '二板加', '梯队', '温度', '温度档']
20260303: dictkeys=['日', '来源', '涨停数', '炸板数', '跌停数', '炸板率', '成交额亿', '封板总额亿', '回封数', '最高板', '二板加', '梯队', '温度', '温度档']
20260304: dictkeys=['日', '来源', '涨停数', '炸板数', '跌停数', '炸板率', '成交额亿', '封板总额亿', '回封数', '最高板', '二板加', '梯队', '温度', '温度档']
20260305: dictkeys=['日', '来源', '涨停数', '炸板数', '跌停数', '炸板率', '成交额亿', '封板总额亿', '回封数', '最高板', '二板加', '梯队', '温度', '温度档']
20260306: dictkeys=['日', '来源', '涨停数', '炸板数', '跌停数', '炸板率', '成交额亿', '封板总额亿', '回封数', '最高板', '二板加', '梯队', '温度', '温度档']
20260309: dictkeys=['日', '来源', '涨停数', '炸板数', '跌停数', '炸板率', '成交额亿', '封板总额亿', '回封数', '最高板', '二板加', '梯队', '温度', '温度档']
20260310: dictkeys=['日', '来源', '涨停数', '炸板数', '跌停数', '炸板率', '成交额亿', '封板总额亿', '回封数', '最高板', '二板加', '梯队', '温度', '温度档']
20260311: dictkeys=['日', '来源', '涨停数', '炸板数', '跌停数', '炸板率', '成交额亿', '封板总额亿', '回封数', '最高板', '二板加', '梯队', '温度', '温度档']
20260312: dictkeys=['日', '来源', '涨停数', '炸板数', '跌停数', '炸板率', '成交额亿', '封板总额亿', '回封数', '最高板', '二板加', '梯队', '温度', '温度档']
20260313: dictkeys=['日', '来源', '涨停数', '炸板数', '跌停数', '炸板率', '成交额亿', '封板总额亿', '回封数', '最高板', '二板加', '梯队', '温度', '温度档']
20260316: dictkeys=['日', '来源', '涨停数', '炸板数', '跌停数', '炸板率', '成交额亿', '封板总额亿', '回封数', '最高板', '二板加', '梯队', '温度', '温度档']
20260317: dictkeys=['日', '来源', '涨停数', '炸板数', '跌停数', '炸板率', '成交额亿', '封板总额亿', '回封数', '最高板', '二板加', '梯队', '温度', '温度档']
20260318: dictkeys=['日', '来源', '涨停数', '炸板数', '跌停数', '炸板率', '成交额亿', '封板总额亿', '回封数', '最高板', '二板加', '梯队', '温度', '温度档']
20260319: dictkeys=['日', '来源', '涨停数', '炸板数', '跌停数', '炸板率', '成交额亿', '封板总额亿', '回封数', '最高板', '二板加', '梯队', '温度', '温度档']
20260320: dictkeys=['日', '来源', '涨停数', '炸板数', '跌停数', '炸板率', '成交额亿', '封板总额亿', '回封数', '最高板', '二板加', '梯队', '温度', '温度档']
20260323: dictkeys=['日', '来源', '涨停数', '炸板数', '跌停数', '炸板率', '成交额亿', '封板总额亿', '回封数', '最高板', '二板加', '梯队', '温度', '温度档']
20260324: dictkeys=['日', '来源', '涨停数', '炸板数', '跌停数', '炸板率', '成交额亿', '封板总额亿', '回封数', '最高板', '二板加', '梯队', '温度', '温度档']
20260325: dictkeys=['日', '来源', '涨停数', '炸板数', '跌停数', '炸板率', '成交额亿', '封板总额亿', '回封数', '最高板', '二板加', '梯队', '温度', '温度档']
20260326: dictkeys=['日', '来源', '涨停数', '炸板数', '跌停数', '炸板率', '成交额亿', '封板总额亿', '回封数', '最高板', '二板加', '梯队', '温度', '温度档']
20260327: dictkeys=['日', '来源', '涨停数', '炸板数', '跌停数', '炸板率', '成交额亿', '封板总额亿', '回封数', '最高板', '二板加', '梯队', '温度', '温度档']
20260330: dictkeys=['日', '来源', '涨停数', '炸板数', '跌停数', '炸板率', '成交额亿', '封板总额亿', '回封数', '最高板', '二板加', '梯队', '温度', '温度档']
20260331: dictkeys=['日', '来源', '涨停数', '炸板数', '跌停数', '炸板率', '成交额亿', '封板总额亿', '回封数', '最高板', '二板加', '梯队', '温度', '温度档']
20260401: dictkeys=['日', '来源', '涨停数', '炸板数', '跌停数', '炸板率', '成交额亿', '封板总额亿', '回封数', '最高板', '二板加', '梯队', '温度', '温度档']
20260402: dictkeys=['日', '来源', '涨停数', '炸板数', '跌停数', '炸板率', '成交额亿', '封板总额亿', '回封数', '最高板', '二板加', '梯队', '温度', '温度档']
20260403: dictkeys=['日', '来源', '涨停数', '炸板数', '跌停数', '炸板率', '成交额亿', '封板总额亿', '回封数', '最高板', '二板加', '梯队', '温度', '温度档']
20260407: dictkeys=['日', '来源', '涨停数', '炸板数', '跌停数', '炸板率', '成交额亿', '封板总额亿', '回封数', '最高板', '二板加', '梯队', '温度', '温度档']
20260408: dictkeys=['日', '来源', '涨停数', '炸板数', '跌停数', '炸板率', '成交额亿', '封板总额亿', '回封数', '最高板', '二板加', '梯队', '温度', '温度档']
20260409: dictkeys=['日', '来源', '涨停数', '炸板数', '跌停数', '炸板率', '成交额亿', '封板总额亿', '回封数', '最高板', '二板加', '梯队', '温度', '温度档']
20260410: dictkeys=['日', '来源', '涨停数', '炸板数', '跌停数', '炸板率', '成交额亿', '封板总额亿', '回封数', '最高板', '二板加', '梯队', '温度', '温度档']
20260413: dictkeys=['日', '来源', '涨停数', '炸板数', '跌停数', '炸板率', '成交额亿', '封板总额亿', '回封数', '最高板', '二板加', '梯队', '温度', '温度档']
20260414: dictkeys=['日', '来源', '涨停数', '炸板数', '跌停数', '炸板率', '成交额亿', '封板总额亿', '回封数', '最高板', '二板加', '梯队', '温度', '温度档']
20260415: dictkeys=['日', '来源', '涨停数', '炸板数', '跌停数', '炸板率', '成交额亿', '封板总额亿', '回封数', '最高板', '二板加', '梯队', '温度', '温度档']
20260416: dictkeys=['日', '来源', '涨停数', '炸板数', '跌停数', '炸板率', '成交额亿', '封板总额亿', '回封数', '最高板', '二板加', '梯队', '温度', '温度档']
20260417: dictkeys=['日', '来源', '涨停数', '炸板数', '跌停数', '炸板率', '成交额亿', '封板总额亿', '回封数', '最高板', '二板加', '梯队', '温度', '温度档']
20260420: dictkeys=['日', '来源', '涨停数', '炸板数', '跌停数', '炸板率', '成交额亿', '封板总额亿', '回封数', '最高板', '二板加', '梯队', '温度', '温度档']
20260421: dictkeys=['日', '来源', '涨停数', '炸板数', '跌停数', '炸板率', '成交额亿', '封板总额亿', '回封数', '最高板', '二板加', '梯队', '温度', '温度档']
20260422: dictkeys=['日', '来源', '涨停数', '炸板数', '跌停数', '炸板率', '成交额亿', '封板总额亿', '回封数', '最高板', '二板加', '梯队', '温度', '温度档']
20260423: dictkeys=['日', '来源', '涨停数', '炸板数', '跌停数', '炸板率', '成交额亿', '封板总额亿', '回封数', '最高板', '二板加', '梯队', '温度', '温度档']
20260424: dictkeys=['日', '来源', '涨停数', '炸板数', '跌停数', '炸板率', '成交额亿', '封板总额亿', '回封数', '最高板', '二板加', '梯队', '温度', '温度档']
20260427: dictkeys=['日', '来源', '涨停数', '炸板数', '跌停数', '炸板率', '成交额亿', '封板总额亿', '回封数', '最高板', '二板加', '梯队', '温度', '温度档']
20260428: dictkeys=['日', '来源', '涨停数', '炸板数', '跌停数', '炸板率', '成交额亿', '封板总额亿', '回封数', '最高板', '二板加', '梯队', '温度', '温度档']
20260429: dictkeys=['日', '来源', '涨停数', '炸板数', '跌停数', '炸板率', '成交额亿', '封板总额亿', '回封数', '最高板', '二板加', '梯队', '温度', '温度档']
20260430: dictkeys=['日', '来源', '涨停数', '炸板数', '跌停数', '炸板率', '成交额亿', '封板总额亿', '回封数', '最高板', '二板加', '梯队', '温度', '温度档']
20260506: dictkeys=['日', '来源', '涨停数', '炸板数', '跌停数', '炸板率', '成交额亿', '封板总额亿', '回封数', '最高板', '二板加', '梯队', '温度', '温度档']
20260507: dictkeys=['日', '来源', '涨停数', '炸板数', '跌停数', '炸板率', '成交额亿', '封板总额亿', '回封数', '最高板', '二板加', '梯队', '温度', '温度档']
20260508: dictkeys=['日', '来源', '涨停数', '炸板数', '跌停数', '炸板率', '成交额亿', '封板总额亿', '回封数', '最高板', '二板加', '梯队', '温度', '温度档']
20260511: dictkeys=['日', '来源', '涨停数', '炸板数', '跌停数', '炸板率', '成交额亿', '封板总额亿', '回封数', '最高板', '二板加', '梯队', '温度', '温度档']
20260512: dictkeys=['日', '来源', '涨停数', '炸板数', '跌停数', '炸板率', '成交额亿', '封板总额亿', '回封数', '最高板', '二板加', '梯队', '温度', '温度档']
20260513: dictkeys=['日', '来源', '涨停数', '炸板数', '跌停数', '炸板率', '成交额亿', '封板总额亿', '回封数', '最高板', '二板加', '梯队', '温度', '温度档']
20260514: dictkeys=['日', '来源', '涨停数', '炸板数', '跌停数', '炸板率', '成交额亿', '封板总额亿', '回封数', '最高板', '二板加', '梯队', '温度', '温度档']
20260515: dictkeys=['日', '来源', '涨停数', '炸板数', '跌停数', '炸板率', '成交额亿', '封板总额亿', '回封数', '最高板', '二板加', '梯队', '温度', '温度档']
20260518: dictkeys=['日', '来源', '涨停数', '炸板数', '跌停数', '炸板率', '成交额亿', '封板总额亿', '回封数', '最高板', '二板加', '梯队', '温度', '温度档']
20260519: dictkeys=['日', '来源', '涨停数', '炸板数', '跌停数', '炸板率', '成交额亿', '封板总额亿', '回封数', '最高板', '二板加', '梯队', '温度', '温度档']
20260520: dictkeys=['日', '来源', '涨停数', '炸板数', '跌停数', '炸板率', '成交额亿', '封板总额亿', '回封数', '最高板', '二板加', '梯队', '温度', '温度档']
20260521: dictkeys=['日', '来源', '涨停数', '炸板数', '跌停数', '炸板率', '成交额亿', '封板总额亿', '回封数', '最高板', '二板加', '梯队', '温度', '温度档']
20260522: dictkeys=['日', '来源', '涨停数', '炸板数', '跌停数', '炸板率', '成交额亿', '封板总额亿', '回封数', '最高板', '二板加', '梯队', '温度', '温度档']
20260525: dictkeys=['日', '来源', '涨停数', '炸板数', '跌停数', '炸板率', '成交额亿', '封板总额亿', '回封数', '最高板', '二板加', '梯队', '温度', '温度档']
20260526: dictkeys=['日', '来源', '涨停数', '炸板数', '跌停数', '炸板率', '成交额亿', '封板总额亿', '回封数', '最高板', '二板加', '梯队', '温度', '温度档']
20260527: dictkeys=['日', '来源', '涨停数', '炸板数', '跌停数', '炸板率', '成交额亿', '封板总额亿', '回封数', '最高板', '二板加', '梯队', '温度', '温度档']
20260528: dictkeys=['日', '来源', '涨停数', '炸板数', '跌停数', '炸板率', '成交额亿', '封板总额亿', '回封数', '最高板', '二板加', '梯队', '温度', '温度档']
20260529: dictkeys=['日', '来源', '涨停数', '炸板数', '跌停数', '炸板率', '成交额亿', '封板总额亿', '回封数', '最高板', '二板加', '梯队', '温度', '温度档']
20260601: dictkeys=['日', '来源', '涨停数', '炸板数', '跌停数', '炸板率', '成交额亿', '封板总额亿', '回封数', '最高板', '二板加', '梯队', '温度', '温度档']
20260602: dictkeys=['日', '来源', '涨停数', '炸板数', '跌停数', '炸板率', '成交额亿', '封板总额亿', '回封数', '最高板', '二板加', '梯队', '温度', '温度档']
20260603: dictkeys=['日', '来源', '涨停数', '炸板数', '跌停数', '炸板率', '成交额亿', '封板总额亿', '回封数', '最高板', '二板加', '梯队', '温度', '温度档']
20260604: dictkeys=['日', '来源', '涨停数', '炸板数', '跌停数', '炸板率', '成交额亿', '封板总额亿', '回封数', '最高板', '二板加', '梯队', '温度', '温度档']
20260605: dictkeys=['日', '来源', '涨停数', '炸板数', '跌停数', '炸板率', '成交额亿', '封板总额亿', '回封数', '最高板', '二板加', '梯队', '温度', '温度档']
20260608: dictkeys=['日', '来源', '涨停数', '炸板数', '跌停数', '炸板率', '成交额亿', '封板总额亿', '回封数', '最高板', '二板加', '梯队', '温度', '温度档']
20260609: dictkeys=['日', '来源', '涨停数', '炸板数', '跌停数', '炸板率', '成交额亿', '封板总额亿', '回封数', '最高板', '二板加', '梯队', '温度', '温度档']
20260610: dictkeys=['日', '来源', '涨停数', '炸板数', '跌停数', '炸板率', '成交额亿', '封板总额亿', '回封数', '最高板', '二板加', '梯队', '温度', '温度档']
20260611: dictkeys=['日', '来源', '涨停数', '炸板数', '跌停数', '炸板率', '成交额亿', '封板总额亿', '回封数', '最高板', '二板加', '梯队', '温度', '温度档']
20260612: dictkeys=['日', '来源', '涨停数', '炸板数', '跌停数', '炸板率', '成交额亿', '封板总额亿', '回封数', '最高板', '二板加', '梯队', '温度', '温度档']
20260713: dictkeys=['日', '来源', '涨停数', '炸板数', '跌停数', '炸板率', '成交额亿', '封板总额亿', '回封数', '最高板', '二板加', '梯队', '温度', '温度档']
20260714: dictkeys=['日', '来源', '涨停数', '炸板数', '跌停数', '炸板率', '成交额亿', '封板总额亿', '回封数', '最高板', '二板加', '梯队', '温度', '温度档']
20260715: dictkeys=['日', '来源', '涨停数', '炸板数', '跌停数', '炸板率', '成交额亿', '封板总额亿', '回封数', '最高板', '二板加', '梯队', '温度', '温度档']
20260716: dictkeys=['日', '来源', '涨停数', '炸板数', '跌停数', '炸板率', '成交额亿', '封板总额亿', '回封数', '最高板', '二板加', '梯队', '温度', '温度档']
20260811: dictkeys=['日', '来源', '涨停数', '炸板数', '跌停数', '炸板率', '成交额亿', '封板总额亿', '回封数', '最高板', '二板加', '梯队', '温度', '温度档']
20260812: dictkeys=['日', '来源', '涨停数', '炸板数', '跌停数', '炸板率', '成交额亿', '封板总额亿', '回封数', '最高板', '二板加', '梯队', '温度', '温度档']
20260813: dictkeys=['日', '来源', '涨停数', '炸板数', '跌停数', '炸板率', '成交额亿', '封板总额亿', '回封数', '最高板', '二板加', '梯队', '温度', '温度档']
20260814: dictkeys=['日', '来源', '涨停数', '炸板数', '跌停数', '炸板率', '成交额亿', '封板总额亿', '回封数', '最高板', '二板加', '梯队', '温度', '温度档']
20260817: dictkeys=['日', '来源', '涨停数', '炸板数', '跌停数', '炸板率', '成交额亿', '封板总额亿', '回封数', '最高板', '二板加', '梯队', '温度', '温度档']
20260818: dictkeys=['日', '来源', '涨停数', '炸板数', '跌停数', '炸板率', '成交额亿', '封板总额亿', '回封数', '最高板', '二板加', '梯队', '温度', '温度档']
20260819: dictkeys=['日', '来源', '涨停数', '炸板数', '跌停数', '炸板率', '成交额亿', '封板总额亿', '回封数', '最高板', '二板加', '梯队', '温度', '温度档']
20260820: dictkeys=['日', '来源', '涨停数', '炸板数', '跌停数', '炸板率', '成交额亿', '封板总额亿', '回封数', '最高板', '二板加', '梯队', '温度', '温度档']
20260821: dictkeys=['日', '来源', '涨停数', '炸板数', '跌停数', '炸板率', '成交额亿', '封板总额亿', '回封数', '最高板', '二板加', '梯队', '温度', '温度档']
20260824: dictkeys=['日', '来源', '涨停数', '炸板数', '跌停数', '炸板率', '成交额亿', '封板总额亿', '回封数', '最高板', '二板加', '梯队', '温度', '温度档']
20260825: dictkeys=['日', '来源', '涨停数', '炸板数', '跌停数', '炸板率', '成交额亿', '封板总额亿', '回封数', '最高板', '二板加', '梯队', '温度', '温度档']
20260826: dictkeys=['日', '来源', '涨停数', '炸板数', '跌停数', '炸板率', '成交额亿', '封板总额亿', '回封数', '最高板', '二板加', '梯队', '温度', '温度档']
20260827: dictkeys=['日', '来源', '涨停数', '炸板数', '跌停数', '炸板率', '成交额亿', '封板总额亿', '回封数', '最高板', '二板加', '梯队', '温度', '温度档']
20260828: dictkeys=['日', '来源', '涨停数', '炸板数', '跌停数', '炸板率', '成交额亿', '封板总额亿', '回封数', '最高板', '二板加', '梯队', '温度', '温度档']
20260831: dictkeys=['日', '来源', '涨停数', '炸板数', '跌停数', '炸板率', '成交额亿', '封板总额亿', '回封数', '最高板', '二板加', '梯队', '温度', '温度档']
20260901: dictkeys=['日', '来源', '涨停数', '炸板数', '跌停数', '炸板率', '成交额亿', '封板总额亿', '回封数', '最高板', '二板加', '梯队', '温度', '温度档']
20260902: dictkeys=['日', '来源', '涨停数', '炸板数', '跌停数', '炸板率', '成交额亿', '封板总额亿', '回封数', '最高板', '二板加', '梯队', '温度', '温度档']
20260903: dictkeys=['日', '来源', '涨停数', '炸板数', '跌停数', '炸板率', '成交额亿', '封板总额亿', '回封数', '最高板', '二板加', '梯队', '温度', '温度档']
20260904: dictkeys=['日', '来源', '涨停数', '炸板数', '跌停数', '炸板率', '成交额亿', '封板总额亿', '回封数', '最高板', '二板加', '梯队', '温度', '温度档']
20260907: dictkeys=['日', '来源', '涨停数', '炸板数', '跌停数', '炸板率', '成交额亿', '封板总额亿', '回封数', '最高板', '二板加', '梯队', '温度', '温度档']
20260908: dictkeys=['日', '来源', '涨停数', '炸板数', '跌停数', '炸板率', '成交额亿', '封板总额亿', '回封数', '最高板', '二板加', '梯队', '温度', '温度档']
20260909: dictkeys=['日', '来源', '涨停数', '炸板数', '跌停数', '炸板率', '成交额亿', '封板总额亿', '回封数', '最高板', '二板加', '梯队', '温度', '温度档']
20260910: dictkeys=['日', '来源', '涨停数', '炸板数', '跌停数', '炸板率', '成交额亿', '封板总额亿', '回封数', '最高板', '二板加', '梯队', '温度', '温度档']
20260911: dictkeys=['日', '来源', '涨停数', '炸板数', '跌停数', '炸板率', '成交额亿', '封板总额亿', '回封数', '最高板', '二板加', '梯队', '温度', '温度档']
20260918: dictkeys=['日', '来源', '涨停数', '炸板数', '跌停数', '炸板率', '成交额亿', '封板总额亿', '回封数', '最高板', '二板加', '梯队', '温度', '温度档']
20260921: dictkeys=['日', '来源', '涨停数', '炸板数', '跌停数', '炸板率', '成交额亿', '封板总额亿', '回封数', '最高板', '二板加', '梯队', '温度', '温度档']
20260922: dictkeys=['日', '来源', '涨停数', '炸板数', '跌停数', '炸板率', '成交额亿', '封板总额亿', '回封数', '最高板', '二板加', '梯队', '温度', '温度档']
20260914: dictkeys=['日', '来源', '涨停数', '炸板数', '跌停数', '炸板率', '成交额亿', '封板总额亿', '回封数', '最高板', '二板加', '梯队', '温度', '温度档']
20260915: dictkeys=['日', '来源', '涨停数', '炸板数', '跌停数', '炸板率', '成交额亿', '封板总额亿', '回封数', '最高板', '二板加', '梯队', '温度', '温度档']
20260916: dictkeys=['日', '来源', '涨停数', '炸板数', '跌停数', '炸板率', '成交额亿', '封板总额亿', '回封数', '最高板', '二板加', '梯队', '温度', '温度档']
20260917: dictkeys=['日', '来源', '涨停数', '炸板数', '跌停数', '炸板率', '成交额亿', '封板总额亿', '回封数', '最高板', '二板加', '梯队', '温度', '温度档']
20260923: dictkeys=['日', '来源', '涨停数', '炸板数', '跌停数', '炸板率', '成交额亿', '封板总额亿', '回封数', '最高板', '二板加', '梯队', '温度', '温度档']
20260924: dictkeys=['日', '来源', '涨停数', '炸板数', '跌停数', '炸板率', '成交额亿', '封板总额亿', '回封数', '最高板', '二板加', '梯队', '温度', '温度档']
20260925: dictkeys=['日', '来源', '涨停数', '炸板数', '跌停数', '炸板率', '成交额亿', '封板总额亿', '回封数', '最高板', '二板加', '梯队', '温度', '温度档']
20260928: dictkeys=['日', '来源', '涨停数', '炸板数', '跌停数', '炸板率', '成交额亿', '封板总额亿', '回封数', '最高板', '二板加', '梯队', '温度', '温度档']
20260929: dictkeys=['日', '来源', '涨停数', '炸板数', '跌停数', '炸板率', '成交额亿', '封板总额亿', '回封数', '最高板', '二板加', '梯队', '温度', '温度档']

### emotion D:\股票数据\市场数据\_学习\_情绪先行指标.json EXISTS True
keys= ['20250701', '20250702', '20250703', '20250704', '20250707', '20250708', '20250709', '20250710', '20250711', '20250714', '20250715', '20250716', '20250717', '20250718', '20250721', '20250722', '20250723', '20250724', '20250725', '20250728', '20250729', '20250730', '20250731', '20250801', '20250804', '20250805', '20250806', '20250807', '20250808', '20250811', '20250812', '20250813', '20250814', '20250815', '20250818', '20250819', '20250820', '20250821', '20250822', '20250825', '20250826', '20250827', '20250828', '20250829', '20250901', '20250902', '20250903', '20250904', '20250905', '20250908', '20250909', '20250910', '20250911', '20250912', '20250915', '20250916', '20250917', '20250918', '20250919', '20250922', '20250923', '20250924', '20250925', '20250926', '20250929', '20250930', '20251009', '20251010', '20251013', '20251014', '20251015', '20251016', '20251017', '20251020', '20251021', '20251022', '20251023', '20251024', '20251027', '20251028']
20250701: dictkeys=['晋级', '昨日涨停溢价']
20250702: dictkeys=['晋级', '昨日涨停溢价']
20250703: dictkeys=['晋级', '昨日涨停溢价']
20250704: dictkeys=['晋级', '昨日涨停溢价']
20250707: dictkeys=['晋级', '昨日涨停溢价']
20250708: dictkeys=['晋级', '昨日涨停溢价']
20250709: dictkeys=['晋级', '昨日涨停溢价']
20250710: dictkeys=['晋级', '昨日涨停溢价']
20250711: dictkeys=['晋级', '昨日涨停溢价']
20250714: dictkeys=['晋级', '昨日涨停溢价']
20250715: dictkeys=['晋级', '昨日涨停溢价']
20250716: dictkeys=['晋级', '昨日涨停溢价']
20250717: dictkeys=['晋级', '昨日涨停溢价']
20250718: dictkeys=['晋级', '昨日涨停溢价']
20250721: dictkeys=['晋级', '昨日涨停溢价']
20250722: dictkeys=['晋级', '昨日涨停溢价']
20250723: dictkeys=['晋级', '昨日涨停溢价']
20250724: dictkeys=['晋级', '昨日涨停溢价']
20250725: dictkeys=['晋级', '昨日涨停溢价']
20250728: dictkeys=['晋级', '昨日涨停溢价']
20250729: dictkeys=['晋级', '昨日涨停溢价']
20250730: dictkeys=['晋级', '昨日涨停溢价']
20250731: dictkeys=['晋级', '昨日涨停溢价']
20250801: dictkeys=['晋级', '昨日涨停溢价']
20250804: dictkeys=['晋级', '昨日涨停溢价']
20250805: dictkeys=['晋级', '昨日涨停溢价']
20250806: dictkeys=['晋级', '昨日涨停溢价']
20250807: dictkeys=['晋级', '昨日涨停溢价']
20250808: dictkeys=['晋级', '昨日涨停溢价']
20250811: dictkeys=['晋级', '昨日涨停溢价']
20250812: dictkeys=['晋级', '昨日涨停溢价']
20250813: dictkeys=['晋级', '昨日涨停溢价']
20250814: dictkeys=['晋级', '昨日涨停溢价']
20250815: dictkeys=['晋级', '昨日涨停溢价']
20250818: dictkeys=['晋级', '昨日涨停溢价']
20250819: dictkeys=['晋级', '昨日涨停溢价']
20250820: dictkeys=['晋级', '昨日涨停溢价']
20250821: dictkeys=['晋级', '昨日涨停溢价']
20250822: dictkeys=['晋级', '昨日涨停溢价']
20250825: dictkeys=['晋级', '昨日涨停溢价']
20250826: dictkeys=['晋级', '昨日涨停溢价']
20250827: dictkeys=['晋级', '昨日涨停溢价']
20250828: dictkeys=['晋级', '昨日涨停溢价']
20250829: dictkeys=['晋级', '昨日涨停溢价']
20250901: dictkeys=['晋级', '昨日涨停溢价']
20250902: dictkeys=['晋级', '昨日涨停溢价']
20250903: dictkeys=['晋级', '昨日涨停溢价']
20250904: dictkeys=['晋级', '昨日涨停溢价']
20250905: dictkeys=['晋级', '昨日涨停溢价']
20250908: dictkeys=['晋级', '昨日涨停溢价']
20250909: dictkeys=['晋级', '昨日涨停溢价']
20250910: dictkeys=['晋级', '昨日涨停溢价']
20250911: dictkeys=['晋级', '昨日涨停溢价']
20250912: dictkeys=['晋级', '昨日涨停溢价']
20250915: dictkeys=['晋级', '昨日涨停溢价']
20250916: dictkeys=['晋级', '昨日涨停溢价']
20250917: dictkeys=['晋级', '昨日涨停溢价']
20250918: dictkeys=['晋级', '昨日涨停溢价']
20250919: dictkeys=['晋级', '昨日涨停溢价']
20250922: dictkeys=['晋级', '昨日涨停溢价']
20250923: dictkeys=['晋级', '昨日涨停溢价']
20250924: dictkeys=['晋级', '昨日涨停溢价']
20250925: dictkeys=['晋级', '昨日涨停溢价']
20250926: dictkeys=['晋级', '昨日涨停溢价']
20250929: dictkeys=['晋级', '昨日涨停溢价']
20250930: dictkeys=['晋级', '昨日涨停溢价']
20251009: dictkeys=['晋级', '昨日涨停溢价']
20251010: dictkeys=['晋级', '昨日涨停溢价']
20251013: dictkeys=['晋级', '昨日涨停溢价']
20251014: dictkeys=['晋级', '昨日涨停溢价']
20251015: dictkeys=['晋级', '昨日涨停溢价']
20251016: dictkeys=['晋级', '昨日涨停溢价']
20251017: dictkeys=['晋级', '昨日涨停溢价']
20251020: dictkeys=['晋级', '昨日涨停溢价']
20251021: dictkeys=['晋级', '昨日涨停溢价']
20251022: dictkeys=['晋级', '昨日涨停溢价']
20251023: dictkeys=['晋级', '昨日涨停溢价']
20251024: dictkeys=['晋级', '昨日涨停溢价']
20251027: dictkeys=['晋级', '昨日涨停溢价']
20251028: dictkeys=['晋级', '昨日涨停溢价']
20251029: dictkeys=['晋级', '昨日涨停溢价']
20251030: dictkeys=['晋级', '昨日涨停溢价']
20251031: dictkeys=['晋级', '昨日涨停溢价']
20251103: dictkeys=['晋级', '昨日涨停溢价']
20251104: dictkeys=['晋级', '昨日涨停溢价']
20251105: dictkeys=['晋级', '昨日涨停溢价']
20251106: dictkeys=['晋级', '昨日涨停溢价']
20251107: dictkeys=['晋级', '昨日涨停溢价']
20251110: dictkeys=['晋级', '昨日涨停溢价']
20251111: dictkeys=['晋级', '昨日涨停溢价']
20251112: dictkeys=['晋级', '昨日涨停溢价']
20251113: dictkeys=['晋级', '昨日涨停溢价']
20251114: dictkeys=['晋级', '昨日涨停溢价']
20251117: dictkeys=['晋级', '昨日涨停溢价']
20251118: dictkeys=['晋级', '昨日涨停溢价']
20251119: dictkeys=['晋级', '昨日涨停溢价']
20251120: dictkeys=['晋级', '昨日涨停溢价']
20251121: dictkeys=['晋级', '昨日涨停溢价']
20251124: dictkeys=['晋级', '昨日涨停溢价']
20251125: dictkeys=['晋级', '昨日涨停溢价']
20251126: dictkeys=['晋级', '昨日涨停溢价']
20251127: dictkeys=['晋级', '昨日涨停溢价']
20251128: dictkeys=['晋级', '昨日涨停溢价']
20251201: dictkeys=['晋级', '昨日涨停溢价']
20251202: dictkeys=['晋级', '昨日涨停溢价']
20251203: dictkeys=['晋级', '昨日涨停溢价']
20251204: dictkeys=['晋级', '昨日涨停溢价']
20251205: dictkeys=['晋级', '昨日涨停溢价']
20251208: dictkeys=['晋级', '昨日涨停溢价']
20251209: dictkeys=['晋级', '昨日涨停溢价']
20251210: dictkeys=['晋级', '昨日涨停溢价']
20251211: dictkeys=['晋级', '昨日涨停溢价']
20251212: dictkeys=['晋级', '昨日涨停溢价']
20251215: dictkeys=['晋级', '昨日涨停溢价']
20251216: dictkeys=['晋级', '昨日涨停溢价']
20251217: dictkeys=['晋级', '昨日涨停溢价']
20251218: dictkeys=['晋级', '昨日涨停溢价']
20251219: dictkeys=['晋级', '昨日涨停溢价']
20251222: dictkeys=['晋级', '昨日涨停溢价']
20251223: dictkeys=['晋级', '昨日涨停溢价']
20251224: dictkeys=['晋级', '昨日涨停溢价']
20251225: dictkeys=['晋级', '昨日涨停溢价']
20251226: dictkeys=['晋级', '昨日涨停溢价']
20251229: dictkeys=['晋级', '昨日涨停溢价']
20251230: dictkeys=['晋级', '昨日涨停溢价']
20251231: dictkeys=['晋级', '昨日涨停溢价']
20260105: dictkeys=['晋级', '昨日涨停溢价']
20260106: dictkeys=['晋级', '昨日涨停溢价']
20260107: dictkeys=['晋级', '昨日涨停溢价']
20260108: dictkeys=['晋级', '昨日涨停溢价']
20260109: dictkeys=['晋级', '昨日涨停溢价']
20260112: dictkeys=['晋级', '昨日涨停溢价']
20260113: dictkeys=['晋级', '昨日涨停溢价']
20260114: dictkeys=['晋级', '昨日涨停溢价']
20260115: dictkeys=['晋级', '昨日涨停溢价']
20260116: dictkeys=['晋级', '昨日涨停溢价']
20260119: dictkeys=['晋级', '昨日涨停溢价']
20260120: dictkeys=['晋级', '昨日涨停溢价']
20260121: dictkeys=['晋级', '昨日涨停溢价']
20260122: dictkeys=['晋级', '昨日涨停溢价']
20260123: dictkeys=['晋级', '昨日涨停溢价']
20260126: dictkeys=['晋级', '昨日涨停溢价']
20260127: dictkeys=['晋级', '昨日涨停溢价']
20260128: dictkeys=['晋级', '昨日涨停溢价']
20260129: dictkeys=['晋级', '昨日涨停溢价']
20260130: dictkeys=['晋级', '昨日涨停溢价']
20260202: dictkeys=['晋级', '昨日涨停溢价']
20260203: dictkeys=['晋级', '昨日涨停溢价']
20260204: dictkeys=['晋级', '昨日涨停溢价']
20260205: dictkeys=['晋级', '昨日涨停溢价']
20260206: dictkeys=['晋级', '昨日涨停溢价']
20260209: dictkeys=['晋级', '昨日涨停溢价']
20260210: dictkeys=['晋级', '昨日涨停溢价']
20260211: dictkeys=['晋级', '昨日涨停溢价']
20260212: dictkeys=['晋级', '昨日涨停溢价']
20260213: dictkeys=['晋级', '昨日涨停溢价']
20260224: dictkeys=['晋级', '昨日涨停溢价']
20260225: dictkeys=['晋级', '昨日涨停溢价']
20260226: dictkeys=['晋级', '昨日涨停溢价']
20260227: dictkeys=['晋级', '昨日涨停溢价']
20260302: dictkeys=['晋级', '昨日涨停溢价']
20260303: dictkeys=['晋级', '昨日涨停溢价']
20260304: dictkeys=['晋级', '昨日涨停溢价']
20260305: dictkeys=['晋级', '昨日涨停溢价']
20260306: dictkeys=['晋级', '昨日涨停溢价']
20260309: dictkeys=['晋级', '昨日涨停溢价']
20260310: dictkeys=['晋级', '昨日涨停溢价']
20260311: dictkeys=['晋级', '昨日涨停溢价']
20260312: dictkeys=['晋级', '昨日涨停溢价']
20260313: dictkeys=['晋级', '昨日涨停溢价']
20260316: dictkeys=['晋级', '昨日涨停溢价']
20260317: dictkeys=['晋级', '昨日涨停溢价']
20260318: dictkeys=['晋级', '昨日涨停溢价']
20260319: dictkeys=['晋级', '昨日涨停溢价']
20260320: dictkeys=['晋级', '昨日涨停溢价']
20260323: dictkeys=['晋级', '昨日涨停溢价']
20260324: dictkeys=['晋级', '昨日涨停溢价']
20260325: dictkeys=['晋级', '昨日涨停溢价']
20260326: dictkeys=['晋级', '昨日涨停溢价']
20260327: dictkeys=['晋级', '昨日涨停溢价']
20260330: dictkeys=['晋级', '昨日涨停溢价']
20260331: dictkeys=['晋级', '昨日涨停溢价']
20260401: dictkeys=['晋级', '昨日涨停溢价']
20260402: dictkeys=['晋级', '昨日涨停溢价']
20260403: dictkeys=['晋级', '昨日涨停溢价']
20260407: dictkeys=['晋级', '昨日涨停溢价']
20260408: dictkeys=['晋级', '昨日涨停溢价']
20260409: dictkeys=['晋级', '昨日涨停溢价']
20260410: dictkeys=['晋级', '昨日涨停溢价']
20260413: dictkeys=['晋级', '昨日涨停溢价']
20260414: dictkeys=['晋级', '昨日涨停溢价']
20260415: dictkeys=['晋级', '昨日涨停溢价']
20260416: dictkeys=['晋级', '昨日涨停溢价']
20260417: dictkeys=['晋级', '昨日涨停溢价']
20260420: dictkeys=['晋级', '昨日涨停溢价']
20260421: dictkeys=['晋级', '昨日涨停溢价']
20260422: dictkeys=['晋级', '昨日涨停溢价']
20260423: dictkeys=['晋级', '昨日涨停溢价']
20260424: dictkeys=['晋级', '昨日涨停溢价']
20260427: dictkeys=['晋级', '昨日涨停溢价']
20260428: dictkeys=['晋级', '昨日涨停溢价']
20260429: dictkeys=['晋级', '昨日涨停溢价']
20260430: dictkeys=['晋级', '昨日涨停溢价']
20260506: dictkeys=['晋级', '昨日涨停溢价']
20260507: dictkeys=['晋级', '昨日涨停溢价']
20260508: dictkeys=['晋级', '昨日涨停溢价']
20260511: dictkeys=['晋级', '昨日涨停溢价']
20260512: dictkeys=['晋级', '昨日涨停溢价']
20260513: dictkeys=['晋级', '昨日涨停溢价']
20260514: dictkeys=['晋级', '昨日涨停溢价']
20260515: dictkeys=['晋级', '昨日涨停溢价']
20260518: dictkeys=['晋级', '昨日涨停溢价']
20260519: dictkeys=['晋级', '昨日涨停溢价']
20260520: dictkeys=['晋级', '昨日涨停溢价']
20260521: dictkeys=['晋级', '昨日涨停溢价']
20260522: dictkeys=['晋级', '昨日涨停溢价']
20260525: dictkeys=['晋级', '昨日涨停溢价']
20260526: dictkeys=['晋级', '昨日涨停溢价']
20260527: dictkeys=['晋级', '昨日涨停溢价']
20260528: dictkeys=['晋级', '昨日涨停溢价']
20260529: dictkeys=['晋级', '昨日涨停溢价']
20260601: dictkeys=['晋级', '昨日涨停溢价']
20260602: dictkeys=['晋级', '昨日涨停溢价']
20260603: dictkeys=['晋级', '昨日涨停溢价']
20260604: dictkeys=['晋级', '昨日涨停溢价']
20260605: dictkeys=['晋级', '昨日涨停溢价']
20260608: dictkeys=['晋级', '昨日涨停溢价']
20260609: dictkeys=['晋级', '昨日涨停溢价']
20260610: dictkeys=['晋级', '昨日涨停溢价']
20260611: dictkeys=['晋级', '昨日涨停溢价']
20260612: dictkeys=['晋级', '昨日涨停溢价']
20260615: dictkeys=['晋级', '昨日涨停溢价']
20260616: dictkeys=['晋级', '昨日涨停溢价']
20260617: dictkeys=['晋级', '昨日涨停溢价']
20260618: dictkeys=['晋级', '昨日涨停溢价']
20260622: dictkeys=['晋级', '昨日涨停溢价']
20260623: dictkeys=['晋级', '昨日涨停溢价']
20260624: dictkeys=['晋级', '昨日涨停溢价']
20260625: dictkeys=['晋级', '昨日涨停溢价']
20260626: dictkeys=['晋级', '昨日涨停溢价']
20260629: dictkeys=['晋级', '昨日涨停溢价']
20260630: dictkeys=['晋级', '昨日涨停溢价']
20260701: dictkeys=['晋级', '昨日涨停溢价']
20260702: dictkeys=['晋级', '昨日涨停溢价']
20260703: dictkeys=['晋级', '昨日涨停溢价']
20260706: dictkeys=['晋级', '核按钮', '昨日涨停溢价']
20260707: dictkeys=['晋级', '核按钮', '昨日涨停溢价']
20260708: dictkeys=['晋级', '核按钮', '昨日涨停溢价']
20260709: dictkeys=['晋级', '核按钮', '昨日涨停溢价']
20260710: dictkeys=['晋级', '核按钮', '昨日涨停溢价', '触发器']
20260713: dictkeys=['晋级', '核按钮', '昨日涨停溢价', '触发器']
20260714: dictkeys=['晋级', '核按钮', '昨日涨停溢价', '触发器']
20260715: dictkeys=['晋级', '核按钮', '昨日涨停溢价', '触发器']
20260716: dictkeys=['晋级', '核按钮', '昨日涨停溢价', '触发器']
20260812: dictkeys=['晋级', '昨日涨停溢价', '触发器']
20260811: dictkeys=['晋级', '核按钮', '昨日涨停溢价', '触发器']
20260813: dictkeys=['晋级', '核按钮', '昨日涨停溢价', '触发器']
20260814: dictkeys=['晋级', '核按钮', '昨日涨停溢价', '触发器']
20260817: dictkeys=['晋级', '核按钮', '昨日涨停溢价', '触发器']
20260818: dictkeys=['晋级', '核按钮', '昨日涨停溢价', '触发器']
20260819: dictkeys=['晋级', '核按钮', '昨日涨停溢价', '触发器']
20260820: dictkeys=['晋级', '核按钮', '昨日涨停溢价', '触发器']
20260821: dictkeys=['晋级', '核按钮', '昨日涨停溢价', '触发器']
20260824: dictkeys=['晋级', '核按钮', '昨日涨停溢价', '触发器']
20260825: dictkeys=['晋级', '核按钮', '昨日涨停溢价', '触发器']
20260826: dictkeys=['晋级', '昨日涨停溢价', '触发器']
20260827: dictkeys=['晋级', '核按钮', '昨日涨停溢价', '触发器']
20260828: dictkeys=['晋级', '核按钮', '昨日涨停溢价', '触发器']
20260831: dictkeys=['晋级', '核按钮', '昨日涨停溢价', '触发器']
20260901: dictkeys=['晋级', '昨日涨停溢价', '触发器']
20260902: dictkeys=['晋级', '昨日涨停溢价', '触发器']
20260903: dictkeys=['晋级', '核按钮', '昨日涨停溢价', '触发器']
20260904: dictkeys=['晋级', '核按钮', '昨日涨停溢价', '触发器']
20260907: dictkeys=['晋级', '核按钮', '昨日涨停溢价', '触发器']
20260908: dictkeys=['晋级', '昨日涨停溢价']
--help: dictkeys=['晋级', '昨日涨停溢价', '触发器']
20260909: dictkeys=['晋级', '核按钮', '昨日涨停溢价', '触发器']
20260910: dictkeys=['晋级', '核按钮', '昨日涨停溢价', '触发器']
20260911: dictkeys=['日', '晋级', '核按钮', '昨日涨停溢价', '触发器']
20260921: dictkeys=['晋级', '核按钮', '昨日涨停溢价', '触发器']
20260922: dictkeys=['晋级', '核按钮', '昨日涨停溢价', '触发器']
20260923: dictkeys=['晋级', '核按钮', '昨日涨停溢价', '触发器']
20260924: dictkeys=['晋级', '核按钮', '昨日涨停溢价', '触发器']
20260925: dictkeys=['晋级', '核按钮', '昨日涨停溢价', '触发器']
-h: dictkeys=['晋级', '昨日涨停溢价', '触发器']
20260928: dictkeys=['晋级', '核按钮', '昨日涨停溢价', '触发器']
20260929: dictkeys=['晋级', '核按钮', '昨日涨停溢价', '触发器']

### quality_recs D:\股票数据\市场数据\_学习\涨停质量荐票_20260929.json EXISTS True
keys= ['日', '库窗口', '库样本', '口径', '活跃因子', '荐票源', '打标数', '明细', 'top5']
日: 20260929
库窗口: 20250701~20260929
库样本: 18850
口径: v6多因子评分卡(截面因子加权+IC显著性双门)。因子T日收盘可知;★执行口径:执1/执2买入点同为T+1开盘——执1=T+1开→T+1收(A股T+1制度当日卖不出,故执1=买入当天浮动盈亏/逐日盯市,检验开盘追买当天吃肉还是被套);执2=T+1开→T+2收(首个可完整执行的真实回合,最贴近交割的战绩口径)。荐票主口径=执行,一字开盘可能仍买不进=上界;信号口径T1/T2=T收→T+1/T+2收(仅参考)。不复权,零后视镜。质量分=Σ权重×桶分(0.5执1胜率+0.3执1均涨+0.2执2均涨映射);有效性(v6)=区分度×单调性×IC显著性: 淘汰双门=区分度<3.0pp或|IC_t|<2.0; 翻转=近20日RankIC与全窗反号降权50%; 市场温度/涨停环境=日级环境因子移出选股加权(见环境规则); 封单额冗余出权重。IC口径=逐日截面spearman(因子,E1),依据Qlib复检20260711。
活跃因子: list[8] sample=['首封时间', '封单比', '开板次数', '换手率', '流通市值', '股价档', '量比', '板前5日动能']
荐票源: 12_涨停复盘(v5.1规则榜+抓龙率)
打标数: 57
明细: list[57] sample=[{'代码': '600825', '名称': '新华传媒', '首封': '09:25', '连板': 6, '开板次数': 0, '命中规则': ['封单额≥4亿 × 封单比≥2% × 一字≤9:25', '封单额≥4亿 × 封单比≥2% × 中大盘≥80亿', '未开板 × 封单额≥4亿 × 封单比≥2%', '未开板 × 封单额≥4亿 × 一字≤9:25', '封单比≥2% × 一字≤9:25 × 中大盘≥80亿', '封单额≥4亿 × 一字≤9:25 × 行业共振≥2', '封单额≥4亿 × 一字≤9:25 × 中大盘≥80亿', '封单额≥4亿 × 一字≤9:25', '封单额≥4亿 × 封单比≥2% × 行业共振≥2'], '命中数': 9, '封单比': 18.844, '换手': 1.4979088306427002, '市值亿': 98.3, '股价': 9.41, '基因10日': 5, '量比': 3.63, '位置60日': 1.0, '动能5日': 61.02, '行业家数': 3, '涨停总数': 57, '封单额亿': 18.53, '温度': 43.0, '环境提示': None, '抓龙率': 25.7, '质量分': 3, '预测执1胜率': 34.9, '预测执1均涨': -0.67, '预测执2胜率': 47.8, '预测执2均涨': 0.17, '主导因子': '流通市值:中盘80-200亿(+0.1); 量比:放量2-4(+0.1) | 拖累 换手率:<3%(-0.7); 开板次数:未开板(-0.6)', '大方向': '出版', '环节': '行业兜底', '催化': '行业兜底/原因缺失', '来源档': 'B'}, {'代码': '605303', '名称': '园林股份', '首封': '09:25', '连板': 1, '开板次数': 0, '命中规则': [], '命中数': 0, '封单比': 5.713, '换手': 0.1573456227779388, '市值亿': 42.0, '股价': 26.05, '基因10日': 0, '量比': 0.09, '位置60日': 0.9264, '动能5日': -4.36, '行业家数': 1, '涨停总数': 57, '封单额亿': 2.4, '温度': 43.0, '环境提示': None, '抓龙率': 25.1, '质量分': 3, '预测执1胜率': 35.0, '预测执1均涨': -0.69, '预测执2胜率': 47.8, '预测执2均涨': 0.14, '主导因子': '股价档:15-40元(+0.2); 板前5日动能:回调<-3%(+0.2) | 拖累 换手率:<3%(-0.7); 开板次数:未开板(-0.6)', '大方向': '基础建设', '环节': '行业兜底', '催化': '行业兜底/原因缺失', '来源档': 'B'}, {'代码': '000678', '名称': '襄阳轴承', '首封': '09:25', '连板': 3, '开板次数': 0, '命中规则': [], '命中数': 0, '封单比': 2.779, '换手': 2.056127548217773, '市值亿': 53.9, '股价': 11.72, '基因10日': 2, '量比': 0.58, '位置60日': 1.0, '动能5日': 18.86, '行业家数': 4, '涨停总数': 57, '封单额亿': 1.5, '温度': 43.0, '环境提示': None, '抓龙率': 21.9, '质量分': 1, '预测执1胜率': 36.6, '预测执1均涨': -0.71, '预测执2胜率': 46.1, '预测执2均涨': -0.13, '主导因子': ' | 拖累 封单比:强2-4%(-1.1); 换手率:<3%(-0.7)', '大方向': '汽车零部', '环节': '行业兜底', '催化': '行业兜底/原因缺失', '来源档': 'B'}, {'代码': '603949', '名称': '雪龙集团', '首封': '09:25', '连板': 4, '开板次数': 0, '命中规则': [], '命中数': 0, '封单比': 3.397, '换手': 1.674982666969299, '市值亿': 43.0, '股价': 20.45, '基因10日': 3, '量比': 0.63, '位置60日': 1.0, '动能5日': 34.03, '行业家数': 4, '涨停总数': 57, '封单额亿': 1.46, '温度': 43.0, '环境提示': None, '抓龙率': 21.8, '质量分': 2, '预测执1胜率': 36.9, '预测执1均涨': -0.69, '预测执2胜率': 46.3, '预测执2均涨': -0.12, '主导因子': '股价档:15-40元(+0.2) | 拖累 封单比:强2-4%(-1.1); 换手率:<3%(-0.7)', '大方向': '汽车零部', '环节': '行业兜底', '催化': '行业兜底/原因缺失', '来源档': 'B'}, {'代码': '601238', '名称': '广汽集团', '首封': '09:25', '连板': 1, '开板次数': 0, '命中规则': [], '命中数': 0, '封单比': 0.851, '换手': 0.11017557233572, '市值亿': 413.5, '股价': 5.6, '基因10日': 0, '量比': 0.37, '位置60日': 1.0, '动能5日': -1.55, '行业家数': 1, '涨停总数': 57, '封单额亿': 3.52, '温度': 43.0, '环境提示': None, '抓龙率': 20.2, '质量分': 3, '预测执1胜率': 38.5, '预测执1均涨': -0.56, '预测执2胜率': 46.3, '预测执2均涨': -0.07, '主导因子': '封单比:偏弱0.5-1%(+0.5); 流通市值:大盘≥200亿(+0.1) | 拖累 换手率:<3%(-0.7); 开板次数:未开板(-0.6)', '大方向': '乘用车', '环节': '行业兜底', '催化': '行业兜底/原因缺失', '来源档': 'B'}, {'代码': '600241', '名称': '时代万恒', '首封': '09:25', '连板': 2, '开板次数': 0, '命中规则': [], '命中数': 0, '封单比': 3.484, '换手': 5.830038070678711, '市值亿': 26.0, '股价': 8.84, '基因10日': 1, '量比': 2.96, '位置60日': 1.0, '动能5日': 12.45, '行业家数': 6, '涨停总数': 57, '封单额亿': 0.91, '温度': 43.0, '环境提示': None, '抓龙率': 20.1, '质量分': 2, '预测执1胜率': 38.2, '预测执1均涨': -0.6, '预测执2胜率': 45.7, '预测执2均涨': -0.16, '主导因子': '量比:放量2-4(+0.1) | 拖累 封单比:强2-4%(-1.1); 开板次数:未开板(-0.6)', '大方向': '电池', '环节': '行业兜底', '催化': '行业兜底/原因缺失', '来源档': 'B'}, {'代码': '301513', '名称': '尚水智能', '首封': '09:37', '连板': 1, '开板次数': 0, '命中规则': [], '命中数': 0, '封单比': 5.231, '换手': 14.59182357788086, '市值亿': 10.4, '股价': 51.42, '基因10日': 0, '量比': 3.17, '位置60日': 0.8581, '动能5日': -7.47, '行业家数': 6, '涨停总数': 57, '封单额亿': 0.54, '温度': 43.0, '环境提示': None, '抓龙率': 19.5, '质量分': 5, '预测执1胜率': 40.1, '预测执1均涨': -0.43, '预测执2胜率': 46.0, '预测执2均涨': -0.05, '主导因子': '股价档:≥40元(+0.8); 换手率:10-20%(+0.4); 板前5日动能:回调<-3%(+0.2) | 拖累 开板次数:未开板(-0.6); 封单比:超强≥4%(-0.2)', '大方向': '电池', '环节': '行业兜底', '催化': '行业兜底/原因缺失', '来源档': 'B'}, {'代码': '000011', '名称': '深物业A', '首封': '09:25', '连板': 2, '开板次数': 1, '命中规则': [], '命中数': 0, '封单比': 0.981, '换手': 8.004624366760254, '市值亿': 58.6, '股价': 11.13, '基因10日': 1, '量比': 2.26, '位置60日': 1.0, '动能5日': 10.72, '行业家数': 6, '涨停总数': 57, '封单额亿': 0.57, '温度': 43.0, '环境提示': None, '抓龙率': 18.6, '质量分': 5, '预测执1胜率': 40.5, '预测执1均涨': -0.41, '预测执2胜率': 46.0, '预测执2均涨': -0.08, '主导因子': '封单比:偏弱0.5-1%(+0.5); 开板次数:开1次(+0.2); 量比:放量2-4(+0.1) | 拖累 股价档:5-15元(-0.3); 板前5日动能:抬升3-12%(-0.2)', '大方向': '房地产开', '环节': '行业兜底', '催化': '行业兜底/原因缺失', '来源档': 'B'}]
top5: list[5] sample=[{'代码': '600825', '名称': '新华传媒', '首封': '09:25', '连板': 6, '开板次数': 0, '命中规则': ['封单额≥4亿 × 封单比≥2% × 一字≤9:25', '封单额≥4亿 × 封单比≥2% × 中大盘≥80亿', '未开板 × 封单额≥4亿 × 封单比≥2%', '未开板 × 封单额≥4亿 × 一字≤9:25', '封单比≥2% × 一字≤9:25 × 中大盘≥80亿', '封单额≥4亿 × 一字≤9:25 × 行业共振≥2', '封单额≥4亿 × 一字≤9:25 × 中大盘≥80亿', '封单额≥4亿 × 一字≤9:25', '封单额≥4亿 × 封单比≥2% × 行业共振≥2'], '命中数': 9, '封单比': 18.844, '换手': 1.4979088306427002, '市值亿': 98.3, '股价': 9.41, '基因10日': 5, '量比': 3.63, '位置60日': 1.0, '动能5日': 61.02, '行业家数': 3, '涨停总数': 57, '封单额亿': 18.53, '温度': 43.0, '环境提示': None, '抓龙率': 25.7, '质量分': 3, '预测执1胜率': 34.9, '预测执1均涨': -0.67, '预测执2胜率': 47.8, '预测执2均涨': 0.17, '主导因子': '流通市值:中盘80-200亿(+0.1); 量比:放量2-4(+0.1) | 拖累 换手率:<3%(-0.7); 开板次数:未开板(-0.6)', '大方向': '出版', '环节': '行业兜底', '催化': '行业兜底/原因缺失', '来源档': 'B'}, {'代码': '301513', '名称': '尚水智能', '首封': '09:37', '连板': 1, '开板次数': 0, '命中规则': [], '命中数': 0, '封单比': 5.231, '换手': 14.59182357788086, '市值亿': 10.4, '股价': 51.42, '基因10日': 0, '量比': 3.17, '位置60日': 0.8581, '动能5日': -7.47, '行业家数': 6, '涨停总数': 57, '封单额亿': 0.54, '温度': 43.0, '环境提示': None, '抓龙率': 19.5, '质量分': 5, '预测执1胜率': 40.1, '预测执1均涨': -0.43, '预测执2胜率': 46.0, '预测执2均涨': -0.05, '主导因子': '股价档:≥40元(+0.8); 换手率:10-20%(+0.4); 板前5日动能:回调<-3%(+0.2) | 拖累 开板次数:未开板(-0.6); 封单比:超强≥4%(-0.2)', '大方向': '电池', '环节': '行业兜底', '催化': '行业兜底/原因缺失', '来源档': 'B'}, {'代码': '000011', '名称': '深物业A', '首封': '09:25', '连板': 2, '开板次数': 1, '命中规则': [], '命中数': 0, '封单比': 0.981, '换手': 8.004624366760254, '市值亿': 58.6, '股价': 11.13, '基因10日': 1, '量比': 2.26, '位置60日': 1.0, '动能5日': 10.72, '行业家数': 6, '涨停总数': 57, '封单额亿': 0.57, '温度': 43.0, '环境提示': None, '抓龙率': 18.6, '质量分': 5, '预测执1胜率': 40.5, '预测执1均涨': -0.41, '预测执2胜率': 46.0, '预测执2均涨': -0.08, '主导因子': '封单比:偏弱0.5-1%(+0.5); 开板次数:开1次(+0.2); 量比:放量2-4(+0.1) | 拖累 股价档:5-15元(-0.3); 板前5日动能:抬升3-12%(-0.2)', '大方向': '房地产开', '环节': '行业兜底', '催化': '行业兜底/原因缺失', '来源档': 'B'}, {'代码': '600657', '名称': '信达地产', '首封': '09:31', '连板': 1, '开板次数': 2, '命中规则': [], '命中数': 0, '封单比': 0.433, '换手': 2.668675661087036, '市值亿': 96.4, '股价': 3.38, '基因10日': 0, '量比': 0.91, '位置60日': 0.9657, '动能5日': 4.78, '行业家数': 6, '涨停总数': 57, '封单额亿': 0.42, '温度': 43.0, '环境提示': None, '抓龙率': 17.9, '质量分': 6, '预测执1胜率': 42.6, '预测执1均涨': -0.35, '预测执2胜率': 45.7, '预测执2均涨': -0.15, '主导因子': '开板次数:开2次+(+1.8); 封单比:弱<0.5%(+1.1); 流通市值:中盘80-200亿(+0.1) | 拖累 换手率:<3%(-0.7); 股价档:<5元(-0.4)', '大方向': '房地产开', '环节': '行业兜底', '催化': '行业兜底/原因缺失', '来源档': 'B'}, {'代码': '600032', '名称': '浙江新能', '首封': '09:31', '连板': 2, '开板次数': 1, '命中规则': [], '命中数': 0, '封单比': 0.406, '换手': 2.3528339862823486, '市值亿': 196.5, '股价': 8.17, '基因10日': 1, '量比': 2.16, '位置60日': 1.0, '动能5日': 4.94, '行业家数': 2, '涨停总数': 57, '封单额亿': 0.8, '温度': 43.0, '环境提示': None, '抓龙率': 17.2, '质量分': 5, '预测执1胜率': 42.3, '预测执1均涨': -0.38, '预测执2胜率': 45.5, '预测执2均涨': -0.2, '主导因子': '封单比:弱<0.5%(+1.1); 开板次数:开1次(+0.2); 流通市值:中盘80-200亿(+0.1) | 拖累 换手率:<3%(-0.7); 首封时间:秒板≤9:31(-0.3)', '大方向': '电力', '环节': '行业兜底', '催化': '行业兜底/原因缺失', '来源档': 'B'}]

### quality_base D:\股票数据\市场数据\_学习\_涨停质量库.json EXISTS True
keys= ['更新', '窗口', '样本', '口径', '基准', '活跃因子', '因子', '待积累说明', '环境规则', '规则榜', '分板胜率']
更新: 20260929
窗口: 20250701~20260929
样本: 18850
口径: v6多因子评分卡(截面因子加权+IC显著性双门)。因子T日收盘可知;★执行口径:执1/执2买入点同为T+1开盘——执1=T+1开→T+1收(A股T+1制度当日卖不出,故执1=买入当天浮动盈亏/逐日盯市,检验开盘追买当天吃肉还是被套);执2=T+1开→T+2收(首个可完整执行的真实回合,最贴近交割的战绩口径)。荐票主口径=执行,一字开盘可能仍买不进=上界;信号口径T1/T2=T收→T+1/T+2收(仅参考)。不复权,零后视镜。质量分=Σ权重×桶分(0.5执1胜率+0.3执1均涨+0.2执2均涨映射);有效性(v6)=区分度×单调性×IC显著性: 淘汰双门=区分度<3.0pp或|IC_t|<2.0; 翻转=近20日RankIC与全窗反号降权50%; 市场温度/涨停环境=日级环境因子移出选股加权(见环境规则); 封单额冗余出权重。IC口径=逐日截面spearman(因子,E1),依据Qlib复检20260711。
基准: dictkeys=['n', 'T1胜率', 'T1均涨', 'T2胜率', 'T2均涨', '执1胜率', '执1均涨', '执2胜率', '执2均涨', '抓龙率', 'score']
活跃因子: list[8] sample=['首封时间', '封单比', '开板次数', '换手率', '流通市值']
因子: dictkeys=['首封时间', '封单比', '连板', '开板次数', '换手率', '流通市值', '股价档', '涨停基因10日', '量比', '60日位置', '板前5日动能', '行业共振', '题材共振', '涨停环境', '封单额', '市场温度']
待积累说明: 题材共振用题材归位_{d}.json真题材口径,当前仅少数交易日有档→样本不足自动淘汰,数据攒够自动激活,零编造。
环境规则: dictkeys=['说明', '冰点', '过热']
规则榜: list[10] sample=[{'规则': '封单额≥4亿 × 封单比≥2% × 一字≤9:25', '条件': ['封单额≥4亿', '封单比≥2%', '一字≤9:25'], 'n': 277, '执2均涨': 3.57, '执2胜率': 69.2, '抓龙率': 58.0, '执1胜率': 19.1, '执1均涨': -0.8, '可执行': False}, {'规则': '封单额≥4亿 × 封单比≥2% × 中大盘≥80亿', '条件': ['封单额≥4亿', '封单比≥2%', '中大盘≥80亿'], 'n': 167, '执2均涨': 3.44, '执2胜率': 67.5, '抓龙率': 50.6, '执1胜率': 29.9, '执1均涨': 0.07, '可执行': False}, {'规则': '未开板 × 封单额≥4亿 × 封单比≥2%', '条件': ['未开板', '封单额≥4亿', '封单比≥2%'], 'n': 296, '执2均涨': 3.27, '执2胜率': 67.5, '抓龙率': 55.9, '执1胜率': 20.9, '执1均涨': -0.78, '可执行': False}, {'规则': '未开板 × 封单额≥4亿 × 一字≤9:25', '条件': ['未开板', '封单额≥4亿', '一字≤9:25'], 'n': 354, '执2均涨': 3.18, '执2胜率': 65.7, '抓龙率': 53.3, '执1胜率': 20.3, '执1均涨': -0.69, '可执行': False}, {'规则': '封单比≥2% × 一字≤9:25 × 中大盘≥80亿', '条件': ['封单比≥2%', '一字≤9:25', '中大盘≥80亿'], 'n': 222, '执2均涨': 3.16, '执2胜率': 67.0, '抓龙率': 45.2, '执1胜率': 29.3, '执1均涨': -0.29, '可执行': False}]
分板胜率: dictkeys=['一维', '连板x封单', '连板x温度', '说明']

### chain D:\股票数据\市场数据\_学习\涨停对链条_20260929.json EXISTS True
keys= ['日期', '涨停总数', '题材线数', '题材线', '待归位_行业兜底', '口径']
日期: 20260929
涨停总数: 57
题材线数: 28
题材线: list[28] sample=[{'大方向': '元件', '家数': 7, '最高连板': 1, '最早封板': '09:34', '开板占比': 0.57, '承载环节': '行业兜底', '强度画像': '承载环节=行业兜底;家数7、最高1板、早封占比0.29、开板占比0.57。早封少/开板偏多=首板扩散或分歧,非高标主线', '环节': [{'家数': 7, '最高连板': 1, '最早封板': '09:34', '早封占比': 0.29, '开板占比': 0.57, '快判': '中性:环节内甄别身位', '环节': '行业兜底', '个股': [{'代码': '603328', '名称': '依顿电子', '首封': '09:34', '连板': 1, '开板次数': 0, '封单比': 0.65, '催化': '行业兜底/原因缺失', '来源档': 'B', '归属依据': 'override'}, {'代码': '002913', '名称': '奥士康', '首封': '09:40', '连板': 1, '开板次数': 2, '封单比': 0.59, '催化': '行业兜底/原因缺失', '来源档': 'B', '归属依据': 'override'}, {'代码': '000823', '名称': '超声电子', '首封': '10:31', '连板': 1, '开板次数': 1, '封单比': 0.81, '催化': '行业兜底/原因缺失', '来源档': 'B', '归属依据': 'override'}, {'代码': '688655', '名称': '迅捷兴', '首封': '10:44', '连板': 1, '开板次数': 0, '封单比': 0.72, '催化': '行业兜底/原因缺失', '来源档': 'B', '归属依据': 'override'}, {'代码': '002815', '名称': '崇达技术', '首封': '11:27', '连板': 1, '开板次数': 1, '封单比': 0.82, '催化': '行业兜底/原因缺失', '来源档': 'B', '归属依据': 'override'}, {'代码': '605058', '名称': '澳弘电子', '首封': '14:02', '连板': 1, '开板次数': 0, '封单比': 1.12, '催化': '行业兜底/原因缺失', '来源档': 'B', '归属依据': 'override'}, {'代码': '605258', '名称': '协和电子', '首封': '14:07', '连板': 1, '开板次数': 2, '封单比': 0.8, '催化': '行业兜底/原因缺失', '来源档': 'B', '归属依据': 'override'}]}]}, {'大方向': '房地产开', '家数': 6, '最高连板': 2, '最早封板': '09:25', '开板占比': 0.5, '承载环节': '行业兜底', '强度画像': '承载环节=行业兜底;家数6、最高2板、早封占比0.33、开板占比0.5。早封少/开板偏多=首板扩散或分歧,非高标主线', '环节': [{'家数': 6, '最高连板': 2, '最早封板': '09:25', '早封占比': 0.33, '开板占比': 0.5, '快判': '中性:环节内甄别身位', '环节': '行业兜底', '个股': [{'代码': '000011', '名称': '深物业A', '首封': '09:25', '连板': 2, '开板次数': 1, '封单比': 0.98, '催化': '行业兜底/原因缺失', '来源档': 'B', '归属依据': 'override'}, {'代码': '600657', '名称': '信达地产', '首封': '09:31', '连板': 1, '开板次数': 2, '封单比': 0.43, '催化': '行业兜底/原因缺失', '来源档': 'B', '归属依据': 'override'}, {'代码': '000036', '名称': '华联控股', '首封': '09:45', '连板': 1, '开板次数': 0, '封单比': 0.45, '催化': '行业兜底/原因缺失', '来源档': 'B', '归属依据': 'override'}, {'代码': '000002', '名称': '万  科Ａ', '首封': '10:08', '连板': 1, '开板次数': 2, '封单比': 0.56, '催化': '行业兜底/原因缺失', '来源档': 'B', '归属依据': 'override'}, {'代码': '002244', '名称': '滨江集团', '首封': '11:21', '连板': 1, '开板次数': 0, '封单比': 0.46, '催化': '行业兜底/原因缺失', '来源档': 'B', '归属依据': 'override'}, {'代码': '600325', '名称': '华发股份', '首封': '14:15', '连板': 1, '开板次数': 0, '封单比': 0.46, '催化': '行业兜底/原因缺失', '来源档': 'B', '归属依据': 'override'}]}]}, {'大方向': '电池', '家数': 6, '最高连板': 2, '最早封板': '09:25', '开板占比': 0.33, '承载环节': '行业兜底', '强度画像': '承载环节=行业兜底;家数6、最高2板、早封占比0.67、开板占比0.33。早封为主=真主线承载', '环节': [{'家数': 6, '最高连板': 2, '最早封板': '09:25', '早封占比': 0.67, '开板占比': 0.33, '快判': '主线承载核心:早封多家、封板扎实', '环节': '行业兜底', '个股': [{'代码': '600241', '名称': '时代万恒', '首封': '09:25', '连板': 2, '开板次数': 0, '封单比': 3.48, '催化': '行业兜底/原因缺失', '来源档': 'B', '归属依据': 'override'}, {'代码': '301513', '名称': '尚水智能', '首封': '09:37', '连板': 1, '开板次数': 0, '封单比': 5.23, '催化': '行业兜底/原因缺失', '来源档': 'B', '归属依据': 'override'}, {'代码': '002074', '名称': '国轩高科', '首封': '09:37', '连板': 1, '开板次数': 0, '封单比': 1.26, '催化': '行业兜底/原因缺失', '来源档': 'B', '归属依据': 'override'}, {'代码': '002058', '名称': '紫竹高科', '首封': '09:38', '连板': 1, '开板次数': 1, '封单比': 2.09, '催化': '行业兜底/原因缺失', '来源档': 'B', '归属依据': 'override'}, {'代码': '920779', '名称': '武汉蓝电', '首封': '10:47', '连板': 1, '开板次数': 0, '封单比': 3.74, '催化': '行业兜底/原因缺失', '来源档': 'B', '归属依据': 'override'}, {'代码': '600152', '名称': '维科技术', '首封': '10:49', '连板': 1, '开板次数': 1, '封单比': 1.47, '催化': '行业兜底/原因缺失', '来源档': 'B', '归属依据': 'override'}]}]}, {'大方向': '汽车零部', '家数': 4, '最高连板': 4, '最早封板': '09:25', '开板占比': 0.25, '承载环节': '行业兜底', '强度画像': '承载环节=行业兜底;家数4、最高4板、早封占比0.5、开板占比0.25。早封为主=真主线承载', '环节': [{'家数': 4, '最高连板': 4, '最早封板': '09:25', '早封占比': 0.5, '开板占比': 0.25, '快判': '中性:环节内甄别身位', '环节': '行业兜底', '个股': [{'代码': '000678', '名称': '襄阳轴承', '首封': '09:25', '连板': 3, '开板次数': 0, '封单比': 2.78, '催化': '行业兜底/原因缺失', '来源档': 'B', '归属依据': 'override'}, {'代码': '603949', '名称': '雪龙集团', '首封': '09:25', '连板': 4, '开板次数': 0, '封单比': 3.4, '催化': '行业兜底/原因缺失', '来源档': 'B', '归属依据': 'override'}, {'代码': '301560', '名称': '众捷股份', '首封': '10:22', '连板': 1, '开板次数': 0, '封单比': 0.82, '催化': '行业兜底/原因缺失', '来源档': 'B', '归属依据': 'override'}, {'代码': '002813', '名称': '路畅科技', '首封': '13:05', '连板': 1, '开板次数': 2, '封单比': 0.86, '催化': '行业兜底/原因缺失', '来源档': 'B', '归属依据': 'override'}]}]}, {'大方向': '出版', '家数': 3, '最高连板': 6, '最早封板': '09:25', '开板占比': 0.33, '承载环节': '行业兜底', '强度画像': '承载环节=行业兜底;家数3、最高6板、早封占比0.33、开板占比0.33。早封少/开板偏多=首板扩散或分歧,非高标主线', '环节': [{'家数': 3, '最高连板': 6, '最早封板': '09:25', '早封占比': 0.33, '开板占比': 0.33, '快判': '中性:环节内甄别身位', '环节': '行业兜底', '个股': [{'代码': '600825', '名称': '新华传媒', '首封': '09:25', '连板': 6, '开板次数': 0, '封单比': 18.84, '催化': '行业兜底/原因缺失', '来源档': 'B', '归属依据': 'override'}, {'代码': '601811', '名称': '新华文轩', '首封': '11:09', '连板': 1, '开板次数': 0, '封单比': 0.47, '催化': '行业兜底/原因缺失', '来源档': 'B', '归属依据': 'override'}, {'代码': '601949', '名称': '中国出版', '首封': '13:02', '连板': 1, '开板次数': 1, '封单比': 0.54, '催化': '行业兜底/原因缺失', '来源档': 'B', '归属依据': 'override'}]}]}, {'大方向': '包装印刷', '家数': 3, '最高连板': 1, '最早封板': '09:40', '开板占比': 0.67, '承载环节': '行业兜底', '强度画像': '承载环节=行业兜底;家数3、最高1板、早封占比0.33、开板占比0.67。早封少/开板偏多=首板扩散或分歧,非高标主线', '环节': [{'家数': 3, '最高连板': 1, '最早封板': '09:40', '早封占比': 0.33, '开板占比': 0.67, '快判': '分歧/末端:过半开板,封板质量差', '环节': '行业兜底', '个股': [{'代码': '002846', '名称': '英联股份', '首封': '09:40', '连板': 1, '开板次数': 1, '封单比': 1.64, '催化': '行业兜底/原因缺失', '来源档': 'B', '归属依据': 'override'}, {'代码': '002799', '名称': '环球印务', '首封': '10:07', '连板': 1, '开板次数': 0, '封单比': 1.21, '催化': '行业兜底/原因缺失', '来源档': 'B', '归属依据': 'override'}, {'代码': '002303', '名称': '美盈森', '首封': '14:14', '连板': 1, '开板次数': 1, '封单比': 1.05, '催化': '行业兜底/原因缺失', '来源档': 'B', '归属依据': 'override'}]}]}, {'大方向': '广告营销', '家数': 3, '最高连板': 1, '最早封板': '11:10', '开板占比': 0.33, '承载环节': '行业兜底', '强度画像': '承载环节=行业兜底;家数3、最高1板、早封占比0.0、开板占比0.33。早封少/开板偏多=首板扩散或分歧,非高标主线', '环节': [{'家数': 3, '最高连板': 1, '最早封板': '11:10', '早封占比': 0.0, '开板占比': 0.33, '快判': '末端扩散:普遍晚封、情绪外溢,可复制性差', '环节': '行业兜底', '个股': [{'代码': '000607', '名称': '华媒控股', '首封': '11:10', '连板': 1, '开板次数': 0, '封单比': 1.96, '催化': '行业兜底/原因缺失', '来源档': 'B', '归属依据': 'override'}, {'代码': '603598', '名称': '引力传媒', '首封': '11:13', '连板': 1, '开板次数': 1, '封单比': 1.42, '催化': '行业兜底/原因缺失', '来源档': 'B', '归属依据': 'override'}, {'代码': '603602', '名称': '纵横通信', '首封': '13:45', '连板': 1, '开板次数': 0, '封单比': 0.88, '催化': '行业兜底/原因缺失', '来源档': 'B', '归属依据': 'override'}]}]}, {'大方向': '电力', '家数': 2, '最高连板': 2, '最早封板': '09:31', '开板占比': 0.5, '承载环节': '行业兜底', '强度画像': '承载环节=行业兜底;家数2、最高2板、早封占比1.0、开板占比0.5。早封少/开板偏多=首板扩散或分歧,非高标主线', '环节': [{'家数': 2, '最高连板': 2, '最早封板': '09:31', '早封占比': 1.0, '开板占比': 0.5, '快判': '中性:环节内甄别身位', '环节': '行业兜底', '个股': [{'代码': '600982', '名称': '宁波能源', '首封': '09:31', '连板': 1, '开板次数': 0, '封单比': 0.96, '催化': '行业兜底/原因缺失', '来源档': 'B', '归属依据': 'override'}, {'代码': '600032', '名称': '浙江新能', '首封': '09:31', '连板': 2, '开板次数': 1, '封单比': 0.41, '催化': '行业兜底/原因缺失', '来源档': 'B', '归属依据': 'override'}]}]}]
待归位_行业兜底: list[0] sample=[]
口径: 三层题材归位:override(催化/来源档,agent写)>模板匹配>待归位(行业只兜底不作题材)。封板质量四维=A档取自zt_pool;催化标签A=公告实锤/B=盘面复盘/C=搭车存疑。跨行业票以催化归真实题材线。

### topic_map D:\股票数据\市场数据\_学习\题材归位_20260929.json EXISTS True
keys= ['日期', '来源', '口径', 'source_status', 'missing_fields', 'counts', 'A', 'B', 'C', '档计数', '来源明细', '映射']
日期: 20260929
来源: 20260929/zt_pool.csv;20260929/summary.json;当日THS涨停池/涨停原因产物未发现;历史题材归位文件仅作schema/历史参考，不继承历史催化
口径: 逐只覆盖20260929/zt_pool.csv全量涨停池；当日THS原因缺失时按所属行业兜底，环节/催化不补造；ST/退/N/C如有仍如实行业兜底。
source_status: partial
missing_fields: list[1] sample=['20260929 THS涨停池/涨停原因产物']
counts: dictkeys=['total', 'mapped']
A: list[0] sample=[]
B: list[57] sample=['000011', '000678', '600825', '601238', '603949']
C: list[0] sample=[]
档计数: dictkeys=['A', 'B', 'C']
来源明细: dictkeys=['B']
映射: dictkeys=['000011', '000678', '600825', '601238', '603949', '600241', '605303', '600488', '002242', '603200', '600657', '600982', '600032', '600189', '002912', '603328', '002205', '002866', '301513', '002074', '002058', '002882', '002913', '002846', '000068', '000036', '301190', '603188', '603533', '002799']

### topic4 D:\股票数据\市场数据\_学习\题材四维_20260929.json EXISTS False

### open_verify D:\股票数据\市场数据\_学习\开盘验证维_20260929.json EXISTS True
keys= ['schema_version', 'capability', 'date', 'status', 'sources', 'metrics', 'errors', 'note']
schema_version: 1
capability: open_verification
date: 20260929
status: pass
sources: list[1] sample=['盘中/20260929/realtime_ticks.jsonl']
metrics: dictkeys=['verified_codes', 'min_samples_per_code']
errors: list[0] sample=[]
note: 只验证已采集窗口，不从收盘或竞价单帧补造开盘表现

### risk D:\股票数据\市场数据\_学习\风险日历_20260929.json EXISTS True
keys= ['schema_version', 'capability', 'date', 'status', 'sources', 'metrics', 'errors', 'note']
schema_version: 1
capability: risk_calendar
date: 20260929
status: pass
sources: list[4] sample=['_学习/_交易日历.json', '_学习/风险事件_20260929.json', '东财 RPT_LIFT_STAGE', '东财 RPT_SHAREBONUS_DET']
metrics: dictkeys=['is_trading_day', 'event_source_present', 'event_source_status', '事件条数', '覆盖维度', '未接入维度']
errors: list[0] sample=[]
note: 事件源缺失/降级时保持partial；不把缺事件解释成无风险；未接入维度=财报披露日历/股东大会/业绩预告（不得据此声称无此类风险）

### intraday D:\股票数据\市场数据\_学习\日内曲线_20260929.json EXISTS False

### cognition_latest D:\股票数据\市场数据\_学习\子agent增强\认知库_limitup_20260928.json EXISTS True
keys= ['route', 'version', 'updated', 'as_of', '源', '条数', '条目']
route: limitup
version: 2
updated: 2026-09-28
as_of: 20260928
源: 认知迭代全量更新.py 输出的日期化增强快照
条数: 94
条目: list[94] sample=[{'日期': '2026-09-28', '标题': '本日温度18.1为冰点，但跌停56>33、炸板率25.0%、封板率75.0%低于80%，因此不套用冰点加分，C档防守。', '正文': '本日温度18.1为冰点，但跌停56>33、炸板率25.0%、封板率75.0%低于80%，因此不套用冰点加分，C档防守。', '支撑': None, '档位': None, '类型': '结构化认知', '来源': '_学习/limitup判断_20260928.json#认知迭代/0', '可证伪条件': '若下一真实交易日温度和封板质量同步修复并且质量池实测执1均收转正，则本条边界需降权。', '状态': 'unverified'}, {'日期': '2026-09-28', '标题': '新华传媒为唯一5板，梯队缺4板，前一真实交易日到本日clean 1→2仅7.7%，最高板不能单独上修周期投票。', '正文': '新华传媒为唯一5板，梯队缺4板，前一真实交易日到本日clean 1→2仅7.7%，最高板不能单独上修周期投票。', '支撑': None, '档位': None, '类型': '结构化认知', '来源': '_学习/limitup判断_20260928.json#认知迭代/1', '可证伪条件': '若后续真实交易日出现有效4/5板承载、clean 1→2率持续>25%且封板率≥85%，则该边界可降权。', '状态': 'unverified'}, {'日期': '2026-09-28', '标题': '当日质量池33只预测执1均涨均值-0.317%，最高执1胜率45.2%，规则命中仅1只、可执行true为0只；质量Top5全部不转正式荐票。', '正文': '当日质量池33只预测执1均涨均值-0.317%，最高执1胜率45.2%，规则命中仅1只、可执行true为0只；质量Top5全部不转正式荐票。', '支撑': None, '档位': None, '类型': '结构化认知', '来源': '_学习/limitup判断_20260928.json#认知迭代/2', '可证伪条件': '连续可结算样本中质量规则命中票非一字可成交样本达到执1胜率≥55%且均收≥0%，才考虑恢复执行层权重。', '状态': 'unverified'}, {'日期': '2026-09-24', '标题': '通用设备6家、汽车零部4家、出版3家，但题材归位52只全部B档行业兜底，THS原因、环节、催化缺失。行业数量只能描述真实样本，不可升格为主线或四美D组验证。', '正文': '通用设备6家、汽车零部4家、出版3家，但题材归位52只全部B档行业兜底，THS原因、环节、催化缺失。行业数量只能描述真实样本，不可升格为主线或四美D组验证。', '支撑': None, '档位': None, '类型': '结构化认知', '来源': '_学习/limitup判断_20260924.json#认知迭代/1', '可证伪条件': '补齐当日THS原因/环节/催化并出现A档或可回溯B档聚类、宽度和梯队同步，才可上修主线判断。', '状态': 'unverified'}]

### workpack_latest D:\股票数据\市场数据\_学习\子agent增强\作战包_limitup_20260928.json EXISTS False

### profile D:\股票数据\市场数据\_学习\子agent增强\战绩画像_limitup_20260929.json EXISTS True
keys= ['路', 'key', '生成日', '来源', '格式', '按日', '合计', '归因']
路: 质量
key: limitup
生成日: 20260929
来源: _质量荐票结算.jsonl
格式: 聚合
按日: list[35] sample=[{'荐票日': '20260708'}, {'荐票日': '20260709', '执行胜率': '1/5', '执行均收': -1.0, '全场均收': -2.52, '选股增益pp': 1.52, '次日封板': '0/5'}, {'荐票日': '20260710', '执行胜率': '1/5', '执行均收': -2.12, '全场均收': -3.36, '选股增益pp': 1.24, '次日封板': '0/5'}, {'荐票日': '20260713', '执行胜率': '0/0', '执行均收': None, '全场均收': None, '选股增益pp': None, '次日封板': '1/5'}]
合计: dictkeys=['胜率', '均收', '交易日数']
归因: dictkeys=[]

### positions D:\股票数据\市场数据\_学习\_模拟盘\limitup\状态.json EXISTS True
keys= ['date', 'route', 'nav', '累计pct', '本周pct', '基准本周pct', '现金', '持仓', '已平仓笔数', '胜率pct', '最近平仓', '说明']
date: 20260928
route: 第五路·涨停质量
nav: 0.9884
累计pct: -1.16
本周pct: 0.0
基准本周pct: 0.0
现金: 988400.14
持仓: list[0] sample=[]
已平仓笔数: 4
胜率pct: 25.0
最近平仓: list[4] sample=[{'code': '000920', 'name': '沃顿科技', 'plan_date': '20260716', 'buy_date': '20260811', 'buy_px': 11.61, 'sell_date': '20260819', 'sell_px': 11.59, 'leg': 'T_open', 'hold_days': 6, 'defers': 0, 'weight': 6.0, 'switched': False, 'pnl': -190.72, 'ret_pct': -0.32, 'reason': '质量Top5第4(抓龙率16.3%):题材共振主导+半导体超纯水膜稀缺卡位+早盘封;央企背景;命中0规弱票故压6%(弱票池门槛孵化中,本笔即分层样本)'}, {'code': '002329', 'name': '皇氏集团', 'plan_date': '20260811', 'buy_date': '20260812', 'buy_px': 3.9, 'sell_date': '20260819', 'sell_px': 4.05, 'leg': 'T_open', 'hold_days': 5, 'defers': 0, 'weight': 6.0, 'switched': False, 'pnl': 2203.21, 'ret_pct': 3.69, 'reason': '质量Top5第4(抓龙率17.5%):消费/乳业食品+新式茶饮+题材共振主导加分;09:30封非一字=执行口径可进;命中0规弱票压6%;gate5'}, {'code': '002721', 'name': '金一文化', 'plan_date': '20260811', 'buy_date': '20260812', 'buy_px': 2.98, 'sell_date': '20260819', 'sell_px': 2.57, 'leg': 'T_open', 'hold_days': 5, 'defers': 0, 'weight': 6.0, 'switched': False, 'pnl': -8322.61, 'ret_pct': -13.89, 'reason': '质量Top5第5(抓龙率16.7%):影视/AI应用+黄金珠宝+海淀国资;09:31封非一字=执行口径可进;命中0规弱票压6%;gate5'}, {'code': '603496', 'name': '恒为科技', 'plan_date': '20260716', 'buy_date': '20260811', 'buy_px': 25.36, 'sell_date': '20260827', 'sell_px': 23.69, 'leg': 'T_open', 'hold_days': 12, 'defers': 0, 'weight': 8.0, 'switched': False, 'pnl': -5289.75, 'ret_pct': -6.73, 'reason': '质量Top5第5(抓龙率16.2%):华为昇腾+拟收购数珩公告(A档实锤)+题材共振4-6只主导加分+开1次回封(回封因子执1+0.31%);早盘09:58封非一字=执行口径可进;冰点环境规则全场加分(A档15日+0.30%/60%);gate5'}]
说明: 只许本路agent读自己的状态文件;数字全部引擎产出,禁手算
