
### TEMP_CURRENT
{
  "日": "20260929",
  "来源": "local",
  "涨停数": 57,
  "炸板数": 8,
  "跌停数": 10,
  "炸板率": 0.123,
  "成交额亿": 14092.0,
  "封板总额亿": 67.6,
  "回封数": 25,
  "最高板": 6,
  "二板加": 10,
  "梯队": {
    "1": 47,
    "2": 7,
    "3": 1,
    "6": 1,
    "4": 1
  },
  "温度": 43.0,
  "温度档": "偏冷"
}

### TEMP_PREV
{
  "日": "20260928",
  "来源": "local",
  "涨停数": 33,
  "炸板数": 11,
  "跌停数": 56,
  "炸板率": 0.25,
  "成交额亿": 17028.0,
  "封板总额亿": 42.3,
  "回封数": 21,
  "最高板": 5,
  "二板加": 7,
  "梯队": {
    "1": 26,
    "3": 3,
    "2": 3,
    "5": 1
  },
  "温度": 18.1,
  "温度档": "冰点"
}

### EMOTION_CURRENT
{
  "晋级": {
    "来源": "local",
    "涨停数_净": 57,
    "首板": 47,
    "二连板": 6,
    "三连板": 1,
    "一进二率": 0.182,
    "二进三率": 0.1,
    "高度晋级率": 0.2
  },
  "核按钮": {
    "昨日涨停数": 48,
    "今日跌停回杀": 1,
    "核按钮率": 0.021
  },
  "昨日涨停溢价": null,
  "触发器": []
}

### EMOTION_PREV
{
  "晋级": {
    "来源": "local",
    "涨停数_净": 33,
    "首板": 26,
    "二连板": 3,
    "三连板": 3,
    "一进二率": 0.091,
    "二进三率": 0.3,
    "高度晋级率": 0.267
  },
  "核按钮": {
    "昨日涨停数": 48,
    "今日跌停回杀": 3,
    "核按钮率": 0.062
  },
  "昨日涨停溢价": {
    "执行均收": -2.06,
    "来源": "竞价池结算jsonl"
  },
  "触发器": [
    "★冰点进攻窗(温度18.1<25): A档回测次日接力y1均+0.30%/胜率60%(n=15日/12独立段,全样本基准-0.21%/45%)——冰点敢喊进攻,试错接力环境转正;小样本+单牛市周期,给环境判断不给指令"
  ]
}

### QUALITY_SUMMARY
{
  "库样本": 18850,
  "打标数": 57,
  "top5": [
    {
      "代码": "600825",
      "名称": "新华传媒",
      "首封": "09:25",
      "连板": 6,
      "开板次数": 0,
      "命中规则": [
        "封单额≥4亿 × 封单比≥2% × 一字≤9:25",
        "封单额≥4亿 × 封单比≥2% × 中大盘≥80亿",
        "未开板 × 封单额≥4亿 × 封单比≥2%",
        "未开板 × 封单额≥4亿 × 一字≤9:25",
        "封单比≥2% × 一字≤9:25 × 中大盘≥80亿",
        "封单额≥4亿 × 一字≤9:25 × 行业共振≥2",
        "封单额≥4亿 × 一字≤9:25 × 中大盘≥80亿",
        "封单额≥4亿 × 一字≤9:25",
        "封单额≥4亿 × 封单比≥2% × 行业共振≥2"
      ],
      "命中数": 9,
      "封单比": 18.844,
      "换手": 1.4979088306427002,
      "市值亿": 98.3,
      "股价": 9.41,
      "基因10日": 5,
      "量比": 3.63,
      "位置60日": 1.0,
      "动能5日": 61.02,
      "行业家数": 3,
      "涨停总数": 57,
      "封单额亿": 18.53,
      "温度": 43.0,
      "环境提示": null,
      "抓龙率": 25.7,
      "质量分": 3,
      "预测执1胜率": 34.9,
      "预测执1均涨": -0.67,
      "预测执2胜率": 47.8,
      "预测执2均涨": 0.17,
      "主导因子": "流通市值:中盘80-200亿(+0.1); 量比:放量2-4(+0.1) | 拖累 换手率:<3%(-0.7); 开板次数:未开板(-0.6)",
      "大方向": "出版",
      "环节": "行业兜底",
      "催化": "行业兜底/原因缺失",
      "来源档": "B"
    },
    {
      "代码": "301513",
      "名称": "尚水智能",
      "首封": "09:37",
      "连板": 1,
      "开板次数": 0,
      "命中规则": [],
      "命中数": 0,
      "封单比": 5.231,
      "换手": 14.59182357788086,
      "市值亿": 10.4,
      "股价": 51.42,
      "基因10日": 0,
      "量比": 3.17,
      "位置60日": 0.8581,
      "动能5日": -7.47,
      "行业家数": 6,
      "涨停总数": 57,
      "封单额亿": 0.54,
      "温度": 43.0,
      "环境提示": null,
      "抓龙率": 19.5,
      "质量分": 5,
      "预测执1胜率": 40.1,
      "预测执1均涨": -0.43,
      "预测执2胜率": 46.0,
      "预测执2均涨": -0.05,
      "主导因子": "股价档:≥40元(+0.8); 换手率:10-20%(+0.4); 板前5日动能:回调<-3%(+0.2) | 拖累 开板次数:未开板(-0.6); 封单比:超强≥4%(-0.2)",
      "大方向": "电池",
      "环节": "行业兜底",
      "催化": "行业兜底/原因缺失",
      "来源档": "B"
    },
    {
      "代码": "000011",
      "名称": "深物业A",
      "首封": "09:25",
      "连板": 2,
      "开板次数": 1,
      "命中规则": [],
      "命中数": 0,
      "封单比": 0.981,
      "换手": 8.004624366760254,
      "市值亿": 58.6,
      "股价": 11.13,
      "基因10日": 1,
      "量比": 2.26,
      "位置60日": 1.0,
      "动能5日": 10.72,
      "行业家数": 6,
      "涨停总数": 57,
      "封单额亿": 0.57,
      "温度": 43.0,
      "环境提示": null,
      "抓龙率": 18.6,
      "质量分": 5,
      "预测执1胜率": 40.5,
      "预测执1均涨": -0.41,
      "预测执2胜率": 46.0,
      "预测执2均涨": -0.08,
      "主导因子": "封单比:偏弱0.5-1%(+0.5); 开板次数:开1次(+0.2); 量比:放量2-4(+0.1) | 拖累 股价档:5-15元(-0.3); 板前5日动能:抬升3-12%(-0.2)",
      "大方向": "房地产开",
      "环节": "行业兜底",
      "催化": "行业兜底/原因缺失",
      "来源档": "B"
    },
    {
      "代码": "600657",
      "名称": "信达地产",
      "首封": "09:31",
      "连板": 1,
      "开板次数": 2,
      "命中规则": [],
      "命中数": 0,
      "封单比": 0.433,
      "换手": 2.668675661087036,
      "市值亿": 96.4,
      "股价": 3.38,
      "基因10日": 0,
      "量比": 0.91,
      "位置60日": 0.9657,
      "动能5日": 4.78,
      "行业家数": 6,
      "涨停总数": 57,
      "封单额亿": 0.42,
      "温度": 43.0,
      "环境提示": null,
      "抓龙率": 17.9,
      "质量分": 6,
      "预测执1胜率": 42.6,
      "预测执1均涨": -0.35,
      "预测执2胜率": 45.7,
      "预测执2均涨": -0.15,
      "主导因子": "开板次数:开2次+(+1.8); 封单比:弱<0.5%(+1.1); 流通市值:中盘80-200亿(+0.1) | 拖累 换手率:<3%(-0.7); 股价档:<5元(-0.4)",
      "大方向": "房地产开",
      "环节": "行业兜底",
      "催化": "行业兜底/原因缺失",
      "来源档": "B"
    },
    {
      "代码": "600032",
      "名称": "浙江新能",
      "首封": "09:31",
      "连板": 2,
      "开板次数": 1,
      "命中规则": [],
      "命中数": 0,
      "封单比": 0.406,
      "换手": 2.3528339862823486,
      "市值亿": 196.5,
      "股价": 8.17,
      "基因10日": 1,
      "量比": 2.16,
      "位置60日": 1.0,
      "动能5日": 4.94,
      "行业家数": 2,
      "涨停总数": 57,
      "封单额亿": 0.8,
      "温度": 43.0,
      "环境提示": null,
      "抓龙率": 17.2,
      "质量分": 5,
      "预测执1胜率": 42.3,
      "预测执1均涨": -0.38,
      "预测执2胜率": 45.5,
      "预测执2均涨": -0.2,
      "主导因子": "封单比:弱<0.5%(+1.1); 开板次数:开1次(+0.2); 流通市值:中盘80-200亿(+0.1) | 拖累 换手率:<3%(-0.7); 首封时间:秒板≤9:31(-0.3)",
      "大方向": "电力",
      "环节": "行业兜底",
      "催化": "行业兜底/原因缺失",
      "来源档": "B"
    }
  ],
  "max_pred_exec1": 45.7,
  "min_pred_exec1": 34.9,
  "mean_pred_exec1": 42.467,
  "mean_pred_exec1_return": -0.36,
  "positive_pred_exec1": 0,
  "rule_hit_counts": {
    "0": 56,
    "9": 1
  },
  "rules_ge1": 1,
  "rules_ge3": 1,
  "exec_true": 0,
  "fields": [
    "代码",
    "名称",
    "首封",
    "连板",
    "开板次数",
    "命中规则",
    "命中数",
    "封单比",
    "换手",
    "市值亿",
    "股价",
    "基因10日",
    "量比",
    "位置60日",
    "动能5日",
    "行业家数",
    "涨停总数",
    "封单额亿",
    "温度",
    "环境提示",
    "抓龙率",
    "质量分",
    "预测执1胜率",
    "预测执1均涨",
    "预测执2胜率",
    "预测执2均涨",
    "主导因子",
    "大方向",
    "环节",
    "催化",
    "来源档"
  ]
}

### QUALITY_BASE
{
  "更新": "20260929",
  "窗口": "20250701~20260929",
  "样本": 18850,
  "基准": {
    "n": 18850,
    "T1胜率": 56.7,
    "T1均涨": 1.74,
    "T2胜率": 51.9,
    "T2均涨": 1.94,
    "执1胜率": 43.2,
    "执1均涨": -0.31,
    "执2胜率": 45.4,
    "执2均涨": -0.15,
    "抓龙率": 15.9,
    "score": 4.6
  },
  "环境规则": {
    "说明": "市场温度/涨停环境为日级时序因子(日内同值,截面选股信息=0),v6起移出选股加权;两端规则每晚按日级等权重算。",
    "冰点": {
      "界": "<25",
      "天数": 30,
      "日均执1pct": -0.13,
      "动作": "全场加分观察"
    },
    "过热": {
      "界": "≥85",
      "天数": 6,
      "日均执1pct": -1.83,
      "动作": "全场回避·荐票仅观察"
    }
  },
  "规则榜": [
    {
      "规则": "封单额≥4亿 × 封单比≥2% × 一字≤9:25",
      "条件": [
        "封单额≥4亿",
        "封单比≥2%",
        "一字≤9:25"
      ],
      "n": 277,
      "执2均涨": 3.57,
      "执2胜率": 69.2,
      "抓龙率": 58.0,
      "执1胜率": 19.1,
      "执1均涨": -0.8,
      "可执行": false
    },
    {
      "规则": "封单额≥4亿 × 封单比≥2% × 中大盘≥80亿",
      "条件": [
        "封单额≥4亿",
        "封单比≥2%",
        "中大盘≥80亿"
      ],
      "n": 167,
      "执2均涨": 3.44,
      "执2胜率": 67.5,
      "抓龙率": 50.6,
      "执1胜率": 29.9,
      "执1均涨": 0.07,
      "可执行": false
    },
    {
      "规则": "未开板 × 封单额≥4亿 × 封单比≥2%",
      "条件": [
        "未开板",
        "封单额≥4亿",
        "封单比≥2%"
      ],
      "n": 296,
      "执2均涨": 3.27,
      "执2胜率": 67.5,
      "抓龙率": 55.9,
      "执1胜率": 20.9,
      "执1均涨": -0.78,
      "可执行": false
    },
    {
      "规则": "未开板 × 封单额≥4亿 × 一字≤9:25",
      "条件": [
        "未开板",
        "封单额≥4亿",
        "一字≤9:25"
      ],
      "n": 354,
      "执2均涨": 3.18,
      "执2胜率": 65.7,
      "抓龙率": 53.3,
      "执1胜率": 20.3,
      "执1均涨": -0.69,
      "可执行": false
    },
    {
      "规则": "封单比≥2% × 一字≤9:25 × 中大盘≥80亿",
      "条件": [
        "封单比≥2%",
        "一字≤9:25",
        "中大盘≥80亿"
      ],
      "n": 222,
      "执2均涨": 3.16,
      "执2胜率": 67.0,
      "抓龙率": 45.2,
      "执1胜率": 29.3,
      "执1均涨": -0.29,
      "可执行": false
    },
    {
      "规则": "封单额≥4亿 × 一字≤9:25 × 温度中性45-65",
      "条件": [
        "封单额≥4亿",
        "一字≤9:25",
        "温度中性45-65"
      ],
      "n": 133,
      "执2均涨": 3.0,
      "执2胜率": 63.9,
      "抓龙率": 49.6,
      "执1胜率": 22.6,
      "执1均涨": 0.13,
      "可执行": false
    },
    {
      "规则": "封单额≥4亿 × 一字≤9:25 × 行业共振≥2",
      "条件": [
        "封单额≥4亿",
        "一字≤9:25",
        "行业共振≥2"
      ],
      "n": 155,
      "执2均涨": 2.98,
      "执2胜率": 63.9,
      "抓龙率": 52.9,
      "执1胜率": 22.6,
      "执1均涨": -0.61,
      "可执行": false
    },
    {
      "规则": "封单额≥4亿 × 一字≤9:25 × 中大盘≥80亿",
      "条件": [
        "封单额≥4亿",
        "一字≤9:25",
        "中大盘≥80亿"
      ],
      "n": 182,
      "执2均涨": 2.94,
      "执2胜率": 63.5,
      "抓龙率": 47.5,
      "执1胜率": 28.0,
      "执1均涨": -0.07,
      "可执行": false
    },
    {
      "规则": "封单额≥4亿 × 一字≤9:25",
      "条件": [
        "封单额≥4亿",
        "一字≤9:25"
      ],
      "n": 372,
      "执2均涨": 2.89,
      "执2胜率": 64.4,
      "抓龙率": 51.8,
      "执1胜率": 21.0,
      "执1均涨": -0.67,
      "可执行": false
    },
    {
      "规则": "封单额≥4亿 × 封单比≥2% × 行业共振≥2",
      "条件": [
        "封单额≥4亿",
        "封单比≥2%",
        "行业共振≥2"
      ],
      "n": 126,
      "执2均涨": 2.84,
      "执2胜率": 65.1,
      "抓龙率": 54.8,
      "执1胜率": 23.0,
      "执1均涨": -0.84,
      "可执行": false
    }
  ]
}

### CHAIN_LINES
[
  {
    "大方向": "元件",
    "家数": 7,
    "最高连板": 1,
    "最早封板": "09:34",
    "开板占比": 0.57,
    "承载环节": "行业兜底",
    "强度画像": "承载环节=行业兜底;家数7、最高1板、早封占比0.29、开板占比0.57。早封少/开板偏多=首板扩散或分歧,非高标主线"
  },
  {
    "大方向": "房地产开",
    "家数": 6,
    "最高连板": 2,
    "最早封板": "09:25",
    "开板占比": 0.5,
    "承载环节": "行业兜底",
    "强度画像": "承载环节=行业兜底;家数6、最高2板、早封占比0.33、开板占比0.5。早封少/开板偏多=首板扩散或分歧,非高标主线"
  },
  {
    "大方向": "电池",
    "家数": 6,
    "最高连板": 2,
    "最早封板": "09:25",
    "开板占比": 0.33,
    "承载环节": "行业兜底",
    "强度画像": "承载环节=行业兜底;家数6、最高2板、早封占比0.67、开板占比0.33。早封为主=真主线承载"
  },
  {
    "大方向": "汽车零部",
    "家数": 4,
    "最高连板": 4,
    "最早封板": "09:25",
    "开板占比": 0.25,
    "承载环节": "行业兜底",
    "强度画像": "承载环节=行业兜底;家数4、最高4板、早封占比0.5、开板占比0.25。早封为主=真主线承载"
  },
  {
    "大方向": "出版",
    "家数": 3,
    "最高连板": 6,
    "最早封板": "09:25",
    "开板占比": 0.33,
    "承载环节": "行业兜底",
    "强度画像": "承载环节=行业兜底;家数3、最高6板、早封占比0.33、开板占比0.33。早封少/开板偏多=首板扩散或分歧,非高标主线"
  },
  {
    "大方向": "包装印刷",
    "家数": 3,
    "最高连板": 1,
    "最早封板": "09:40",
    "开板占比": 0.67,
    "承载环节": "行业兜底",
    "强度画像": "承载环节=行业兜底;家数3、最高1板、早封占比0.33、开板占比0.67。早封少/开板偏多=首板扩散或分歧,非高标主线"
  },
  {
    "大方向": "广告营销",
    "家数": 3,
    "最高连板": 1,
    "最早封板": "11:10",
    "开板占比": 0.33,
    "承载环节": "行业兜底",
    "强度画像": "承载环节=行业兜底;家数3、最高1板、早封占比0.0、开板占比0.33。早封少/开板偏多=首板扩散或分歧,非高标主线"
  },
  {
    "大方向": "电力",
    "家数": 2,
    "最高连板": 2,
    "最早封板": "09:31",
    "开板占比": 0.5,
    "承载环节": "行业兜底",
    "强度画像": "承载环节=行业兜底;家数2、最高2板、早封占比1.0、开板占比0.5。早封少/开板偏多=首板扩散或分歧,非高标主线"
  },
  {
    "大方向": "环境治理",
    "家数": 2,
    "最高连板": 1,
    "最早封板": "09:30",
    "开板占比": 0.5,
    "承载环节": "行业兜底",
    "强度画像": "承载环节=行业兜底;家数2、最高1板、早封占比0.5、开板占比0.5。早封少/开板偏多=首板扩散或分歧,非高标主线"
  },
  {
    "大方向": "饮料乳品",
    "家数": 2,
    "最高连板": 1,
    "最早封板": "09:32",
    "开板占比": 0.0,
    "承载环节": "行业兜底",
    "强度画像": "承载环节=行业兜底;家数2、最高1板、早封占比0.5、开板占比0.0。早封为主=真主线承载"
  },
  {
    "大方向": "化学制品",
    "家数": 2,
    "最高连板": 1,
    "最早封板": "09:50",
    "开板占比": 0.0,
    "承载环节": "行业兜底",
    "强度画像": "承载环节=行业兜底;家数2、最高1板、早封占比0.0、开板占比0.0。早封少/开板偏多=首板扩散或分歧,非高标主线"
  },
  {
    "大方向": "化学制药",
    "家数": 1,
    "最高连板": 2,
    "最早封板": "09:30",
    "开板占比": 1.0,
    "承载环节": "行业兜底",
    "强度画像": "承载环节=行业兜底;家数1、最高2板、早封占比1.0、开板占比1.0。早封少/开板偏多=首板扩散或分歧,非高标主线"
  },
  {
    "大方向": "小家电",
    "家数": 1,
    "最高连板": 2,
    "最早封板": "09:30",
    "开板占比": 0.0,
    "承载环节": "行业兜底",
    "强度画像": "承载环节=行业兜底;家数1、最高2板、早封占比1.0、开板占比0.0。早封为主=真主线承载"
  },
  {
    "大方向": "计算机设",
    "家数": 1,
    "最高连板": 2,
    "最早封板": "09:33",
    "开板占比": 1.0,
    "承载环节": "行业兜底",
    "强度画像": "承载环节=行业兜底;家数1、最高2板、早封占比1.0、开板占比1.0。早封少/开板偏多=首板扩散或分歧,非高标主线"
  },
  {
    "大方向": "化学原料",
    "家数": 1,
    "最高连板": 2,
    "最早封板": "09:46",
    "开板占比": 1.0,
    "承载环节": "行业兜底",
    "强度画像": "承载环节=行业兜底;家数1、最高2板、早封占比0.0、开板占比1.0。早封少/开板偏多=首板扩散或分歧,非高标主线"
  },
  {
    "大方向": "乘用车",
    "家数": 1,
    "最高连板": 1,
    "最早封板": "09:25",
    "开板占比": 0.0,
    "承载环节": "行业兜底",
    "强度画像": "承载环节=行业兜底;家数1、最高1板、早封占比1.0、开板占比0.0。早封为主=真主线承载"
  },
  {
    "大方向": "基础建设",
    "家数": 1,
    "最高连板": 1,
    "最早封板": "09:25",
    "开板占比": 0.0,
    "承载环节": "行业兜底",
    "强度画像": "承载环节=行业兜底;家数1、最高1板、早封占比1.0、开板占比0.0。早封为主=真主线承载"
  },
  {
    "大方向": "水泥",
    "家数": 1,
    "最高连板": 1,
    "最早封板": "09:35",
    "开板占比": 1.0,
    "承载环节": "行业兜底",
    "强度画像": "承载环节=行业兜底;家数1、最高1板、早封占比1.0、开板占比1.0。早封少/开板偏多=首板扩散或分歧,非高标主线"
  },
  {
    "大方向": "消费电子",
    "家数": 1,
    "最高连板": 1,
    "最早封板": "09:35",
    "开板占比": 1.0,
    "承载环节": "行业兜底",
    "强度画像": "承载环节=行业兜底;家数1、最高1板、早封占比1.0、开板占比1.0。早封少/开板偏多=首板扩散或分歧,非高标主线"
  },
  {
    "大方向": "电网设备",
    "家数": 1,
    "最高连板": 1,
    "最早封板": "09:39",
    "开板占比": 0.0,
    "承载环节": "行业兜底",
    "强度画像": "承载环节=行业兜底;家数1、最高1板、早封占比1.0、开板占比0.0。早封为主=真主线承载"
  },
  {
    "大方向": "数字媒体",
    "家数": 1,
    "最高连板": 1,
    "最早封板": "10:06",
    "开板占比": 1.0,
    "承载环节": "行业兜底",
    "强度画像": "承载环节=行业兜底;家数1、最高1板、早封占比0.0、开板占比1.0。早封少/开板偏多=首板扩散或分歧,非高标主线"
  },
  {
    "大方向": "IT服务Ⅱ",
    "家数": 1,
    "最高连板": 1,
    "最早封板": "10:11",
    "开板占比": 1.0,
    "承载环节": "行业兜底",
    "强度画像": "承载环节=行业兜底;家数1、最高1板、早封占比0.0、开板占比1.0。早封少/开板偏多=首板扩散或分歧,非高标主线"
  },
  {
    "大方向": "服装家纺",
    "家数": 1,
    "最高连板": 1,
    "最早封板": "10:23",
    "开板占比": 0.0,
    "承载环节": "行业兜底",
    "强度画像": "承载环节=行业兜底;家数1、最高1板、早封占比0.0、开板占比0.0。早封少/开板偏多=首板扩散或分歧,非高标主线"
  },
  {
    "大方向": "航空装备",
    "家数": 1,
    "最高连板": 1,
    "最早封板": "10:31",
    "开板占比": 1.0,
    "承载环节": "行业兜底",
    "强度画像": "承载环节=行业兜底;家数1、最高1板、早封占比0.0、开板占比1.0。早封少/开板偏多=首板扩散或分歧,非高标主线"
  },
  {
    "大方向": "软件开发",
    "家数": 1,
    "最高连板": 1,
    "最早封板": "10:39",
    "开板占比": 1.0,
    "承载环节": "行业兜底",
    "强度画像": "承载环节=行业兜底;家数1、最高1板、早封占比0.0、开板占比1.0。早封少/开板偏多=首板扩散或分歧,非高标主线"
  },
  {
    "大方向": "通信服务",
    "家数": 1,
    "最高连板": 1,
    "最早封板": "11:20",
    "开板占比": 0.0,
    "承载环节": "行业兜底",
    "强度画像": "承载环节=行业兜底;家数1、最高1板、早封占比0.0、开板占比0.0。早封少/开板偏多=首板扩散或分歧,非高标主线"
  },
  {
    "大方向": "化妆品",
    "家数": 1,
    "最高连板": 1,
    "最早封板": "14:11",
    "开板占比": 0.0,
    "承载环节": "行业兜底",
    "强度画像": "承载环节=行业兜底;家数1、最高1板、早封占比0.0、开板占比0.0。早封少/开板偏多=首板扩散或分歧,非高标主线"
  },
  {
    "大方向": "农产品加",
    "家数": 1,
    "最高连板": 1,
    "最早封板": "14:21",
    "开板占比": 0.0,
    "承载环节": "行业兜底",
    "强度画像": "承载环节=行业兜底;家数1、最高1板、早封占比0.0、开板占比0.0。早封少/开板偏多=首板扩散或分歧,非高标主线"
  }
]

### TOPIC_STATUS
{
  "source_status": "partial",
  "missing_fields": [
    "20260929 THS涨停池/涨停原因产物"
  ],
  "counts": {
    "total": 57,
    "mapped": 57
  },
  "档计数": {
    "A": 0,
    "B": 57,
    "C": 0
  },
  "来源明细": {
    "B": "20260929 THS涨停池/涨停原因产物缺失；大方向仅取当日zt_pool.csv所属行业，环节与催化写行业兜底/原因缺失。"
  }
}

### OPEN_VERIFY
{
  "schema_version": 1,
  "capability": "open_verification",
  "date": "20260929",
  "status": "pass",
  "sources": [
    "盘中/20260929/realtime_ticks.jsonl"
  ],
  "metrics": {
    "verified_codes": 33,
    "min_samples_per_code": 2
  },
  "errors": [],
  "note": "只验证已采集窗口，不从收盘或竞价单帧补造开盘表现"
}

### RISK
{
  "schema_version": 1,
  "capability": "risk_calendar",
  "date": "20260929",
  "status": "pass",
  "sources": [
    "_学习/_交易日历.json",
    "_学习/风险事件_20260929.json",
    "东财 RPT_LIFT_STAGE",
    "东财 RPT_SHAREBONUS_DET"
  ],
  "metrics": {
    "is_trading_day": true,
    "event_source_present": true,
    "event_source_status": "pass",
    "事件条数": 42,
    "覆盖维度": [
      "限售解禁",
      "分红除权"
    ],
    "未接入维度": [
      "财报披露日历",
      "股东大会",
      "业绩预告"
    ]
  },
  "errors": [],
  "note": "事件源缺失/降级时保持partial；不把缺事件解释成无风险；未接入维度=财报披露日历/股东大会/业绩预告（不得据此声称无此类风险）"
}

### COG_0928
[
  {
    "日期": "2026-09-28",
    "标题": "本日温度18.1为冰点，但跌停56>33、炸板率25.0%、封板率75.0%低于80%，因此不套用冰点加分，C档防守。",
    "正文": "本日温度18.1为冰点，但跌停56>33、炸板率25.0%、封板率75.0%低于80%，因此不套用冰点加分，C档防守。",
    "支撑": null,
    "档位": null,
    "类型": "结构化认知",
    "来源": "_学习/limitup判断_20260928.json#认知迭代/0",
    "可证伪条件": "若下一真实交易日温度和封板质量同步修复并且质量池实测执1均收转正，则本条边界需降权。",
    "状态": "unverified"
  },
  {
    "日期": "2026-09-28",
    "标题": "新华传媒为唯一5板，梯队缺4板，前一真实交易日到本日clean 1→2仅7.7%，最高板不能单独上修周期投票。",
    "正文": "新华传媒为唯一5板，梯队缺4板，前一真实交易日到本日clean 1→2仅7.7%，最高板不能单独上修周期投票。",
    "支撑": null,
    "档位": null,
    "类型": "结构化认知",
    "来源": "_学习/limitup判断_20260928.json#认知迭代/1",
    "可证伪条件": "若后续真实交易日出现有效4/5板承载、clean 1→2率持续>25%且封板率≥85%，则该边界可降权。",
    "状态": "unverified"
  },
  {
    "日期": "2026-09-28",
    "标题": "当日质量池33只预测执1均涨均值-0.317%，最高执1胜率45.2%，规则命中仅1只、可执行true为0只；质量Top5全部不转正式荐票。",
    "正文": "当日质量池33只预测执1均涨均值-0.317%，最高执1胜率45.2%，规则命中仅1只、可执行true为0只；质量Top5全部不转正式荐票。",
    "支撑": null,
    "档位": null,
    "类型": "结构化认知",
    "来源": "_学习/limitup判断_20260928.json#认知迭代/2",
    "可证伪条件": "连续可结算样本中质量规则命中票非一字可成交样本达到执1胜率≥55%且均收≥0%，才考虑恢复执行层权重。",
    "状态": "unverified"
  }
]

### RAW_STATS
{
  "zt_rows": 57,
  "zb_rows": 8,
  "dt_rows": 10,
  "ladder": {
    "6": 1,
    "4": 1,
    "3": 1,
    "2": 7,
    "1": 47
  },
  "reopen": 25,
  "first_le_931": 10,
  "first_le_1000": 28,
  "late_ge1400": 7,
  "first_le_925": 3,
  "top_names": [
    [
      "000678",
      "襄阳轴承",
      "3",
      "092500",
      "0",
      "149711221"
    ],
    [
      "600825",
      "新华传媒",
      "6",
      "092500",
      "0",
      "1852830251"
    ],
    [
      "603949",
      "雪龙集团",
      "4",
      "092501",
      "0",
      "146045679"
    ]
  ],
  "big_cap_gt150": [
    [
      "601238",
      "广汽集团",
      413.5,
      "0"
    ],
    [
      "600032",
      "浙江新能",
      196.5,
      "1"
    ],
    [
      "002074",
      "国轩高科",
      498.1,
      "0"
    ],
    [
      "002913",
      "奥士康",
      278.2,
      "2"
    ],
    [
      "000002",
      "万  科Ａ",
      396.4,
      "2"
    ],
    [
      "601519",
      "大智慧",
      179.2,
      "1"
    ],
    [
      "601811",
      "新华文轩",
      161.3,
      "0"
    ],
    [
      "002244",
      "滨江集团",
      260.9,
      "0"
    ],
    [
      "002815",
      "崇达技术",
      189.9,
      "1"
    ],
    [
      "605198",
      "安德利",
      177.7,
      "0"
    ]
  ],
  "reopen_top": [
    [
      3.0,
      "002912",
      "中新赛克",
      "2"
    ],
    [
      3.0,
      "002205",
      "国统股份",
      "1"
    ],
    [
      2.0,
      "605258",
      "协和电子",
      "1"
    ],
    [
      2.0,
      "600657",
      "信达地产",
      "1"
    ],
    [
      2.0,
      "301190",
      "善水科技",
      "2"
    ],
    [
      2.0,
      "002913",
      "奥士康",
      "1"
    ],
    [
      2.0,
      "002813",
      "路畅科技",
      "1"
    ],
    [
      2.0,
      "000002",
      "万  科Ａ",
      "1"
    ],
    [
      1.0,
      "688685",
      "迈信林",
      "1"
    ],
    [
      1.0,
      "603636",
      "南威软件",
      "1"
    ]
  ]
}

### PROFILE
{
  "胜率": "18/50",
  "均收": -0.19,
  "交易日数": 35
}

### PREV_LIMITUP
{
  "原档位": "C防守",
  "裁决": "维持",
  "采纳层": "结构质量层维持C档；质量Top仅作防守仪表盘，交易层空仓。",
  "置信度": 88,
  "理由": "涨停33、炸板11、跌停56、炸板率25.0%、封板率75.0%、最高5板；梯队为1板26、2板3、3板3、4板0、5板1，clean一进二仅3/39=7.7%。质量池33只预测执1均涨-0.317%、可执行true为0、规则命中1只；孤高5板不能抵消跌停、断层和全池负执行期望。",
  "对抗裁决": "采纳封板/炸板/梯队/质量池实算；下调5板高度、质量分Top和封板单项改善；存疑项为目标日先行指标缺失，昨停溢价和目标日源晋级率不补填，T+1预测不写成实测。",
  "证据路径": [
    "D:\\股票数据\\市场数据\\_学习\\limitup判断_20260928.json",
    "D:\\股票数据\\市场数据\\_学习\\fact_20260928.json",
    "D:\\股票数据\\市场数据\\_学习\\涨停质量荐票_20260928.json",
    "D:\\股票数据\\市场数据\\_学习\\涨停对链条_20260928.json",
    "D:\\股票数据\\市场数据\\_学习\\子agent增强\\战绩画像_limitup_20260928.json"
  ]
}

### PREV_ASSIGN
[]
