
[2026-08-13 15:46:06] cannot access local variable 'dry' where it is not associated with a value
Traceback (most recent call last):
  File "D:\股票数据\市场数据\盘中回应引擎.py", line 741, in <module>
    main()
  File "D:\股票数据\市场数据\盘中回应引擎.py", line 538, in main
    if not dry:
           ^^^
UnboundLocalError: cannot access local variable 'dry' where it is not associated with a value


[2026-08-13 15:46:17] cannot access local variable 'dry' where it is not associated with a value
Traceback (most recent call last):
  File "D:\股票数据\市场数据\盘中回应引擎.py", line 741, in <module>
    main()
  File "D:\股票数据\市场数据\盘中回应引擎.py", line 538, in main
    if not dry:
           ^^^
UnboundLocalError: cannot access local variable 'dry' where it is not associated with a value


[2026-08-13 21:40:25] 'NoneType' object does not support item assignment
Traceback (most recent call last):
  File "D:\股票数据\市场数据\盘中回应引擎.py", line 753, in <module>
    main()
  File "D:\股票数据\市场数据\盘中回应引擎.py", line 443, in main
    c.setdefault("auction", {})["note"] = dim_txt
    ~~~~~~~~~~~~~~~~~~~~~~~~~~~^^^^^^^^
TypeError: 'NoneType' object does not support item assignment


[2026-08-13 21:40:29] 'NoneType' object does not support item assignment
Traceback (most recent call last):
  File "D:\股票数据\市场数据\盘中回应引擎.py", line 753, in <module>
    main()
  File "D:\股票数据\市场数据\盘中回应引擎.py", line 443, in main
    c.setdefault("auction", {})["note"] = dim_txt
    ~~~~~~~~~~~~~~~~~~~~~~~~~~~^^^^^^^^
TypeError: 'NoneType' object does not support item assignment


[2026-08-13 21:40:34] 'NoneType' object does not support item assignment
Traceback (most recent call last):
  File "D:\股票数据\市场数据\盘中回应引擎.py", line 753, in <module>
    main()
  File "D:\股票数据\市场数据\盘中回应引擎.py", line 443, in main
    c.setdefault("auction", {})["note"] = dim_txt
    ~~~~~~~~~~~~~~~~~~~~~~~~~~~^^^^^^^^
TypeError: 'NoneType' object does not support item assignment


[2026-08-13 21:40:40] 'NoneType' object does not support item assignment
Traceback (most recent call last):
  File "D:\股票数据\市场数据\盘中回应引擎.py", line 753, in <module>
    main()
  File "D:\股票数据\市场数据\盘中回应引擎.py", line 443, in main
    c.setdefault("auction", {})["note"] = dim_txt
    ~~~~~~~~~~~~~~~~~~~~~~~~~~~^^^^^^^^
TypeError: 'NoneType' object does not support item assignment

