=== b_市场温度 ===
温度表: 281日 20250701~20260922
  20260907 温度59.6(中性) 涨停93 炸板19 跌停2 额19460.0 封板85.1亿
  20260908 温度42.3(偏冷) 涨停73 炸板37 跌停0 额19603.0 封板60.8亿
  20260909 温度24.2(冰点) 涨停48 炸板27 跌停7 额18556.0 封板34.4亿
  20260910 温度11.7(冰点) 涨停35 炸板22 跌停11 额19719.0 封板29.5亿
  20260911 温度12.7(冰点) 涨停40 炸板18 跌停21 额19719.0 封板35.9亿
  20260918 温度42.9(偏冷) 涨停78 炸板25 跌停0 额20315.0 封板53.2亿
  20260921 温度63.2(中性) 涨停103 炸板25 跌停2 额20315.0 封板81.6亿
  20260922 温度56.3(中性) 涨停63 炸板18 跌停3 额21356.0 封板66.8亿
[rc=0] b_市场温度
=== c_质量训练fetch ===
fetch增量: 259/3775
fetch进度: 20/259
fetch进度: 40/259
fetch进度: 60/259
fetch进度: 80/259
fetch进度: 100/259
fetch进度: 120/259
fetch进度: 140/259
fetch进度: 160/259
fetch进度: 180/259
fetch进度: 200/259
fetch进度: 220/259
fetch进度: 240/259
fetch进度: 259/259
质量库v6建成: 样本18549 窗口20250701~20260922 活跃因子8/16
  封单比: w0.2652 区分度17.7pp rho-1.0 t-6.61 有效
  首封时间: w0.2382 区分度15.9pp rho1.0 t2.53 有效
  换手率: w0.1497 区分度11.1pp rho0.8 t3.42 有效
  开板次数: w0.1378 区分度9.2pp rho1.0 t9.19 有效
  板前5日动能: w0.062 区分度4.6pp rho-0.8 t2.84 有效
  量比: w0.0539 区分度6.0pp rho0.2 t4.91 有效
  流通市值: w0.0499 区分度3.7pp rho0.8 t3.51 有效
  股价档: w0.0432 区分度6.4pp rho0.8 t2.93 翻转降权(近20日RankIC反号)
[rc=0] c_质量训练fetch
=== d_质量荐票 ===
20260922 v5打标63只(活跃因子8) | 质量Top5:
  1 新华传媒 600825 抓龙率26.4% 分2 命中7条 · 待归位·出版
    规则: 封单额≥4亿 × 封单比≥2% × 一字≤9:25; 未开板 × 封单额≥4亿 × 一字≤9:25; 未开板 × 封单额≥4亿 × 封单比≥2%; 封单额≥4亿 × 一字≤9:25 × 行业共振≥2; 封单额≥4亿 × 一字≤9:25; 封单额≥4亿 × 一字≤9:25 × 温度中性45-65; 未开板 × 封单额≥4亿 × 早封≤10:00 | 主导:  | 拖累 换手率:<3%(-0.7); 开板次数:未开板(-0.6)
  2 新华制药 000756 抓龙率20.0% 分8 命中0条 · 待归位·化学制药
    规则: 无 | 主导: 开板次数:开2次+(+2.0); 封单比:偏弱0.5-1%(+0.7); 换手率:10-20%(+0.5) | 拖累 首封时间:一字≤9:25(-0.1)
  3 联合精密 001268 抓龙率19.4% 分5 命中0条 · 待归位·家电零部
    规则: 无 | 主导: 首封时间:早盘≤10:00(+0.2); 开板次数:开1次(+0.2); 量比:爆量≥4(+0.2) | 拖累 封单比:超强≥4%(-0.3); 流通市值:微盘<30亿(-0.2)
  4 先导基电 600641 抓龙率16.9% 分8 命中0条 · 待归位·半导体
    规则: 无 | 主导: 开板次数:开2次+(+2.0); 封单比:弱<0.5%(+1.2); 股价档:≥40元(+0.4) | 拖累 量比:缩量<1(-0.3); 首封时间:秒板≤9:31(-0.2)
  5 美盈森 002303 抓龙率16.5% 分5 命中0条 · 待归位·包装印刷
    规则: 无 | 主导: 封单比:偏弱0.5-1%(+0.7); 开板次数:开1次(+0.2) | 拖累 量比:缩量<1(-0.3); 首封时间:秒板≤9:31(-0.2)
  池外候选: candidates_20260922.json 未就绪(A2扫描未跑), 本日无池外卡
[rc=0] d_质量荐票
=== e_温度卡 ===
温度卡: D:\股票数据\市场数据\_学习\市场温度卡_20260922.html
[rc=0] e_温度卡
=== f_竞价池结算 ===
20260921竞价池终结算:池21只,次日封板13/21,执行胜率5/20,均收-1.1%;按信号:{'一字': 0.19, '秒板': -1.96};按连板:{'首板': -1.03, '2板+': -1.17};按高开档:{'低开≤0': 3.68, '高开0~5': -0.56, '高开≥5': -2.37}(验证'低开有肉高开套');按评分半区:{'高分半': -0.38, '低分半': -1.82, '分界': 39.8};闸门对账:{'闸门内均收': 1.25, '闸门内只数': 7, '全池均收': -1.1}。
[rc=0] f_竞价池结算
=== g_竞价评分 ===
20260922 竞价评分: 17只 → D:\股票数据\市场数据\_学习\竞价评分_20260922.json
权重: {'信号': 0.048, '连板': 0.05, '炸板': 0.286, '封单比': 0.391, '温度': 0.115, '信号x连板': 0.111}
   50.3 智度股份(000676) 秒板·首板 封0.32 | 封单比=<0.5%(+8.0,桶均涨0.89%,n=259)
   50.3 先导基电(600641) 秒板·首板 封0.45 | 封单比=<0.5%(+8.0,桶均涨0.89%,n=259)
   44.3 伟时电子(605218) 秒板·首板 封0.08 | 封单比=<0.5%(+8.0,桶均涨0.89%,n=259)
   43.5 美盈森(002303) 秒板·2板 封0.98 | 炸板=炸1+(+3.4,桶均涨0.18%,n=1400)
   42.3 新华制药(000756) 一字·2板 封0.76 | 炸板=炸1+(+3.4,桶均涨0.18%,n=1400)
   41.2 哈药股份(600664) 秒板·2板 封1.57 | 炸板=炸1+(+3.4,桶均涨0.18%,n=1400)
   36.2 新华文轩(601811) 一字·3板 封1.08 | 炸板=未炸(-2.6,桶均涨-1.26%,n=1781)
   33.9 华媒控股(000607) 一字·2板 封3.39 | 炸板=未炸(-2.6,桶均涨-1.26%,n=1781)
   33.9 奥佳华(002614) 一字·2板 封3.65 | 炸板=未炸(-2.6,桶均涨-1.26%,n=1781)
   33.9 华远控股(600743) 一字·2板 封1.81 | 炸板=未炸(-2.6,桶均涨-1.26%,n=1781)
   33.9 南威软件(603636) 一字·2板 封2.08 | 炸板=未炸(-2.6,桶均涨-1.26%,n=1781)
   33.8 华瓷股份(001216) 一字·6板 封3.97 | 炸板=未炸(-2.6,桶均涨-1.26%,n=1781)
[rc=0] g_竞价评分
=== h_席位动向库rank ===
分档完成: 窗口20260401~20260921 笔数17032 席位429 档分布{'P': 168, 'B': 118, 'C': 75, 'A': 43, 'S': 25}
  [S] 国泰海通证券股份有限公司成都龙腾东路营业部 收缩执1 68.1%(原83.3%)/2.86% n=12⚠ 营业部
  [S] 中信建投证券股份有限公司福州东街证券营业部 收缩执1 68.0%(原80.0%)/3.59% n=15⚠ 营业部
  [S] 东方财富证券股份有限公司江苏分公司 收缩执1 66.6%(原87.5%)/3.31% n=8⚠ 营业部
  [S] 华泰证券股份有限公司上海黄浦区来福士广场证券营业部 收缩执1 66.6%(原87.5%)/2.51% n=8⚠ 营业部
  [A] 华源证券股份有限公司深圳分公司 收缩执1 66.6%(原100.0%)/0.76% n=5⚠ 营业部
  [S] 开源证券股份有限公司浙江分公司 收缩执1 64.6%(原85.7%)/3.39% n=7⚠ 营业部
  [S] 中国银河证券股份有限公司庄河世纪大街证券营业部 收缩执1 63.9%(原73.3%)/2.51% n=15⚠ 营业部
  [S] 国泰海通证券股份有限公司成都龙腾东路证券营业部 收缩执1 62.9%(原70.6%)/1.87% n=17⚠ 营业部
[rc=0] h_席位动向库rank
=== i_席位荐票 ===
20260922 席位动向(直连): 上榜66只 → 席位行360
20260922 资金结构打分52只 Top: 002141(53), 300324(52), 600721(52), 000610(51), 002172(51)
20260922 席位路Top5(S/A=68,候选9):
  1 我爱我家 000560 综合4.35 共振1 主席位[S]国泰海通证券股份有限公司成都龙腾 68.1%/2.86%⚠小样本
  2 美盈森 002303 综合4.07 共振1 主席位[S]华泰证券股份有限公司深圳彩田路证 60.7%/2.02%⚠小样本
  3 新华制药 000756 综合4.03 共振2 主席位[A]广发证券股份有限公司西安南广济街 52.6%/1.72%⚠小样本
  4 金健米业 600127 综合3.93 共振1 主席位[A]国泰海通证券股份有限公司广州珠江 56.2%/2.01%⚠小样本
  5 华仁药业 300110 综合3.67 共振1 主席位[A]国泰海通证券股份有限公司广州临江 55.0%/1.42%⚠小样本
[rc=0] i_席位荐票
=== j_资金温度 ===
资金温度: 120日 今日23分位(冷) 机构24席/6.6亿 量化11席 游资130席 | ⚠lhb页无FUNDTEMP锚,未注入
[rc=0] j_资金温度
ALL_DONE
