=== 20260716 涨停42只 → 题材线12条 / 待归位0只 ===

【医药/创新药】9只 最高5板 最早封09:25 开板占比0.67
  画像: 承载环节=业绩+基药+创新药(5板高标);家数9、最高5板、早封占比0.33、开板占比0.67。早封少/开板偏多=首板扩散或分歧,非高标主线
  ── 业绩+基药+创新药(5板高标) (1只,最早封09:25,开板占比1.0) → 分歧/末端:过半开板,封板质量差
      09:25 哈药股份(600664) 封单2.13% [开板][5板] · 中报预增+基药目录(业绩实锤,连续第5板全场最高) <A>
  ── 牛磺酸+化学制药(2板) (1只,最早封09:33,开板占比0.0) → 主线承载核心:早封多家、封板扎实
      09:33 永安药业(002365) 封单2.56% [2板] · 中报预增+牛磺酸(业绩实锤) <A>
  ── 细胞医疗(2板) (1只,最早封09:39,开板占比1.0) → 分歧/末端:过半开板,封板质量差
      09:39 南华生物(000504) 封单0.64% [开板][2板] · 细胞医疗+中报预增+湖南国资(业绩实锤) <A>
  ── 脑机接口+器械 (1只,最早封10:25,开板占比1.0) → 分歧/末端:过半开板,封板质量差
      10:25 创新医疗(002173) 封单1.47% [开板] · 医疗器械注册证公告+股份回购+脑机接口(公告实锤) <A>
  ── 创新药+脑机接口(2板) (1只,最早封11:01,开板占比1.0) → 分歧/末端:过半开板,封板质量差
      11:01 海南海药(000566) 封单1.19% [开板][2板] · 创新药+脑机接口+央企(THS) <B>
  ── AI医疗 (1只,最早封11:13,开板占比0.0) → 末端扩散:普遍晚封、情绪外溢,可复制性差
      11:13 塞力医疗(603716) 封单3.5%  · AI医疗+创新药+脑机接口(THS) <B>
  ── AI医疗-华为合作 (1只,最早封11:25,开板占比1.0) → 分歧/末端:过半开板,封板质量差
      11:25 润达医疗(603108) 封单1.45% [开板] · AI医疗+华为合作+医疗大模型出海+国企(THS) <B>
  ── 中药-创新药+国改 (1只,最早封13:12,开板占比1.0) → 分歧/末端:过半开板,封板质量差
      13:12 片仔癀(600436) 封单0.11% [开板] · 中药+创新药+国企改革(THS,大市值罕见板) <B>
  ── 中药-集采 (1只,最早封13:32,开板占比0.0) → 末端扩散:普遍晚封、情绪外溢,可复制性差
      13:32 珍宝岛(603567) 封单0.99%  · 中成药集采+中药全产业链(THS) <B>

【AI硬件/消费电子】8只 最高1板 最早封09:25 开板占比0.12
  画像: 承载环节=散热材料-石墨烯;家数8、最高1板、早封占比0.5、开板占比0.12。早封为主=真主线承载
  ── 散热材料-石墨烯 (1只,最早封09:25,开板占比0.0) → 主线承载核心:早封多家、封板扎实
      09:25 道明光学(002632) 封单2.43%  · 努比亚AI手机发布+石墨烯散热+反光材料(THS,新线首板09:25秒封) <B>
  ── 手机结构件-中框 (1只,最早封09:30,开板占比0.0) → 主线承载核心:早封多家、封板扎实
      09:30 福蓉科技(603327) 封单0.87%  · AI手机+折叠屏+苹果概念(THS) <B>
  ── 精密结构件+AI眼镜 (1只,最早封09:36,开板占比0.0) → 主线承载核心:早封多家、封板扎实
      09:36 格林精密(300968) 封单1.85%  · AI手机+AI眼镜+联想供应链(THS) <B>
  ── 声学-智能音箱/AI眼镜 (1只,最早封09:37,开板占比0.0) → 主线承载核心:早封多家、封板扎实
      09:37 国光电器(002045) 封单0.96%  · 音响电声+智能音箱+AI眼镜(THS) <B>
  ── 声学器件(北交所) (1只,最早封09:42,开板占比1.0) → 分歧/末端:过半开板,封板质量差
      09:42 豪声电子(920701) 封单0.89% [开板] · 电声器件主业随AI手机声学共振,无独立催化(北交所THS无收录) <C>
  ── 华为链+ODM (1只,最早封09:45,开板占比0.0) → 中性:环节内甄别身位
      09:45 福日电子(600203) 封单1.49%  · 消费电子+华为产业链+机器人+福建国资(THS) <B>
  ── 手机分销+鸿蒙 (1只,最早封09:51,开板占比0.0) → 中性:环节内甄别身位
      09:51 天音控股(000829) 封单0.88%  · 手机分销+鸿蒙生态+中报扭亏(业绩实锤) <A>
  ── 端侧AI模组 (1只,最早封10:07,开板占比0.0) → 末端扩散:普遍晚封、情绪外溢,可复制性差
      10:07 美格智能(002881) 封单0.6%  · 端侧AI+物理AI+算力模组+人形机器人(THS) <B>

【AI算力/半导体】6只 最高2板 最早封09:37 开板占比0.33
  画像: 承载环节=半导体材料-超纯水膜;家数6、最高2板、早封占比0.33、开板占比0.33。早封少/开板偏多=首板扩散或分歧,非高标主线
  ── 半导体材料-超纯水膜 (1只,最早封09:37,开板占比0.0) → 主线承载核心:早封多家、封板扎实
      09:37 沃顿科技(000920) 封单1.92%  · 半导体超纯水膜+盐湖提锂+央企(THS) <B>
  ── IDC/算力租赁 (1只,最早封09:38,开板占比0.0) → 主线承载核心:早封多家、封板扎实
      09:38 云赛智联(600602) 封单0.83%  · 算力租赁+人工智能+上海国资(THS,模板卡位) <B>
  ── PCB/铜箔 (1只,最早封09:44,开板占比0.0) → 中性:环节内甄别身位
      09:44 逸豪新材(301176) 封单0.15%  · PCB铜箔+AI算力+消费电子(THS) <B>
  ── AI应用-营销 (1只,最早封09:46,开板占比1.0) → 分歧/末端:过半开板,封板质量差
      09:46 电声股份(300805) 封单0.88% [开板] · AI营销+数字零售+拼多多概念(THS) <B>
  ── AI应用-华为鲸鸿/广告(2板) (1只,最早封09:46,开板占比0.0) → 中性:环节内甄别身位
      09:46 智度股份(000676) 封单1.32% [2板] · 中报预增+华为鲸鸿+互联网广告(业绩实锤) <A>
  ── 昇腾算力底座+并购 (1只,最早封09:58,开板占比1.0) → 分歧/末端:过半开板,封板质量差
      09:58 恒为科技(603496) 封单2.07% [开板] · 华为昇腾+拟收购数珩科技公告(公告实锤) <A>

【重组/跨界】4只 最高3板 最早封09:25 开板占比0.25
  画像: 承载环节=复牌+控制权变更(3板,6天5板);家数4、最高3板、早封占比0.5、开板占比0.25。早封为主=真主线承载
  ── 复牌+控制权变更(3板,6天5板) (1只,最早封09:25,开板占比0.0) → 主线承载核心:早封多家、封板扎实
      09:25 艾艾精工(603580) 封单5.1% [3板] · 控制权拟变更+复牌+轻型输送带(公告实锤) <A>
  ── 现金收购白银华鑫 (1只,最早封09:34,开板占比1.0) → 分歧/末端:过半开板,封板质量差
      09:34 凤形股份(002760) 封单2.49% [开板] · 现金收购白银华鑫公告+金属回收+数据中心耐磨材料(公告实锤) <A>
  ── 新质零售+股权转让终止(2板) (1只,最早封10:32,开板占比0.0) → 末端扩散:普遍晚封、情绪外溢,可复制性差
      10:32 新华百货(600785) 封单1.46% [2板] · 新质零售+区域零售+股权转让终止(概念+利空钝化) <C>
  ── 地产收购半导体 (1只,最早封10:58,开板占比0.0) → 末端扩散:普遍晚封、情绪外溢,可复制性差
      10:58 沙河股份(000014) 封单0.49%  · 拟收购晶华电子公告+房地产+深圳国资(公告实锤) <A>

【影视/传媒】3只 最高2板 最早封09:30 开板占比0.0
  画像: 承载环节=院线-暑期档(2板);家数3、最高2板、早封占比0.67、开板占比0.0。早封为主=真主线承载
  ── 院线-暑期档(2板) (1只,最早封09:30,开板占比0.0) → 主线承载核心:早封多家、封板扎实
      09:30 儒意电影(002739) 封单1.16% [2板] · 院线龙头+暑期档+IP潮玩(THS) <B>
  ── 互动影游/短剧+AI应用 (1只,最早封09:34,开板占比0.0) → 主线承载核心:早封多家、封板扎实
      09:34 欢瑞世纪(000892) 封单2.05%  · 互动影游+短剧+AI应用(THS) <B>
  ── AI影视+IP (1只,最早封10:52,开板占比0.0) → 末端扩散:普遍晚封、情绪外溢,可复制性差
      10:52 上海电影(601595) 封单1.32%  · AI影视+IP商业化+上海国资(THS) <B>

【机器人】3只 最高1板 最早封09:45 开板占比0.67
  画像: 承载环节=无人环卫;家数3、最高1板、早封占比0.0、开板占比0.67。早封少/开板偏多=首板扩散或分歧,非高标主线
  ── 无人环卫 (1只,最早封09:45,开板占比1.0) → 分歧/末端:过半开板,封板质量差
      09:45 劲旅环境(001230) 封单0.29% [开板] · 无人环卫+机器人+智慧环卫(THS) <B>
  ── 泵类+飞行汽车 (1只,最早封09:53,开板占比1.0) → 分歧/末端:过半开板,封板质量差
      09:53 圣龙股份(603178) 封单0.57% [开板] · 机器人+泵类龙头+飞行汽车+业绩扭亏(业绩实锤) <A>
  ── 线束/连接器(汽车跨界) (1只,最早封10:19,开板占比0.0) → 末端扩散:普遍晚封、情绪外溢,可复制性差
      10:19 天海电子(001365) 封单3.94%  · 人形机器人+汽车线束+连接器+广州国资(THS,汽车主业搭机器人) <B>

【光伏/新能源】3只 最高1板 最早封10:15 开板占比0.67
  画像: 承载环节=储能出海+配电;家数3、最高1板、早封占比0.0、开板占比0.67。早封少/开板偏多=首板扩散或分歧,非高标主线
  ── 储能出海+配电 (1只,最早封10:15,开板占比0.0) → 末端扩散:普遍晚封、情绪外溢,可复制性差
      10:15 北京科锐(002350) 封单0.98%  · 储能出海+回购提价公告+配电设备(公告实锤) <A>
  ── 风电光伏运营(新疆) (1只,最早封13:00,开板占比1.0) → 分歧/末端:过半开板,封板质量差
      13:00 立新能源(001258) 封单0.46% [开板] · 定增获批+半年报预增+风电光伏(公告实锤) <A>
  ── 光伏EPC (1只,最早封13:04,开板占比1.0) → 分歧/末端:过半开板,封板质量差
      13:04 文科股份(002775) 封单0.03% [开板] · 绿色能源+光伏+工程EPC+佛山国资(THS) <B>

【存储/半导体】2只 最高1板 最早封09:51 开板占比0.5
  画像: 承载环节=锆系材料涨价+存储关联;家数2、最高1板、早封占比0.0、开板占比0.5。早封少/开板偏多=首板扩散或分歧,非高标主线
  ── 锆系材料涨价+存储关联 (1只,最早封09:51,开板占比0.0) → 中性:环节内甄别身位
      09:51 长裕集团(603407) 封单3.55%  · 氧氯化锆涨价+存储芯片材料(THS,涨价为主存储搭边) <B>
  ── 参股长江存储 (1只,最早封13:41,开板占比1.0) → 分歧/末端:过半开板,封板质量差
      13:41 大众交通(600611) 封单0.91% [开板] · 间接投资长江存储+算力+上海出租车(THS,大市值) <B>

【待核】1只 最高4板 最早封09:32 开板占比1.0
  画像: 承载环节=退市整理(4板);家数1、最高4板、早封占比1.0、开板占比1.0。早封少/开板偏多=首板扩散或分歧,非高标主线
  ── 退市整理(4板) (1只,最早封09:32,开板占比1.0) → 分歧/末端:过半开板,封板质量差
      09:32 云创退(920305) 封单0.77% [开板][4板] · 退市整理股连板,THS无收录、无公开催化(云创数据) <C>

【地产/商贸】1只 最高2板 最早封09:30 开板占比1.0
  画像: 承载环节=家居商贸+地产(2板);家数1、最高2板、早封占比1.0、开板占比1.0。早封少/开板偏多=首板扩散或分歧,非高标主线
  ── 家居商贸+地产(2板) (1只,最早封09:30,开板占比1.0) → 分歧/末端:过半开板,封板质量差
      09:30 香江控股(600162) 封单0.5% [开板][2板] · 家居商贸+房地产(THS) <B>

【商业航天】1只 最高1板 最早封09:41 开板占比0.0
  画像: 承载环节=卫星制造/箭上电子;家数1、最高1板、早封占比0.0、开板占比0.0。早封少/开板偏多=首板扩散或分歧,非高标主线
  ── 卫星制造/箭上电子 (1只,最早封09:41,开板占比0.0) → 中性:环节内甄别身位
      09:41 星网宇达(002829) 封单0.97%  · 商业航天+无人系统+中报扭亏(业绩实锤,模板卡位) <A>

【消费】1只 最高1板 最早封10:22 开板占比1.0
  画像: 承载环节=品牌授权电商+AI应用;家数1、最高1板、早封占比0.0、开板占比1.0。早封少/开板偏多=首板扩散或分歧,非高标主线
  ── 品牌授权电商+AI应用 (1只,最早封10:22,开板占比1.0) → 分歧/末端:过半开板,封板质量差
      10:22 南极电商(002127) 封单0.91% [开板] · 品牌授权+互联网营销+AI应用+中报预增(业绩实锤) <A>
