=== limitup数据核对 20260911: 21/73 通过 ===
  ✗ ticker 涨停数=40  [走马灯未出现]
  ✗ ticker 温度=12.7  [走马灯未出现]
  ✓ hero区 涨停数=40
  ✓ hero区 炸板数=18
  ✓ hero区 跌停数=21
  ✗ hero区 温度=12.7  [hero区未出现]
  ✓ ticker 最高板=4
  ✓ hero 最高板=4
  ✓ 手写区梯队提炼(含4档中的≥1档)
  ✓ 温度卡梯队 1板=33
  ✓ 温度卡梯队 2板=4
  ✓ 温度卡梯队 3板=2
  ✓ 温度卡梯队 4板=1
  ✗ ticker 高标股名(最高4连板=瑞尔特)  [走马灯未出现最高板股]
  ✓ hero 高标股名(最高4连板=瑞尔特)
  ✗ Top5 高斯贝尔 抓龙15.7%  [表缺名称或抓龙率(高斯贝尔,15.7)]
  ✓ Top5 超声电子 抓龙15.6%
  ✓ Top5 鼎信通讯 抓龙15.3%
  ✗ Top5 风语筑 抓龙15.3%  [表缺名称或抓龙率(风语筑,15.3)]
  ✗ Top5 铭普光磁 抓龙15.0%  [表缺名称或抓龙率(铭普光磁,15.0)]
  ✗ 台账日块行数=35 vs 池=40  [行数不符(可能日块截断)]
  ✗ 台账 水发燃气603318  [池中无此票]
  ✗ 台账 金安国纪002636  [池中无此票]
  ✗ 台账 桂林旅游000978  [池中无此票]
  ✗ 瑞尔特 封单比  [页面16.9% vs 池15.87%]
  ✗ 瑞尔特 板数  [页面3板 vs 池4(涨停统计4/4)]
  ✗ 台账 新力金融600318  [池中无此票]
  ✗ 台账 津药药业600488  [池中无此票]
  ✗ 台账 新农开发600359  [池中无此票]
  ✗ 台账 国创高新002377  [池中无此票]
  ✗ 台账 云煤能源600792  [池中无此票]
  ✗ 台账 长城电工600192  [池中无此票]
  ✗ 闽东电力 首封  [页面09:33 vs 池09:25(092500)]
  ✗ 中新赛克 首封  [页面09:34 vs 池09:25(092500)]
  ✗ 中新赛克 封单比  [页面0.3% vs 池2.95%]
  ✗ 台账 太极实业600667  [池中无此票]
  ✗ 九鼎新材 首封  [页面09:38 vs 池13:36(133624)]
  ✗ 九鼎新材 封单比  [页面1.22% vs 池1.44%]
  ✗ 台账 克明食品002661  [池中无此票]
  ✗ 鼎信通讯 首封  [页面09:41 vs 池10:20(102033)]
  ✗ 鼎信通讯 封单比  [页面1.38% vs 池0.51%]
  ✗ 鼎信通讯 板数  [页面2板 vs 池3(涨停统计3/3)]
  ✗ 台账 渝三峡Ａ000565  [池中无此票]
  ✗ 台账 诚邦股份603316  [池中无此票]
  ✗ 凯盛新能 首封  [页面09:46 vs 池09:31(093130)]
  ✗ 凯盛新能 封单比  [页面0.47% vs 池0.79%]
  ✗ 台账 环旭电子601231  [池中无此票]
  ✗ 台账 芯能科技603105  [池中无此票]
  ✗ 台账 美能能源001299  [池中无此票]
  ✗ 台账 湖南发展000722  [池中无此票]
  ✗ 台账 百迈科920268  [池中无此票]
  ✗ 台账 万和电气002543  [池中无此票]
  ✗ 台账 华银电力600744  [池中无此票]
  ✗ 台账 大连重工002204  [池中无此票]
  ✗ 超声电子 首封  [页面10:28 vs 池13:04(130415)]
  ✗ 超声电子 封单比  [页面0.59% vs 池1.05%]
  ✗ 台账 再升科技603601  [池中无此票]
  ✗ 台账 游族网络002174  [池中无此票]
  ✗ 台账 天顺风能002531  [池中无此票]
  ✗ 台账 南宁百货600712  [池中无此票]
  ✗ 台账 乐山电力600644  [池中无此票]
  ✗ 台账 京基智农000048  [池中无此票]
  ✗ 台账 华金资本000532  [池中无此票]
  ✗ 台账缺票  [风华高科,众泰汽车,嘉立创,远 望 谷,拓日新能,九阳股份,银河电子,通达股份,双星新材,崇达技术,高斯贝尔,铭普光磁,神宇股份,中视传媒,光电股份,安彩高科,铜峰电子,华胜天成,内蒙一机,江南水务,天目湖,宏辉果蔬,骏亚科技,三力制药,风语筑,江苏新能,博敏电子,三孚股份,杭州热电,澳弘电子,正和生态,冠盛股份,协和电子]
  ✓ 归位档 A0
  ✗ 归位档 B40  [hero区未出现]
  ✓ 归位档 C0
  ✓ 归位映射=池数
  ✓ 归位线=bodies组
  ✓ HTML div平衡 开1072闭1072
  ✓ rowA 在 wrap 内
  ✓ ticker闭合数=4(应4)
  ✓ 一句话高标=映射最高板
FAIL 52 项 — 页面数字与数据源不一致, 禁止出页
