=== limitup数据核对 20260922: 32/32 通过 ===
  ✓ ticker 涨停数=63
  ✓ ticker 温度=57.1
  ✓ hero区 涨停数=63
  ✓ hero区 炸板数=18
  ✓ hero区 跌停数=3
  ✓ hero区 温度=57.1
  ✓ ticker 最高板=6
  ✓ hero 最高板=6
  ✓ 手写区梯队提炼(含6档中的≥1档)
  ✓ 温度卡梯队 1板=39
  ✓ 温度卡梯队 2板=17
  ✓ 温度卡梯队 3板=4
  ✓ 温度卡梯队 4板=1
  ✓ 温度卡梯队 6板=1
  ✓ 温度卡梯队 5板=1
  ✓ ticker 高标股名(最高6连板=华瓷股份)
  ✓ hero 高标股名(最高6连板=华瓷股份)
  ✓ Top5 新华传媒 抓龙26.4%
  ✓ Top5 新华制药 抓龙20.0%
  ✓ Top5 联合精密 抓龙19.4%
  ✓ Top5 先导基电 抓龙16.9%
  ✓ Top5 美盈森 抓龙16.5%
  ✓ 台账日块行数=63 vs 池=63
  ✓ 归位档 A0
  ✓ 归位档 B63
  ✓ 归位档 C0
  ✓ 归位映射=池数
  ✓ 归位线=bodies组
  ✓ HTML div平衡 开904闭904
  ✓ rowA 在 wrap 内
  ✓ ticker闭合数=4(应4)
  ✓ 一句话高标=映射最高板
PASS 全部一致
