  0%|          | 0/10 [00:00<?, ?it/s] 10%|█         | 1/10 [00:01<00:15,  1.77s/it] 20%|██        | 2/10 [00:05<00:23,  2.96s/it] 30%|███       | 3/10 [00:07<00:16,  2.39s/it] 40%|████      | 4/10 [00:09<00:12,  2.13s/it] 50%|█████     | 5/10 [00:10<00:09,  1.97s/it] 60%|██████    | 6/10 [00:12<00:07,  1.92s/it] 70%|███████   | 7/10 [00:14<00:05,  1.85s/it] 80%|████████  | 8/10 [00:15<00:03,  1.82s/it] 90%|█████████ | 9/10 [00:17<00:01,  1.85s/it]100%|██████████| 10/10 [00:19<00:00,  1.81s/it]                                               OK /sessions/relaxed-dazzling-bardeen/mnt/股票数据/市场数据/_学习/中报预增雷达_20260716.json
{"预告池(净利润·预增扭亏)": 711, "剔ST退N/C": 21, "未发酵候选": 460, "其中概念叠加": 339, "已发酵(对照)": 102, "其中刚点火": 65, "预期已兑现(r250≥100%)": 107, "行情缺失": 21, "成色A共振": 98, "成色B概念蹭": 181, "成色C低质": 60}
活跃线: AI算力/半导体,油气/煤炭,有色/电解铝,医药/创新药,机器人,电网/特高压,存储/半导体,消费,影视/传媒,物流,重组/跨界,光伏/新能源,地产/商贸,AI硬件/消费电子,商业航天,AI算力,人形机器人,创新药
成色: A共振98 B蹭181 C低质60
 A 9 001298 好上好 AI算力类 自动初判 | 动因词:机器人(题材业务=业绩来源)
 A 9 300861 美畅股份 光伏/新能源类 自动初判 | 动因词:光伏(题材业务=业绩来源)
 A 9 000818 航锦科技 AI算力类 自动初判 | 动因词:智算,算力(题材业务=业绩来源)
 A 8 002151 北斗星通 AI算力类 自动初判 | 动因词:元器件,芯片(题材业务=业绩来源)
 A 8 301099 雅创电子 AI算力类 自动初判 | 动因词:AI算力,半导体,存储,算力(题材业务=业绩来源)
 A 8 603615 茶花股份 AI算力类 自动初判 | 动因词:元器件(题材业务=业绩来源)
 A 8 002213 大为股份 AI算力类 自动初判 | 动因词:半导体,存储,新能源(题材业务=业绩来源)
 A 8 600692 亚通股份 光伏/新能源类 自动初判 | 动因词:地产(题材业务=业绩来源)
 A 8 002148 北纬科技 机器人/人形类 自动初判 | 动因词:游戏;含非经常增厚(一次性,递延确认),幅度打折
 A 8 301563 云汉芯城 AI算力类 自动初判 | 动因词:元器件(题材业务=业绩来源)
 A 8 002180 奔图科技 AI算力类 自动初判 | 动因词:芯片,集成电路(题材业务=业绩来源)
 A 8 002519 银河电子 机器人/人形类 自动初判 | 动因词:新能源(题材业务=业绩来源)
 A 8 002197 证通电子 AI算力类 自动初判 | 动因词:IDC(题材业务=业绩来源)
 A 8 002425 凯撒文化 AI算力类 自动初判 | 动因词:游戏(题材业务=业绩来源)
 A 8 002184 海得控制 AI算力类 自动初判 | 动因词:算力(题材业务=业绩来源)
 A 8 002488 金固股份 机器人/人形类 自动初判 | 动因词:新能源(题材业务=业绩来源)
 A 8 000062 深圳华强 AI算力类 自动初判 | 动因词:元器件,存储,数据中心,服务器(题材业务=业绩来源)
 A 7 601700 风范股份 电网/特高压类 自动初判 | 动因词:光伏,电网;含非经常增厚(转让),幅度打折
 A 7 002460 赣锋锂业 机器人/人形类 自动初判 | 动因词:新能源;含非经常增厚(出售),幅度打折
 A 7 000599 青岛双星 重组/跨界类 自动初判 | 动因词:重组(题材业务=业绩来源)
 A 7 002174 游族网络 AI算力类 自动初判 | 动因词:游戏(题材业务=业绩来源)
 A 7 002990 盛视科技 AI算力类 自动初判 | 动因词:算力(题材业务=业绩来源)
 A 7 002799 环球印务 医药类 自动初判 | 动因词:医药(题材业务=业绩来源)
 A 7 688385 复旦微电 AI算力类 自动初判 | 动因词:集成电路;含非经常增厚(公允价值变动),幅度打折
 A 7 001339 智微智能 AI算力类 自动初判 | 动因词:AI算力,智算,算力(题材业务=业绩来源)
 A 7 002930 宏川智慧 物流类 自动初判 | 动因词:物流(题材业务=业绩来源)
 A 7 300458 全志科技 AI算力类 自动初判 | 动因词:存储(题材业务=业绩来源)
 A 7 001266 宏英智能 AI算力类 自动初判 | 动因词:新能源(题材业务=业绩来源)
 A 7 000737 北方铜业 AI算力类 自动初判 | 动因词:有色(题材业务=业绩来源)
 A 7 002291 遥望科技 消费类 自动初判 | 动因词:IP,消费(题材业务=业绩来源)
 A 7 003022 联泓新科 光伏/新能源类 自动初判 | 动因词:新能源(题材业务=业绩来源)
 A 7 002298 中电鑫龙 AI算力类 自动初判 | 动因词:元器件,新能源(题材业务=业绩来源)
 A 7 002845 同兴达 AI算力类 自动初判 | 动因词:半导体(题材业务=业绩来源)
 A 7 000612 焦作万方 有色/电解铝类 自动初判 | 动因词:电解铝(题材业务=业绩来源)
 A 7 300531 优博讯 AI算力类 自动初判 | 动因词:IDC(题材业务=业绩来源)
 A 7 600460 士兰微 AI算力类 自动初判 | 动因词:算力(题材业务=业绩来源)
 A 7 300964 本川智能 AI算力类 自动初判 | 动因词:PCB,覆铜板(题材业务=业绩来源)
 A 7 002602 世纪华通 AI算力类 自动初判 | 动因词:IP,游戏(题材业务=业绩来源)
 A 7 301696 三瑞智能 机器人/人形类 自动初判 | 动因词:机器人(题材业务=业绩来源)
 A 7 300748 金力永磁 机器人/人形类 自动初判 | 动因词:伺服,新能源,机器人(题材业务=业绩来源)
 A 6 600395 盘江股份 油气/煤炭类 自动初判 | 动因词:煤炭(题材业务=业绩来源)
 A 6 000973 佛塑科技 光伏/新能源类 自动初判 | 动因词:新能源(题材业务=业绩来源)
 A 6 601388 怡球资源 有色/电解铝类 自动初判 | 动因词:有色(题材业务=业绩来源)
 A 6 603626 科森科技 机器人/人形类 自动初判 | 动因词:医疗,消费,消费电子;含非经常增厚(出售),幅度打折
 A 6 603316 诚邦股份 AI算力类 自动初判 | 动因词:半导体,存储(题材业务=业绩来源)
 A 6 002745 木林森 AI算力类 自动初判 | 动因词:芯片(题材业务=业绩来源)
 A 6 600884 杉杉股份 光伏/新能源类 自动初判 | 动因词:新能源(题材业务=业绩来源)
 A 6 688005 容百科技 光伏/新能源类 自动初判 | 动因词:新能源(题材业务=业绩来源)
 A 6 300607 拓斯达 机器人/人形类 自动初判 | 动因词:机器人;含非经常增厚(减值损失同比),幅度打折
 A 6 300980 祥源新材 机器人/人形类 自动初判 | 动因词:消费,消费电子;含非经常增厚(转让),幅度打折
 A 6 001287 中电港 AI算力类 自动初判 | 动因词:人工智能,元器件,存储,数据中心(题材业务=业绩来源)
 A 6 603068 博通集成 AI算力类 自动初判 | 动因词:人工智能,芯片(题材业务=业绩来源)
 A 6 600366 宁波韵升 机器人/人形类 自动初判 | 动因词:新能源,消费,消费电子(题材业务=业绩来源)
 A 6 603330 天洋新材 光伏/新能源类 自动初判 | 动因词:光伏(题材业务=业绩来源)
 A 6 603331 百达精工 机器人/人形类 自动初判 | 动因词:光伏;含非经常增厚(资产处置),幅度打折
 A 6 601212 白银有色 AI算力类 自动初判 | 动因词:有色;含非经常增厚(公允价值变动),幅度打折
 A 6 600770 综艺股份 AI算力类 自动初判 | 动因词:半导体(题材业务=业绩来源)
 A 6 002439 启明星辰 AI算力类 自动初判 | 动因词:算力(题材业务=业绩来源)
 A 6 600185 珠免集团 地产/商贸类 自动初判 | 动因词:地产;含非经常增厚(汇兑),幅度打折
 A 6 000790 华神科技 医药类 自动初判 | 动因词:医药(题材业务=业绩来源)
 A 6 000100 TCL科技 AI算力类 自动初判 | 动因词:光伏,半导体,存储,新能源(题材业务=业绩来源)
 A 6 000736 中交发展 地产/商贸类 自动初判 | 动因词:地产(题材业务=业绩来源)
 A 6 002824 和胜股份 光伏/新能源类 自动初判 | 动因词:新能源(题材业务=业绩来源)
 A 6 600833 第一医药 医药类 自动初判 | 动因词:医药(题材业务=业绩来源)
 A 6 600550 保变电气 电网/特高压类 自动初判 | 动因词:电网(题材业务=业绩来源)
 A 6 603985 恒润股份 AI算力类 自动初判 | 动因词:算力(题材业务=业绩来源)
 A 6 600969 郴电国际 光伏/新能源类 自动初判 | 动因词:新能源(题材业务=业绩来源)
 A 6 002741 光华科技 AI算力类 自动初判 | 动因词:PCB(题材业务=业绩来源)
 A 6 300199 翰宇药业 AI算力类 自动初判 | 动因词:创新药(题材业务=业绩来源)
 A 6 000725 京东方A AI算力类 自动初判 | 动因词:存储,消费,消费电子(题材业务=业绩来源)
 A 6 002979 雷赛智能 机器人/人形类 自动初判 | 动因词:芯片(题材业务=业绩来源)
 A 6 600186 莲花控股 AI算力类 自动初判 | 动因词:消费(题材业务=业绩来源)
 A 6 601677 明泰铝业 AI算力类 自动初判 | 动因词:元器件,新能源,液冷,覆铜板(题材业务=业绩来源)
 A 5 688449 联芸科技 AI算力类 自动初判 | 动因词:存储,数据中心,芯片(题材业务=业绩来源)
 A 5 000042 中洲控股 地产/商贸类 自动初判 | 动因词:地产(题材业务=业绩来源)
 A 5 600971 恒源煤电 油气/煤炭类 自动初判 | 动因词:煤炭(题材业务=业绩来源)
 A 5 002925 盈趣科技 AI算力类 自动初判 | 动因词:消费,消费电子;含非经常增厚(公允价值变动,汇兑),幅度打折
 A 5 600292 电投水电 重组/跨界类 自动初判 | 动因词:新能源,重组(题材业务=业绩来源)
 A 5 300159 新研股份 商业航天类 自动初判 | 动因词:航天;含非经常增厚(重整),幅度打折
 A 5 300037 新宙邦 AI算力类 自动初判 | 动因词:半导体,新能源,算力;含非经常增厚(补助),幅度打折
 A 5 002768 国恩股份 机器人/人形类 自动初判 | 动因词:新能源(题材业务=业绩来源)
 A 5 002077 大港股份 AI算力类 自动初判 | 动因词:集成电路;含非经常增厚(公允价值变动,补助),幅度打折
 A 5 300602 飞荣达 AI算力类 自动初判 | 动因词:存储,机器人,消费,消费电子(题材业务=业绩来源)
 A 5 600123 兰花科创 油气/煤炭类 自动初判 | 动因词:煤炭(题材业务=业绩来源)
 A 4 002452 长高电气 电网/特高压类 自动初判 | 动因词:输变电;含非经常增厚(公允价值变动,出售),幅度打折
 A 4 000552 甘肃能化 油气/煤炭类 自动初判 | 动因词:煤炭(题材业务=业绩来源)
 A 4 002805 丰元股份 光伏/新能源类 自动初判 | 动因词:新能源;含非经常增厚(补助),幅度打折
 A 4 601828 美凯龙 地产/商贸类 自动初判 | 动因词:地产;含非经常增厚(公允价值变动,减值损失同比),幅度打折
 A 4 600322 津投城开 地产/商贸类 自动初判 | 动因词:地产;含非经常增厚(出售),幅度打折
 A 4 002039 黔源电力 光伏/新能源类 自动初判 | 动因词:光伏(题材业务=业绩来源)
 A 4 600233 圆通速递 物流类 自动初判 | 动因词:物流(题材业务=业绩来源)
 A 4 000623 吉林敖东 医药类 自动初判 | 动因词:医药(题材业务=业绩来源)
 A 4 600546 山煤国际 油气/煤炭类 自动初判 | 动因词:煤炭(题材业务=业绩来源)
 A 4 601225 陕西煤业 油气/煤炭类 自动初判 | 动因词:煤炭;含非经常增厚(出售),幅度打折
 A 3 000426 兴业银锡 有色/电解铝类 自动初判 | 动因词:有色;含非经常增厚(转让),幅度打折
 A 3 603139 康惠股份 医药类 自动初判 | 动因词:医药,生物医药(题材业务=业绩来源)
 A 3 601168 西部矿业 有色/电解铝类 自动初判 | 动因词:有色(题材业务=业绩来源)
 A 3 688690 纳微科技 医药类 自动初判 | 动因词:疫苗(题材业务=业绩来源)
[AI算力类] 119只: 亿道信息 天津普林 雅创电子 盛视科技 智微智能 航锦科技 移为通信 中电港 日海智能 红板科技 证通电子 中国长城 本川智能 恒润股份 世纪华通 科华数据 莲花控股 飞荣达 特发信息 复旦微电 好上好 云汉芯城 全志科技 中电鑫龙 优博讯 新宙邦 中熔电气 人民网 新朋股份 大为股份 诺德股份 拉卡拉 盈趣科技 同兴达 综艺股份 启明星辰 德赛电池 统一股份 TCL科技 士兰微 海得控制 深圳华强 光华科技 大恒科技 南天信息 木林森 永冠新材 九联科技 京东方A 慈星股份 新北洋 北斗星通 歌华有线 嘉元科技 联芸科技 华孚时尚 龙蟠科技 传智教育 永太科技 游族网络 诚邦股份 金域医学 国轩高科 海南高速 新安股份 四川长虹 苏州高新 恒大高新 赛意信息 宏英智能 金城医药 北方铜业 三六零 博通集成 西陇科学 东方嘉盛 视觉中国 金证股份 卫星化学 白银有色 奔图科技 北投科技 杭钢股份 思美传媒 凯撒文化 中金岭南 实益达 银禧科技 永和股份 苏州固锝 北京利尔 安孚科技 包钢股份 吉宏股份 泽宇智能 天娱数科 泛微网络 生物股份 中晶科技 青木科技 翰宇药业 兴通股份 华勤技术 明泰铝业 华丰股份 力鼎光电 中兵红箭 智光电气 泰和科技 华东重机 奥普光电 大港股份 厦门信达 和顺石油 海立股份 茶花股份 滨化股份 华创云信 常青科技
[机器人/人形类] 38只: 拓斯达 宁波韵升 三瑞智能 雷赛智能 金力永磁 凯尔达 东方精工 百达精工 音飞储存 亿纬锂能 永创智能 松霖科技 中重科技 宁波东力 振江股份 赣锋锂业 方正电机 科森科技 永茂泰 宁波华翔 北纬科技 顺景科技 鹿山新材 祥源新材 德新科技 联诚精密 日发精机 银河电子 东风科技 国恩股份 威海广泰 韶能股份 朗迪集团 中伟新材 科达制造 金固股份 天和磁材 中原内配
[光伏/新能源类] 38只: 三峡水利 容百科技 云铝股份 联泓新科 双星新材 长源电力 德业股份 恩捷股份 佛塑科技 上海艾录 杉杉股份 亚通股份 广西能源 美畅股份 方大集团 常青股份 合盛硅业 粤桂股份 丰元股份 天洋新材 通达电气 福华尚纬 天成自控 川能动力 西昌电力 远东传动 和胜股份 黔源电力 郴电国际 中通客车 东方盛虹 天赐材料 石大胜华 西上海 山东玻纤 众泰汽车 盐湖股份 天顺风能
[地产/商贸类] 34只: 中洲控股 世荣兆业 富森美 轻纺城 珠免集团 新黄浦 美凯龙 中交发展 金科股份 津投城开 渤海租赁 广百股份 中国人寿 国芳集团 丽人丽妆 中泰证券 中成股份 南宁百货 华安证券 财达证券 招商证券 五矿资本 华西证券 长江证券 越秀资本 广发证券 东北证券 财通证券 中信证券 中信建投 上海临港 华泰证券 汇嘉时代 新华保险
[有色/电解铝类] 33只: 中国铝业 怡球资源 宁波富邦 中稀有色 盛达资源 永杉锂业 深圳新星 兴业银锡 焦作万方 西部矿业 隆达股份 恒邦股份 铜陵有色 江西铜业 盛屯矿业 鹏欣资源 金徽股份 中金黄金 赤峰黄金 山金国际 天齐锂业 中矿资源 西藏矿业 招金黄金 西部黄金 丽岛新材 永杰新材 永兴材料 盛和资源 北方稀土 四川黄金 紫金矿业 湖南黄金
[消费类] 17只: 拉芳家化 永辉超市 百联股份 遥望科技 安洁科技 豫园股份 舒华体育 金发拉比 中信金属 中炬高新 诚志股份 大连圣亚 三夫户外 曲江文旅 天味食品 五粮液 三利谱
[医药类] 12只: 环球印务 康惠股份 辽宁成大 纳微科技 开开实业 第一医药 沃华医药 吉林敖东 华神科技 易明医药 汉森制药 亚世光电
[油气/煤炭类] 11只: 广汇能源 盘江股份 恒源煤电 甘肃能化 山煤国际 陕西煤业 兰花科创 东华能源 南京公用 蓝科高新 潞化科技
[电网/特高压类] 9只: 风范股份 保变电气 长高电气 恒星科技 中山公用 宝胜股份 新联电子 东方铁塔 佳电股份
[物流类] 9只: 远大控股 上海雅仕 宏川智慧 海程邦达 交运股份 圆通速递 金龙汽车 申通快递 韵达股份
[传媒类] 8只: 吉比特 雅化集团 中国船舶 景兴纸业 生意宝 浙富控股 浙江东方 兴业证券
[重组/跨界类] 6只: 青岛双星 电投水电 中金公司 一汽解放 哈森股份 湘财股份
[商业航天类] 5只: 航天彩虹 新研股份 东方通信 北化股份 航发动力
