  (WARN) 6有行业口径合计19 < 对链条40——口径注:未归位不计入偏保守, 合法
  ✓ 结构化产物 题材生命周期判断_20260911.json 键齐全  [OK]
  ✓ 结构化产物 题材生命周期判断_20260911.json 逐线判断≥3条  [实际6条]
  ✓ 结构化产物 题材龙头判断_20260911.json 键齐全  [OK]
  ✓ 机器锚 THEMEBATTLE 开闭成对  [开1/闭1]
  ✓ 机器锚 6YOU 开闭成对  [开1/闭1]
  ✓ 机器锚 FOURDIM 开闭成对  [开1/闭1]
  ✓ 机器锚 LIFECYCLE 开闭成对  [开1/闭1]
  ✓ h2 板块一 唯一  [出现1次]
  ✓ h2 板块二 唯一  [出现1次]
  ✓ h2 板块三 唯一  [出现1次]
  ✓ 旧 research/cognition 模块已移除  [只保留标准能力进化模块]
  ✓ matrix旧证据卡组已移除  [剩余0个]
  ✓ lifecycle旧证据卡组已移除  [剩余0个]
  ✓ h2 三业务+两能力模块齐全  [实际5个]
  ✓ 能力进化模块恰为2组  [实际2组]
  ✓ 能力模块四编号顺延  [标题编号匹配]
  ✓ 能力模块四展示组件齐全  [evo-stats/evo-list]
  ✓ 能力模块五编号顺延  [标题编号匹配]
  ✓ 能力模块五展示组件齐全  [evo-stats/evo-list]
  ✓ 能力模块样式ID唯一  [实际1]
  ✓ PAPERTRADE 锚开闭配对  [开1/闭1]
  ✓ 题材归位(唯一真源)存在
  ✓ 涨停对链条存在
  ✓ 主流题材6有存在
  ✓ 四维含当日条目
  ✓ judgment存在
  ✓ zt_pool存在
  ✓ 对链条涨停总数==归位映射数+待归位数  [对链条40 vs 归位40+待归位0]
  ✓ 每线家数 归位==对链条  [一致]
  ✓ 归位大方向数==对链条题材线数  [归位22 vs 对链条22]
  ✓ 待归位仅ST股(非ST待归位=归位不完整)  [仅0只ST股(独立行情合法)]
  ✓ 归位覆盖==zt_pool非ST涨停(ST股独立行情不归题材)  [zt非ST40 vs 归位40; 差=0]
  ✓ 6有题材列表非空  [4条]
  ✓ 6有得分∈1-6
  ✓ 6有判定枚举合法  [{'分支'}]
  ✓ 四维每线字段完整(含环比/晋级率显式)  [完整]
  ✓ 四维线数==归位大方向数  [四维22 vs 归位22]
  ✓ 四维高度==对链条最高连板  [一致]
  ✓ bodies.theme 存在(题材命门判断产物)  [0KB]
  ✓ bodies h2板块一 存在
  ✓ bodies h2板块二 存在
  ✓ bodies h2板块三 存在
  ✓ bodies h2板块四 存在
  ✓ bodies h2板块五 存在
  ✓ judgment bodies 多路齐全  [7路]
  ✓ bodies.theme 内代码∈zt_pool  [全在池内]
  ✓ 战场全貌含 Top1 归位线  [待归位·元件]
  ✓ 6有卡含 Top1 题材  [电力]
  ✓ 四维卡含最宽线  [待归位·元件]
  ✓ fact归位ABC==归位文件实算  [fact A0/B40/C0 vs 实算 ANone/B40/CNone]
  ✓ fact题材线数==对链条  [fact22 vs 对链条22]
PASS 全部一致 (51项)
