===== 4a 五路T+1结算 =====
  File "C:\Users\66353\AppData\Roaming\uv\python\cpython-3.12-windows-x86_64-none\Lib\subprocess.py", line 571, in run
    raise CalledProcessError(retcode, process.args,
subprocess.CalledProcessError: Command '['D:\\股票数据\\.venv312\\Scripts\\python.exe', 'D:\\股票数据\\市场数据\\涨停复盘台账.py']' returned non-zero exit status 1.
无题材荐票发出版,跳过
无逻辑荐票发出版,写空仓结算文件 20260821
⚠ lhb页无LHBLEDGER锚,未注入(先重构lhb页)
08-21 席位路结算: 胜率0/0 均收None% | 卡已原位回填
反思: 20260821席位路Top5待T+1收盘结算(首期)。
===== 4b 市场温度 =====
  20260820 温度29.4(偏冷) 涨停79 炸板46 跌停12 额20794.0 封板87.7亿
  20260821 温度23.4(冰点) 涨停54 炸板18 跌停13 额18793.0 封板57.4亿
  20260824 温度20.8(冰点) 涨停46 炸板16 跌停11 额20075.0 封板46.4亿
===== 4c 涨停质量训练 =====
  量比: w0.052 区分度6.2pp rho0.2 t4.71 有效
  股价档: w0.0461 区分度6.6pp rho1.0 t3.07 翻转降权(近20日RankIC反号)
  流通市值: w0.0257 区分度4.1pp rho0.8 t3.41 翻转降权(近20日RankIC反号)
===== 4d 涨停质量荐票 =====
  5 南网能源 003035 抓龙率15.9% 分7 命中0条 · 算力/虚拟电厂
    规则: 无 | 主导: 开板次数:开2次+(+2.1); 封单比:弱<0.5%(+1.2); 板前5日动能:回调<-3%(+0.3) | 拖累 换手率:<3%(-0.6); 题材共振:孤板1只(-0.3)
  池外候选: candidates_20260824.json 未就绪(A2扫描未跑), 本日无池外卡
===== 4e 市场温度卡 =====
温度卡: D:\股票数据\市场数据\_学习\市场温度卡_20260824.html
===== 4f 竞价池结算 =====
[补缺B] 已回补 1 条 全场涨停均收
20260821竞价池终结算:池13只,次日封板6/13,执行胜率5/13,均收0.19% vs 全场涨停16.07%(增益-15.88pp);按信号:{'一字': 0.21, '秒板': 0.18};按连板:{'首板': -0.9, '2板+': 1.13};按高开档:{'低开≤0': -0.44, '高开0~5': 5.11, '高开≥5': 0.0}(验证'低开有肉高开套');按评分半区:{'高分半': -0.04, '低分半': 0.47, '分界': 43.3};闸门对账:{'闸门内均收': 0.36, '闸门内只数': 7, '全池均收': 0.19}。
===== 4g 竞价评分 =====
   34.1 众合科技(000925) 一字·首板 封2.81 | 炸板=未炸(-3.0,桶均涨-1.27%,n=1645)
   34.1 中南文化(002445) 一字·首板 封2.49 | 炸板=未炸(-3.0,桶均涨-1.27%,n=1645)
   34.1 华阳集团(002906) 一字·首板 封2.2 | 炸板=未炸(-3.0,桶均涨-1.27%,n=1645)
===== 4h 席位动向库 =====
  [S] 国海证券股份有限公司上海世纪大道证券营业部 收缩执1 64.5%(原85.7%)/3.12% n=7⚠ 营业部
  [S] 中国银河证券股份有限公司庄河世纪大街证券营业部 收缩执1 63.8%(原73.3%)/2.49% n=15⚠ 营业部
  [S] 中信建投证券股份有限公司福州东街证券营业部 收缩执1 63.0%(原77.8%)/2.57% n=9⚠ 营业部
===== 4i 席位荐票 =====
  3 湖南白银 002716 综合6.97 共振2 主席位[A]国泰海通证券股份有限公司武汉紫阳 55.1%/0.72%
  4 天洋新材 603330 综合6.0 共振1 主席位[A]国泰海通证券股份有限公司武汉紫阳 55.1%/0.72%
  5 百花医药 600721 综合4.1 共振1 主席位[S]中信建投证券股份有限公司福州东街 63.0%/2.57%⚠小样本
===== 4j 资金温度 =====
资金温度: 99日 今日2分位(冷) 机构18席/3.2亿 量化14席 游资114席 | ⚠lhb页无FUNDTEMP锚,未注入
===== 4k 中报预增雷达 =====
f10进度 75
f10进度 90
f10进度 105
