[19:31:17] == 监控启动 ==
[19:31:17] ★里程碑达成: M0 取数六件套
[19:31:17] ★里程碑达成: M2 先行指标卡
[19:31:17] ★里程碑达成: M11 台账注入/收集器
[19:31:17]   新文件: _学习\先行指标卡_20260903.html (19:30)
[19:31:17]   新文件: _学习\先行指标灯_20260903.html (19:30)
[19:31:17]   新文件: _学习\盘中尾盘复盘_20260903.md (19:30)
[19:32:47]   新文件: _学习\涨停原因_20260903.json (19:31)
[19:34:17] ★里程碑达成: M1 题材归位
[19:34:17]   新文件: _学习\主流题材6有_20260903.json (19:33)
[19:34:17]   新文件: _学习\涨停对链条_20260903.json (19:33)
[19:34:17]   新文件: _学习\题材归位_20260903.json (19:33)
[19:37:17] ★里程碑达成: M4 竞价评分
[19:37:17] ★里程碑达成: M5 席位荐票
[19:37:17] ★里程碑达成: M6 质量荐票
[19:37:17]   新文件: _学习\市场温度卡_20260903.html (19:36)
[19:37:17]   新文件: _学习\席位荐票_20260903.json (19:37)
[19:37:17]   新文件: _学习\席位荐票卡_20260903.html (19:37)
[19:37:17]   新文件: _学习\涨停质量荐票_20260903.json (19:36)
[19:37:17]   新文件: _学习\涨停质量荐票卡_20260903.html (19:36)
[19:37:17]   新文件: _学习\竞价池发出_20260903.json (19:37)
[19:37:17]   新文件: _学习\竞价评分_20260903.json (19:37)
[19:37:17]   新文件: _学习\竞价评分卡_20260903.html (19:37)
[19:37:17]   新文件: _学习\竞价评分库卡_20260903.html (19:37)
[19:37:17]   新文件: _学习\质量库折叠_20260903.html (19:36)
[19:37:17]   新文件: _学习\资金结构分_20260903.json (19:37)
[19:40:17]   新文件: _学习\iwencai盘后_20260903.json (19:40)
[19:46:17] ★里程碑达成: M10 judgment骨架
[19:46:17]   新文件: _学习\judgment_20260903.json (19:45)
[19:49:17]   新文件: _学习\中报预增雷达_20260903.json (19:48)
[19:49:17]   新文件: _学习\待深挖清单_20260903.json (19:48)
[19:49:17]   新文件: _学习\自主拓展清单_20260903.json (19:48)
[19:52:17]   新文件: _学习\题材生命周期_20260903.json (19:51)
[19:53:47]   新文件: _学习\涨停甜点_20260903.json (19:52)
[20:01:17]   新文件: _学习\auction判断_20260903.json (20:00)
[20:01:17]   新文件: _学习\交易计划_auction_20260903.json (20:00)
[20:02:47]   新文件: _学习\auction_body_20260903.html (20:02)
[20:02:47]   新文件: _学习\lhb判断_20260903.json (20:01)
[20:04:17]   新文件: _学习\lhb_body_20260903.html (20:03)
[20:04:17]   新文件: _学习\theme判断_20260903.json (20:03)
[20:04:17]   新文件: _学习\交易计划_lhb_20260903.json (20:03)
[20:04:17]   新文件: _学习\交易计划_theme_20260903.json (20:03)
[20:04:17]   新文件: _学习\题材生命周期判断_20260903.json (20:03)
[20:04:17]   新文件: _学习\题材荐票_20260903.json (20:03)
[20:04:17]   新文件: _学习\题材龙头判断_20260903.json (20:03)
[20:05:47]   新文件: _学习\theme_body_20260903.html (20:04)
[20:14:47]   新文件: _学习\limitup判断_20260903.json (20:13)
[20:16:17]   新文件: _学习\logic判断_20260903.json (20:15)
[20:17:47]   新文件: _学习\limitup_body_20260903.html (20:16)
[20:17:47]   新文件: _学习\logic_body_20260903.html (20:16)
[20:17:47]   新文件: _学习\交易计划_limitup_20260903.json (20:16)
[20:17:47]   新文件: _学习\交易计划_logic_20260903.json (20:16)
[20:26:47] ★里程碑达成: M8 总审
[20:26:47]   新文件: _学习\总审_20260903.json (20:26)
[20:32:47] ★里程碑达成: M9 推演
[20:32:47]   新文件: _学习\交易计划_master_20260903.json (20:31)
[20:32:47]   新文件: _学习\推演_20260903.json (20:31)
[20:37:17]   新文件: _学习\自主拓展应答_20260903.json (20:36)
[20:40:18]   新文件: _学习\fact_20260903.json (20:39)
[20:46:18] ★盯盘台index已更新: 09-03_20:45
[20:46:18]   新文件: _学习\周期主判_20260903.json (20:44)
[20:46:18]   新文件: _学习\周期投票_auction_20260903.json (20:44)
[20:46:18]   新文件: _学习\周期投票_lhb_20260903.json (20:44)
[20:46:18]   新文件: _学习\周期投票_limitup_20260903.json (20:44)
[20:46:18]   新文件: _学习\周期投票_logic_20260903.json (20:44)
[20:46:18]   新文件: _学习\周期投票_theme_20260903.json (20:44)
[20:46:18]   新文件: _学习\周期投票牌_20260903.html (20:44)
[20:46:18]   新文件: _学习\周期投票结果_20260903.json (20:44)
[20:46:18]   新文件: _学习\资金温度卡_20260903.html (20:45)
